Starting process: 

Configuration data saved


SCUBA, Version Diamond (64-bit) 3.14.0.75.2
Sat Feb 22 16:53:12 2025

Copyright (c) 1991-1994 by NeoCAD Inc. All rights reserved.
Copyright (c) 1995 AT&T Corp.   All rights reserved.
Copyright (c) 1995-2001 Lucent Technologies Inc.  All rights reserved.
Copyright (c) 2001 Agere Systems   All rights reserved.
Copyright (c) 2002-2024 Lattice Semiconductor Corporation,  All rights reserved.

BEGIN SCUBA Module Synthesis

    Issued command   : C:\lscc\diamond\3.14\ispfpga\bin\nt64\scuba.exe -w -n pll_gen -lang vhdl -synth synplify -bus_exp 7 -bb -arch sa5p00 -type pll -fin 20 -fclkop 100.00 -fclkop_tol 0.0 -fclkos 100.00 -fclkos_tol 0.0 -phases 90 -fclkos2 20.00 -fclkos2_tol 0.0 -phases2 0 -fclkos3 10.00 -fclkos3_tol 0.0 -phases3 0 -phase_cntl STATIC -rst -lock -fb_mode 1 
    Circuit name     : pll_gen
    Module type      : pll
    Module Version   : 5.7
    Ports            : 
	Inputs       : CLKI, RST
	Outputs      : CLKOP, CLKOS, CLKOS2, CLKOS3, LOCK
    I/O buffer       : not inserted
    EDIF output      : pll_gen.edn
    VHDL output      : pll_gen.vhd
    VHDL template    : pll_gen_tmpl.vhd
    VHDL purpose     : for synthesis and simulation
    Bus notation     : big endian
    Report output    : pll_gen.srp
    Estimated Resource Usage:

END   SCUBA Module Synthesis

File: pll_gen.lpc created.


End process: completed successfully.


Total Warnings:  0

Total Errors:  0


