{
"Synplify Pro (R) Job Log" : {
	"Date" : "16:53:24    22-Feb-2025",
	"Working Directory" : "C:/work/Diamond/zz_customer/VHDL/Sysmex/05_20250221/PCBNo.10082_20250221/RTL/IPcore/pll_gen/syn_results",
	"Install" : "C:/lscc/diamond/3.14/synpbase"
},
"syn_results" :{
   "Job Flow" : "Sequential",
   "Start Time" : "16:53:15",
   "Runtime" : "09s",
   "Executable Run Time" : "06s",
   "synthesis" : {
      "Job Flow" : "Sequential",
      "Start Time" : "16:53:15",
      "Runtime" : "09s",
      "Executable Run Time" : "06s",
      "compile" : {
         "Job Flow" : "Sequential",
         "Start Time" : "16:53:15",
         "Runtime" : "05s",
         "Executable Run Time" : "03s",
         "compile_flow" : {
            "Job Flow" : "Sequential",
            "Start Time" : "16:53:15",
            "Runtime" : "03s",
            "Executable Run Time" : "01s",
            "compiler" : {
               "executable" : "bin64/c_hdl.exe",
               "Run Directory" : "C:/work/Diamond/zz_customer/VHDL/Sysmex/05_20250221/PCBNo.10082_20250221/RTL/IPcore/pll_gen/syn_results",
               "Run State" : "Complete",
               "Return Code" : "0",
               "Has Errors" : "no",
               "Run Start Time" : "16:53:15",
               "Run Time" : "03s",
               "Exe Run Time" : "01s",
               "Memory Usage" : "-",
               "Up-to-date (run skipped)" : "no"
            },
            "multi_srs_gen" : {
               "executable" : "bin64/syn_nfilter.exe",
               "Run Directory" : "C:/work/Diamond/zz_customer/VHDL/Sysmex/05_20250221/PCBNo.10082_20250221/RTL/IPcore/pll_gen/syn_results",
               "Run State" : "Complete",
               "Return Code" : "0",
               "Has Errors" : "no",
               "Run Start Time" : "16:53:18",
               "Run Time" : "00s",
               "Exe Run Time" : "00s",
               "Memory Usage" : "-",
               "Up-to-date (run skipped)" : "no"
            }
         },
         "premap" : {
            "executable" : "bin64/m_gen_lattice.exe",
            "Run Directory" : "C:/work/Diamond/zz_customer/VHDL/Sysmex/05_20250221/PCBNo.10082_20250221/RTL/IPcore/pll_gen/syn_results",
            "Run State" : "Complete",
            "Return Code" : "0",
            "Has Errors" : "no",
            "Run Start Time" : "16:53:18",
            "Run Time" : "02s",
            "Exe Run Time" : "02s",
            "Memory Usage" : "-",
            "Up-to-date (run skipped)" : "no"
         }
      },
      "map" : {
         "Job Flow" : "Sequential",
         "Start Time" : "16:53:21",
         "Runtime" : "03s",
         "Executable Run Time" : "03s",
         "fpga_mapper" : {
            "executable" : "bin64/m_gen_lattice.exe",
            "Run Directory" : "C:/work/Diamond/zz_customer/VHDL/Sysmex/05_20250221/PCBNo.10082_20250221/RTL/IPcore/pll_gen/syn_results",
            "Run State" : "Complete",
            "Return Code" : "1",
            "Has Errors" : "no",
            "Run Start Time" : "16:53:21",
            "Run Time" : "03s",
            "Exe Run Time" : "03s",
            "Memory Usage" : "-",
            "Up-to-date (run skipped)" : "no"
         }
      }
   }
}
}