Running in Lattice mode

                               Synplify Pro (R) 

                Version U-2023.03L-SP1 for win64 - Aug 10, 2023 

                    Copyright (c) 1988 - 2023 Synopsys, Inc.
   This software and the associated documentation are proprietary to Synopsys,
 Inc. This software may only be used in accordance with the terms and conditions
 of a written license agreement with Synopsys, Inc. All other use, reproduction,
   or distribution of this software is strictly prohibited.  Licensed Products
     communicate with Synopsys servers for the purpose of providing software
    updates, detecting software piracy and verifying that customers are using
    Licensed Products in conformity with the applicable License Key for such
  Licensed Products. Synopsys will use information gathered in connection with
    this process to deliver software updates and pursue software pirates and
                                   infringers.

 Inclusivity & Diversity - Visit SolvNetPlus to read the "Synopsys Statement on
            Inclusivity and Diversity" (Refer to article 000036315 at
                        https://solvnetplus.synopsys.com)

Starting:    C:\lscc\diamond\3.13\synpbase\bin64\mbin\synbatch.exe
Install:     C:\lscc\diamond\3.13\synpbase
Hostname:    SCPP006598
Date:        Wed Jan 28 14:52:56 2026
Version:     U-2023.03L-SP1

Arguments:   -product synplify_base -batch C:/work/S127M/PCBNo_10081/SP0557_rev02_00/RTL/IPcore/pll_gen/syn_results/pll_gen.prj
ProductType: synplify_pro




log file: "C:\work\S127M\PCBNo_10081\SP0557_rev02_00\RTL\IPcore\pll_gen\syn_results\pll_gen.srr"
Running: syn_results in foreground

Running pll_gen|syn_results

Running Flow: compile (Compile) on pll_gen|syn_results
# Wed Jan 28 14:52:56 2026

Running Flow: compile_flow (Compile Process) on pll_gen|syn_results
# Wed Jan 28 14:52:56 2026

Running: compiler (Compile Input) on pll_gen|syn_results
# Wed Jan 28 14:52:56 2026
Copied C:\work\S127M\PCBNo_10081\SP0557_rev02_00\RTL\IPcore\pll_gen\syn_results\synwork\pll_gen_comp.srs to C:\work\S127M\PCBNo_10081\SP0557_rev02_00\RTL\IPcore\pll_gen\syn_results\pll_gen.srs

compiler completed
# Wed Jan 28 14:52:58 2026

Return Code: 0
Run Time:00h:00m:01s

Running: multi_srs_gen (Multi-srs Generator) on pll_gen|syn_results
# Wed Jan 28 14:52:58 2026

multi_srs_gen completed
# Wed Jan 28 14:52:59 2026

Return Code: 0
Run Time:00h:00m:01s
Copied C:\work\S127M\PCBNo_10081\SP0557_rev02_00\RTL\IPcore\pll_gen\syn_results\synwork\pll_gen_mult.srs to C:\work\S127M\PCBNo_10081\SP0557_rev02_00\RTL\IPcore\pll_gen\syn_results\pll_gen.srs
Copied C:\work\S127M\PCBNo_10081\SP0557_rev02_00\RTL\IPcore\pll_gen\syn_results\pll_gen.srr to C:\work\S127M\PCBNo_10081\SP0557_rev02_00\RTL\IPcore\pll_gen\syn_results\pll_gen.srf
Complete: Compile Process on pll_gen|syn_results

Running: premap (Premap) on pll_gen|syn_results
# Wed Jan 28 14:52:59 2026

premap completed
# Wed Jan 28 14:53:01 2026

Return Code: 0
Run Time:00h:00m:02s
Complete: Compile on pll_gen|syn_results

Running Flow: map (Map) on pll_gen|syn_results
# Wed Jan 28 14:53:01 2026
License granted for 4 parallel jobs

Running: fpga_mapper (Map & Optimize) on pll_gen|syn_results
# Wed Jan 28 14:53:01 2026
Copied C:\work\S127M\PCBNo_10081\SP0557_rev02_00\RTL\IPcore\pll_gen\syn_results\synwork\pll_gen_m.srm to C:\work\S127M\PCBNo_10081\SP0557_rev02_00\RTL\IPcore\pll_gen\syn_results\pll_gen.srm

fpga_mapper completed with warnings
# Wed Jan 28 14:53:04 2026

Return Code: 1
Run Time:00h:00m:03s
Complete: Map on pll_gen|syn_results
Copied C:\work\S127M\PCBNo_10081\SP0557_rev02_00\RTL\IPcore\pll_gen\syn_results\pll_gen.srr to C:\work\S127M\PCBNo_10081\SP0557_rev02_00\RTL\IPcore\pll_gen\syn_results\pll_gen.srf
Complete: Logic Synthesis on pll_gen|syn_results
exit status=0
exit status=0
