synthesis:  version Diamond (64-bit) 3.13.0.56.2

Copyright (c) 1991-1994 by NeoCAD Inc. All rights reserved.
Copyright (c) 1995 AT&T Corp.   All rights reserved.
Copyright (c) 1995-2001 Lucent Technologies Inc.  All rights reserved.
Copyright (c) 2001 Agere Systems   All rights reserved.
Copyright (c) 2002-2023 Lattice Semiconductor Corporation,  All rights reserved.
Fri Dec 06 08:39:45 2024


Command Line:  C:\lscc\diamond\3.13\ispfpga\bin\nt64\synthesis.exe -f pll_gen.synproj -sdc C:/work/PCBNo.10082/RTL/IPcore/pll_gen/pll_gen.ldc -gui 

Synthesis options:
The -a option is ecp5u.
The -s option is 6.
The -t option is CABGA256.
The -d option is LFE5U-25F.
Using package CABGA256.
Using performance grade 6.
                                                          

##########################################################

### Lattice Family : ECP5U

### Device  : LFE5U-25F

### Package : CABGA256

### Speed   : 6

##########################################################

                                                          

INFO - synthesis: User-Selected Strategy Settings
Optimization goal = Balanced
Top-level module name = pll_gen.
Target frequency = 200.000000 MHz.
Maximum fanout = 1000.
Timing path count = 3
BRAM utilization = 100.000000 %
DSP usage = true (default)
DSP utilization = 100 % (default)
fsm_encoding_style = auto
resolve_mixed_drivers = 0
fix_gated_clocks = 1

Mux style = Auto
Use Carry Chain = true
carry_chain_length = 0
Use IO Insertion = FALSE
Use IO Reg = FALSE (implied)
WARNING - synthesis: Cannot pack registers into I/Os because use_io_insertion is FALSE.
WARNING - synthesis: Ignoring user setting of use_io_reg. Value is set to FALSE.
Use IO Reg = FALSE
Resource Sharing = TRUE
Propagate Constants = TRUE
Remove Duplicate Registers = TRUE
force_gsr = auto
ROM style = auto
RAM style = auto
The -comp option is FALSE.
The -syn option is FALSE.
-p C:/work/PCBNo.10082/RTL/IPcore/pll_gen (searchpath added)
VHDL library = work
VHDL design file = C:/work/PCBNo.10082/RTL/IPcore/pll_gen/pll_gen.vhd
NGO file = C:/work/PCBNo.10082/RTL/IPcore/pll_gen/pll_gen.ngo
WARNING - synthesis: Option -force_gsr will be set to false when option -output_edif/-ngo are set
-sdc option: SDC file input is C:/work/PCBNo.10082/RTL/IPcore/pll_gen/pll_gen.ldc.
-lpf option: Output file option is ON.
Hardtimer checking is enabled (default). The -dt option is not used.
The -r option is OFF. [ Remove LOC Properties is OFF. ]
Technology check ok...

Analyzing Verilog file C:/lscc/diamond/3.13/ispfpga/userware/NT/SYNTHESIS_HEADERS/ecp5u.v. VERI-1482
Compile design.
Compile Design Begin
INFO - synthesis: The default VHDL library search path is now "C:/work/PCBNo.10082/RTL/IPcore/pll_gen". VHDL-1504
Analyzing VHDL file c:/work/pcbno.10082/rtl/ipcore/pll_gen/pll_gen.vhd. VHDL-1481
INFO - synthesis: c:/work/pcbno.10082/rtl/ipcore/pll_gen/pll_gen.vhd(12): analyzing entity pll_gen. VHDL-1012
INFO - synthesis: c:/work/pcbno.10082/rtl/ipcore/pll_gen/pll_gen.vhd(23): analyzing architecture structure. VHDL-1010
unit pll_gen is not yet analyzed. VHDL-1485
unit pll_gen is not yet analyzed. VHDL-1485
c:/work/pcbno.10082/rtl/ipcore/pll_gen/pll_gen.vhd(12): executing pll_gen(Structure)

WARNING - synthesis: c:/work/pcbno.10082/rtl/ipcore/pll_gen/pll_gen.vhd(21): replacing existing netlist pll_gen(Structure). VHDL-1205
Top module name (VHDL): pll_gen
Loading NGL library 'C:/lscc/diamond/3.13/ispfpga/sa5p00/data/sa5plib.ngl'...
Loading NGL library 'C:/lscc/diamond/3.13/ispfpga/xo2c00/data/xo2clib.ngl'...
Loading NGL library 'C:/lscc/diamond/3.13/ispfpga/mg5g00/data/mg5glib.ngl'...
Loading NGL library 'C:/lscc/diamond/3.13/ispfpga/or5g00/data/orc5glib.ngl'...
Loading device for application map from file 'sa5p25.nph' in environment: C:/lscc/diamond/3.13/ispfpga.
Package Status:                     Final          Version 1.44.
WARNING - synthesis: There are no design constraints in the file C:/work/PCBNo.10082/RTL/IPcore/pll_gen/pll_gen.ldc
Top-level module name = pll_gen.
WARNING - synthesis: c:/work/pcbno.10082/rtl/ipcore/pll_gen/pll_gen.vhd(54): Removing unused instance scuba_vhi_inst. VDB-5034
WARNING - synthesis: There are no design constraints in the file C:/work/PCBNo.10082/RTL/IPcore/pll_gen/pll_gen.ldc
This ldc file was generated by Clarity Designer!




######## GSR will not be inferred in an NGO flow, unless force_gsr=yes.
WARNING - synthesis: There are no design constraints in the file pll_gen_for_lpf.sdc
Writing LPF file C:/work/PCBNo.10082/RTL/IPcore/pll_gen/pll_gen.lpf.
Results of NGD DRC are available in pll_gen_drc.log.
WARNING - synthesis: DRC checking was skipped because the -ngo option was used.
Writing NGD file C:/work/PCBNo.10082/RTL/IPcore/pll_gen/pll_gen.ngo.

################### Begin Area Report (pll_gen)######################
Number of register bits => 0 of 24879 (0 % )
EHXPLLL => 1
GSR => 1
################### End Area Report ##################

################### Begin Clock Report ######################
Clock Nets
Number of Clocks: 1
  Net : CLKOP, loads : 1
Clock Enable Nets
Number of Clock Enables: 0
Top 0 highest fanout Clock Enables:
Highest fanout non-clock nets
Top 10 highest fanout non-clock nets:
  Net : CLKOS, loads : 0
  Net : CLKOS2, loads : 0
  Net : CLKOS3, loads : 0
  Net : LOCK, loads : 0
################### End Clock Report ##################

Peak Memory Usage: 88.137  MB

--------------------------------------------------------------
Elapsed CPU time for LSE flow : 0.516  secs
--------------------------------------------------------------
