
Copyright (C) 1994-2023 Synopsys, Inc.
This Synopsys software and all associated documentation are proprietary to Synopsys, Inc.
and may only be used pursuant to the terms and conditions of a written license agreement
with Synopsys, Inc. All other use, reproduction, modification, or distribution of the
Synopsys software or the associated documentation is strictly prohibited.
Tool: Synplify Pro (R)
Build: U-2023.03L-SP1
Install: C:\lscc\diamond\3.13\synpbase
OS: Windows 10 or later
Hostname: SCPP006598

Implementation : SP0565

# Written on Thu Apr  9 18:25:57 2026

##### FILES SYNTAX CHECKED ##############################################
Constraint File(s):      (none)

#Run constraint checker to find more issues with constraints.
#########################################################################



No issues found in constraint syntax.



Clock Summary
*************

          Start                                     Requested     Requested     Clock        Clock               Clock
Level     Clock                                     Frequency     Period        Type         Group               Load 
----------------------------------------------------------------------------------------------------------------------
0 -       System                                    200.0 MHz     5.000         system       system_clkgroup     0    
                                                                                                                      
0 -       pll_gen_uniq_0|CLKOS2_inferred_clock      200.0 MHz     5.000         inferred     (multiple)          1766 
                                                                                                                      
0 -       pll_gen_uniq_0|CLKOS3_inferred_clock      200.0 MHz     5.000         inferred     (multiple)          545  
                                                                                                                      
0 -       pll_gen_uniq_0|CLKOP_inferred_clock       200.0 MHz     5.000         inferred     (multiple)          258  
                                                                                                                      
0 -       reveal_coretop|jtck_inferred_clock[0]     200.0 MHz     5.000         inferred     (multiple)          203  
                                                                                                                      
0 -       SP0565|CLK20M                             200.0 MHz     5.000         inferred     (multiple)          187  
                                                                                                                      
0 -       pll_gen_uniq_0|CLKOS_inferred_clock       200.0 MHz     5.000         inferred     (multiple)          22   
======================================================================================================================


Clock Load Summary
******************

                                          Clock     Source                                                       Clock Pin                                                Non-clock Pin                                                          Non-clock Pin                                                        
Clock                                     Load      Pin                                                          Seq Example                                              Seq Example                                                            Comb Example                                                         
----------------------------------------------------------------------------------------------------------------------------------------------------------------------------------------------------------------------------------------------------------------------------------------------------------------------
System                                    0         -                                                            -                                                        -                                                                      -                                                                    
                                                                                                                                                                                                                                                                                                                      
pll_gen_uniq_0|CLKOS2_inferred_clock      1766      slv_com.clk_gen_inst2.PLL_inst.PLLInst_0.CLKOS2(EHXPLLL)     tmpctrl_4ch.tmpctrl_4ch_reg_inst.s_COUNT_TEMP[1:0].C     -                                                                      -                                                                    
                                                                                                                                                                                                                                                                                                                      
pll_gen_uniq_0|CLKOS3_inferred_clock      545       slv_com.clk_gen_inst2.PLL_inst.PLLInst_0.CLKOS3(EHXPLLL)     slv_com.rx_com_inst.rx_cont_b2_inst.rxd_1q[7:0].C        tmpctrl_4ch.tmpctrl_4ch_reg_inst.temp_idlm_reg_inst.CH0ILDO[7:0].E     tmpctrl_4ch.tmpctrl_4ch_reg_inst.temp_idlm_reg_inst.WRP[3:0].SEL(mux)
                                                                                                                                                                                                                                                                                                                      
pll_gen_uniq_0|CLKOP_inferred_clock       258       slv_com.clk_gen_inst2.PLL_inst.PLLInst_0.CLKOP(EHXPLLL)      slv_com.cds_inst.cz[0].C                                 -                                                                      slv_com.cds_inst.un1_clk2.I[0](inv)                                  
                                                                                                                                                                                                                                                                                                                      
reveal_coretop|jtck_inferred_clock[0]     203       sp0565_reveal_coretop_instance.jtag0.jtck(jtagconn16)        -                                                        -                                                                      -                                                                    
                                                                                                                                                                                                                                                                                                                      
SP0565|CLK20M                             187       CLK20M(port)                                                 slv_com.ckgen_rstb.C                                     -                                                                      -                                                                    
                                                                                                                                                                                                                                                                                                                      
pll_gen_uniq_0|CLKOS_inferred_clock       22        slv_com.clk_gen_inst2.PLL_inst.PLLInst_0.CLKOS(EHXPLLL)      slv_com.cds_inst.bz[0].C                                 -                                                                      slv_com.cds_inst.un1_clk2a.I[0](inv)                                 
======================================================================================================================================================================================================================================================================================================================
