
Copyright (C) 1994-2023 Synopsys, Inc.
This Synopsys software and all associated documentation are proprietary to Synopsys, Inc.
and may only be used pursuant to the terms and conditions of a written license agreement
with Synopsys, Inc. All other use, reproduction, modification, or distribution of the
Synopsys software or the associated documentation is strictly prohibited.
Tool: Synplify Pro (R)
Build: V-2023.09L-2
Install: C:\lscc\diamond\3.14\synpbase
OS: Windows 10 or later
Hostname: HD13396A

Implementation : syn_results
Synopsys HDL compiler and linker, Version comp202309synp1, Build 349R, Built Sep 17 2024 08:16:26, @

Modified Files: 1
FID:  path (prevtimestamp, timestamp)
22       C:\work\Diamond\zz_customer\VHDL\Sysmex\05_20250221\PCBNo.10082_20250221\RTL\IPcore\pll_gen\pll_gen.vhd (2025-02-22 16:51:22, 2025-02-22 16:53:14)

*******************************************************************
Modules that may have changed as a result of file changes: 1
MID:  lib.cell.view
0        work.pll_gen.structure may have changed because the following files changed:
                        C:\work\Diamond\zz_customer\VHDL\Sysmex\05_20250221\PCBNo.10082_20250221\RTL\IPcore\pll_gen\pll_gen.vhd (2025-02-22 16:51:22, 2025-02-22 16:53:14) <-- (architecture and entity definition)

*******************************************************************
Unmodified files: 10
FID:  path (timestamp)
11       C:\lscc\diamond\3.14\synpbase\lib\lucent\ecp5u.vhd (2024-08-23 05:48:19)
12       C:\lscc\diamond\3.14\synpbase\lib\vhd\arith.vhd (2024-09-24 08:33:31)
13       C:\lscc\diamond\3.14\synpbase\lib\vhd\hyperents.vhd (2024-09-24 08:33:34)
14       C:\lscc\diamond\3.14\synpbase\lib\vhd\location.map (2024-09-24 08:33:34)
15       C:\lscc\diamond\3.14\synpbase\lib\vhd\numeric.vhd (2024-09-24 08:33:34)
16       C:\lscc\diamond\3.14\synpbase\lib\vhd\snps_haps_pkg.vhd (2024-09-24 08:33:34)
17       C:\lscc\diamond\3.14\synpbase\lib\vhd\std.vhd (2024-09-24 08:33:34)
18       C:\lscc\diamond\3.14\synpbase\lib\vhd\std1164.vhd (2024-09-24 08:33:34)
19       C:\lscc\diamond\3.14\synpbase\lib\vhd\umr_capim.vhd (2024-09-24 08:33:34)
20       C:\lscc\diamond\3.14\synpbase\lib\vhd\unsigned.vhd (2024-09-24 08:33:34)

*******************************************************************
Unchanged modules: 0
MID:  lib.cell.view
