
Copyright (C) 1994-2023 Synopsys, Inc.
This Synopsys software and all associated documentation are proprietary to Synopsys, Inc.
and may only be used pursuant to the terms and conditions of a written license agreement
with Synopsys, Inc. All other use, reproduction, modification, or distribution of the
Synopsys software or the associated documentation is strictly prohibited.
Tool: Synplify Pro (R)
Build: U-2023.03L-SP1
Install: C:\lscc\diamond\3.13\synpbase
OS: Windows 10 or later
Hostname: SCPP006598

Implementation : syn_results
Synopsys HDL compiler and linker, Version comp202303synp1, Build 173R, Built Aug 31 2023 03:59:48, @

Modified Files: 22
FID:  path (prevtimestamp, timestamp)
0        C:\lscc\diamond\3.13\synpbase\lib\lucent\ecp5u.vhd (N/A, 2023-08-10 11:56:40)
1        C:\lscc\diamond\3.13\synpbase\lib\vhd\arith.vhd (N/A, 2023-08-10 09:32:12)
2        C:\lscc\diamond\3.13\synpbase\lib\vhd\hyperents.vhd (N/A, 2023-08-10 09:32:12)
3        C:\lscc\diamond\3.13\synpbase\lib\vhd\location.map (N/A, 2025-02-10 18:29:46)
4        C:\lscc\diamond\3.13\synpbase\lib\vhd\numeric.vhd (N/A, 2023-08-10 09:32:12)
5        C:\lscc\diamond\3.13\synpbase\lib\vhd\snps_haps_pkg.vhd (N/A, 2023-08-10 09:32:12)
6        C:\lscc\diamond\3.13\synpbase\lib\vhd\std.vhd (N/A, 2023-08-10 09:32:12)
7        C:\lscc\diamond\3.13\synpbase\lib\vhd\std1164.vhd (N/A, 2023-08-10 09:32:12)
8        C:\lscc\diamond\3.13\synpbase\lib\vhd\umr_capim.vhd (N/A, 2023-08-10 09:32:12)
9        C:\lscc\diamond\3.13\synpbase\lib\vhd\unsigned.vhd (N/A, 2023-08-10 09:32:12)
11       C:\lscc\diamond\3.14\synpbase\lib\lucent\ecp5u.vhd (2024-08-23 05:48:19, N/A)
12       C:\lscc\diamond\3.14\synpbase\lib\vhd\arith.vhd (2024-09-24 08:33:31, N/A)
13       C:\lscc\diamond\3.14\synpbase\lib\vhd\hyperents.vhd (2024-09-24 08:33:34, N/A)
14       C:\lscc\diamond\3.14\synpbase\lib\vhd\location.map (2024-09-24 08:33:34, N/A)
15       C:\lscc\diamond\3.14\synpbase\lib\vhd\numeric.vhd (2024-09-24 08:33:34, N/A)
16       C:\lscc\diamond\3.14\synpbase\lib\vhd\snps_haps_pkg.vhd (2024-09-24 08:33:34, N/A)
17       C:\lscc\diamond\3.14\synpbase\lib\vhd\std.vhd (2024-09-24 08:33:34, N/A)
18       C:\lscc\diamond\3.14\synpbase\lib\vhd\std1164.vhd (2024-09-24 08:33:34, N/A)
19       C:\lscc\diamond\3.14\synpbase\lib\vhd\umr_capim.vhd (2024-09-24 08:33:34, N/A)
20       C:\lscc\diamond\3.14\synpbase\lib\vhd\unsigned.vhd (2024-09-24 08:33:34, N/A)
22       C:\work\Diamond\zz_customer\VHDL\Sysmex\05_20250221\PCBNo.10082_20250221\RTL\IPcore\pll_gen\pll_gen.vhd (2025-02-22 16:53:14, N/A)
23       C:\work\S127M\PCBNo_10081\SP0557_rev02_00\RTL\IPcore\pll_gen\pll_gen.vhd (N/A, 2026-01-28 14:52:55)

*******************************************************************
Modules that may have changed as a result of file changes: 1
MID:  lib.cell.view
0        work.pll_gen.structure may have changed because the following files changed:
                        C:\work\S127M\PCBNo_10081\SP0557_rev02_00\RTL\IPcore\pll_gen\pll_gen.vhd (N/A, 2026-01-28 14:52:55) <-- (architecture and entity definition)

*******************************************************************
Unmodified files: 0
FID:  path (timestamp)

*******************************************************************
Unchanged modules: 0
MID:  lib.cell.view
