synthesis:  version Diamond (64-bit) 3.13.0.56.2

Copyright (c) 1991-1994 by NeoCAD Inc. All rights reserved.
Copyright (c) 1995 AT&T Corp.   All rights reserved.
Copyright (c) 1995-2001 Lucent Technologies Inc.  All rights reserved.
Copyright (c) 2001 Agere Systems   All rights reserved.
Copyright (c) 2002-2023 Lattice Semiconductor Corporation,  All rights reserved.
Fri Nov 22 14:24:13 2024


Command Line:  C:\lscc\diamond\3.13\ispfpga\bin\nt64\synthesis.exe -f dcfifo_rx_b1.synproj -sdc //scpfsp01.sysmex.co.jp/11052/12_FPGA_DATA/04808/S124M/PCBNo.10083/RTL/IPcore/dcfifo_rx_b1/dcfifo_rx_b1.ldc -gui 

Synthesis options:
The -a option is ecp5u.
The -s option is 6.
The -t option is CABGA256.
The -d option is LFE5U-25F.
Using package CABGA256.
Using performance grade 6.
                                                          

##########################################################

### Lattice Family : ECP5U

### Device  : LFE5U-25F

### Package : CABGA256

### Speed   : 6

##########################################################

                                                          

INFO - synthesis: User-Selected Strategy Settings
Optimization goal = Balanced
Top-level module name = dcfifo_rx_b1.
Target frequency = 200.000000 MHz.
Maximum fanout = 1000.
Timing path count = 3
BRAM utilization = 100.000000 %
DSP usage = true (default)
DSP utilization = 100 % (default)
fsm_encoding_style = auto
resolve_mixed_drivers = 0
fix_gated_clocks = 1

Mux style = Auto
Use Carry Chain = true
carry_chain_length = 0
Use IO Insertion = FALSE
Use IO Reg = FALSE (implied)
WARNING - synthesis: Cannot pack registers into I/Os because use_io_insertion is FALSE.
WARNING - synthesis: Ignoring user setting of use_io_reg. Value is set to FALSE.
Use IO Reg = FALSE
Resource Sharing = TRUE
Propagate Constants = TRUE
Remove Duplicate Registers = TRUE
force_gsr = auto
ROM style = auto
RAM style = auto
The -comp option is FALSE.
The -syn option is FALSE.
-p //scpfsp01.sysmex.co.jp/11052/12_FPGA_DATA/04808/S124M/PCBNo.10083/RTL/IPcore/dcfifo_rx_b1 (searchpath added)
VHDL library = work
VHDL design file = //scpfsp01.sysmex.co.jp/11052/12_FPGA_DATA/04808/S124M/PCBNo.10083/RTL/IPcore/dcfifo_rx_b1/dcfifo_rx_b1.vhd
NGO file = //scpfsp01.sysmex.co.jp/11052/12_FPGA_DATA/04808/S124M/PCBNo.10083/RTL/IPcore/dcfifo_rx_b1/dcfifo_rx_b1.ngo
WARNING - synthesis: Option -force_gsr will be set to false when option -output_edif/-ngo are set
-sdc option: SDC file input is //scpfsp01.sysmex.co.jp/11052/12_FPGA_DATA/04808/S124M/PCBNo.10083/RTL/IPcore/dcfifo_rx_b1/dcfifo_rx_b1.ldc.
-lpf option: Output file option is ON.
Hardtimer checking is enabled (default). The -dt option is not used.
The -r option is OFF. [ Remove LOC Properties is OFF. ]
Technology check ok...

Analyzing Verilog file C:/lscc/diamond/3.13/ispfpga/userware/NT/SYNTHESIS_HEADERS/ecp5u.v. VERI-1482
Compile design.
Compile Design Begin
INFO - synthesis: The default VHDL library search path is now "//scpfsp01.sysmex.co.jp/11052/12_FPGA_DATA/04808/S124M/PCBNo.10083/RTL/IPcore/dcfifo_rx_b1". VHDL-1504
Analyzing VHDL file //scpfsp01.sysmex.co.jp/11052/12_fpga_data/04808/s124m/pcbno.10083/rtl/ipcore/dcfifo_rx_b1/dcfifo_rx_b1.vhd. VHDL-1481
INFO - synthesis: //scpfsp01.sysmex.co.jp/11052/12_fpga_data/04808/s124m/pcbno.10083/rtl/ipcore/dcfifo_rx_b1/dcfifo_rx_b1.vhd(12): analyzing entity dcfifo_rx_b1. VHDL-1012
INFO - synthesis: //scpfsp01.sysmex.co.jp/11052/12_fpga_data/04808/s124m/pcbno.10083/rtl/ipcore/dcfifo_rx_b1/dcfifo_rx_b1.vhd(26): analyzing architecture structure. VHDL-1010
unit dcfifo_rx_b1 is not yet analyzed. VHDL-1485
unit dcfifo_rx_b1 is not yet analyzed. VHDL-1485
//scpfsp01.sysmex.co.jp/11052/12_fpga_data/04808/s124m/pcbno.10083/rtl/ipcore/dcfifo_rx_b1/dcfifo_rx_b1.vhd(12): executing dcfifo_rx_b1(Structure)

WARNING - synthesis: //scpfsp01.sysmex.co.jp/11052/12_fpga_data/04808/s124m/pcbno.10083/rtl/ipcore/dcfifo_rx_b1/dcfifo_rx_b1.vhd(24): replacing existing netlist dcfifo_rx_b1(Structure). VHDL-1205
Top module name (VHDL): dcfifo_rx_b1
Loading NGL library 'C:/lscc/diamond/3.13/ispfpga/sa5p00/data/sa5plib.ngl'...
Loading NGL library 'C:/lscc/diamond/3.13/ispfpga/xo2c00/data/xo2clib.ngl'...
Loading NGL library 'C:/lscc/diamond/3.13/ispfpga/mg5g00/data/mg5glib.ngl'...
Loading NGL library 'C:/lscc/diamond/3.13/ispfpga/or5g00/data/orc5glib.ngl'...
Loading device for application map from file 'sa5p25.nph' in environment: C:/lscc/diamond/3.13/ispfpga.
Package Status:                     Final          Version 1.44.
WARNING - synthesis: There are no design constraints in the file //scpfsp01.sysmex.co.jp/11052/12_FPGA_DATA/04808/S124M/PCBNo.10083/RTL/IPcore/dcfifo_rx_b1/dcfifo_rx_b1.ldc
Top-level module name = dcfifo_rx_b1.
WARNING - synthesis: There are no design constraints in the file //scpfsp01.sysmex.co.jp/11052/12_FPGA_DATA/04808/S124M/PCBNo.10083/RTL/IPcore/dcfifo_rx_b1/dcfifo_rx_b1.ldc
This ldc file was generated by Clarity Designer!

WARNING - synthesis: //scpfsp01.sysmex.co.jp/11052/12_fpga_data/04808/s124m/pcbno.10083/rtl/ipcore/dcfifo_rx_b1/dcfifo_rx_b1.vhd(256): Removing unused instance _6. VDB-5034
WARNING - synthesis: //scpfsp01.sysmex.co.jp/11052/12_fpga_data/04808/s124m/pcbno.10083/rtl/ipcore/dcfifo_rx_b1/dcfifo_rx_b1.vhd(259): Removing unused instance _7. VDB-5034
WARNING - synthesis: //scpfsp01.sysmex.co.jp/11052/12_fpga_data/04808/s124m/pcbno.10083/rtl/ipcore/dcfifo_rx_b1/dcfifo_rx_b1.vhd(262): Removing unused instance _8. VDB-5034
WARNING - synthesis: //scpfsp01.sysmex.co.jp/11052/12_fpga_data/04808/s124m/pcbno.10083/rtl/ipcore/dcfifo_rx_b1/dcfifo_rx_b1.vhd(265): Removing unused instance _9. VDB-5034
WARNING - synthesis: //scpfsp01.sysmex.co.jp/11052/12_fpga_data/04808/s124m/pcbno.10083/rtl/ipcore/dcfifo_rx_b1/dcfifo_rx_b1.vhd(268): Removing unused instance _10. VDB-5034
WARNING - synthesis: //scpfsp01.sysmex.co.jp/11052/12_fpga_data/04808/s124m/pcbno.10083/rtl/ipcore/dcfifo_rx_b1/dcfifo_rx_b1.vhd(271): Removing unused instance _11. VDB-5034
WARNING - synthesis: //scpfsp01.sysmex.co.jp/11052/12_fpga_data/04808/s124m/pcbno.10083/rtl/ipcore/dcfifo_rx_b1/dcfifo_rx_b1.vhd(274): Removing unused instance _12. VDB-5034
WARNING - synthesis: //scpfsp01.sysmex.co.jp/11052/12_fpga_data/04808/s124m/pcbno.10083/rtl/ipcore/dcfifo_rx_b1/dcfifo_rx_b1.vhd(277): Removing unused instance _13. VDB-5034
WARNING - synthesis: //scpfsp01.sysmex.co.jp/11052/12_fpga_data/04808/s124m/pcbno.10083/rtl/ipcore/dcfifo_rx_b1/dcfifo_rx_b1.vhd(280): Removing unused instance _14. VDB-5034
WARNING - synthesis: //scpfsp01.sysmex.co.jp/11052/12_fpga_data/04808/s124m/pcbno.10083/rtl/ipcore/dcfifo_rx_b1/dcfifo_rx_b1.vhd(283): Removing unused instance _15. VDB-5034
WARNING - synthesis: //scpfsp01.sysmex.co.jp/11052/12_fpga_data/04808/s124m/pcbno.10083/rtl/ipcore/dcfifo_rx_b1/dcfifo_rx_b1.vhd(286): Removing unused instance _16. VDB-5034
WARNING - synthesis: //scpfsp01.sysmex.co.jp/11052/12_fpga_data/04808/s124m/pcbno.10083/rtl/ipcore/dcfifo_rx_b1/dcfifo_rx_b1.vhd(289): Removing unused instance _17. VDB-5034
WARNING - synthesis: //scpfsp01.sysmex.co.jp/11052/12_fpga_data/04808/s124m/pcbno.10083/rtl/ipcore/dcfifo_rx_b1/dcfifo_rx_b1.vhd(292): Removing unused instance _18. VDB-5034
WARNING - synthesis: //scpfsp01.sysmex.co.jp/11052/12_fpga_data/04808/s124m/pcbno.10083/rtl/ipcore/dcfifo_rx_b1/dcfifo_rx_b1.vhd(295): Removing unused instance _19. VDB-5034
WARNING - synthesis: //scpfsp01.sysmex.co.jp/11052/12_fpga_data/04808/s124m/pcbno.10083/rtl/ipcore/dcfifo_rx_b1/dcfifo_rx_b1.vhd(298): Removing unused instance _20. VDB-5034
WARNING - synthesis: //scpfsp01.sysmex.co.jp/11052/12_fpga_data/04808/s124m/pcbno.10083/rtl/ipcore/dcfifo_rx_b1/dcfifo_rx_b1.vhd(301): Removing unused instance _21. VDB-5034
WARNING - synthesis: //scpfsp01.sysmex.co.jp/11052/12_fpga_data/04808/s124m/pcbno.10083/rtl/ipcore/dcfifo_rx_b1/dcfifo_rx_b1.vhd(304): Removing unused instance _22. VDB-5034
WARNING - synthesis: //scpfsp01.sysmex.co.jp/11052/12_fpga_data/04808/s124m/pcbno.10083/rtl/ipcore/dcfifo_rx_b1/dcfifo_rx_b1.vhd(307): Removing unused instance _23. VDB-5034
WARNING - synthesis: //scpfsp01.sysmex.co.jp/11052/12_fpga_data/04808/s124m/pcbno.10083/rtl/ipcore/dcfifo_rx_b1/dcfifo_rx_b1.vhd(313): Removing unused instance _24. VDB-5034
WARNING - synthesis: //scpfsp01.sysmex.co.jp/11052/12_fpga_data/04808/s124m/pcbno.10083/rtl/ipcore/dcfifo_rx_b1/dcfifo_rx_b1.vhd(318): Removing unused instance _25. VDB-5034
WARNING - synthesis: //scpfsp01.sysmex.co.jp/11052/12_fpga_data/04808/s124m/pcbno.10083/rtl/ipcore/dcfifo_rx_b1/dcfifo_rx_b1.vhd(323): Removing unused instance _26. VDB-5034
WARNING - synthesis: //scpfsp01.sysmex.co.jp/11052/12_fpga_data/04808/s124m/pcbno.10083/rtl/ipcore/dcfifo_rx_b1/dcfifo_rx_b1.vhd(328): Removing unused instance _27. VDB-5034
WARNING - synthesis: //scpfsp01.sysmex.co.jp/11052/12_fpga_data/04808/s124m/pcbno.10083/rtl/ipcore/dcfifo_rx_b1/dcfifo_rx_b1.vhd(333): Removing unused instance _28. VDB-5034
WARNING - synthesis: //scpfsp01.sysmex.co.jp/11052/12_fpga_data/04808/s124m/pcbno.10083/rtl/ipcore/dcfifo_rx_b1/dcfifo_rx_b1.vhd(338): Removing unused instance _29. VDB-5034
WARNING - synthesis: //scpfsp01.sysmex.co.jp/11052/12_fpga_data/04808/s124m/pcbno.10083/rtl/ipcore/dcfifo_rx_b1/dcfifo_rx_b1.vhd(344): Removing unused instance _30. VDB-5034
WARNING - synthesis: //scpfsp01.sysmex.co.jp/11052/12_fpga_data/04808/s124m/pcbno.10083/rtl/ipcore/dcfifo_rx_b1/dcfifo_rx_b1.vhd(349): Removing unused instance _31. VDB-5034
WARNING - synthesis: //scpfsp01.sysmex.co.jp/11052/12_fpga_data/04808/s124m/pcbno.10083/rtl/ipcore/dcfifo_rx_b1/dcfifo_rx_b1.vhd(354): Removing unused instance _32. VDB-5034
WARNING - synthesis: //scpfsp01.sysmex.co.jp/11052/12_fpga_data/04808/s124m/pcbno.10083/rtl/ipcore/dcfifo_rx_b1/dcfifo_rx_b1.vhd(359): Removing unused instance _33. VDB-5034
WARNING - synthesis: //scpfsp01.sysmex.co.jp/11052/12_fpga_data/04808/s124m/pcbno.10083/rtl/ipcore/dcfifo_rx_b1/dcfifo_rx_b1.vhd(364): Removing unused instance _34. VDB-5034
WARNING - synthesis: //scpfsp01.sysmex.co.jp/11052/12_fpga_data/04808/s124m/pcbno.10083/rtl/ipcore/dcfifo_rx_b1/dcfifo_rx_b1.vhd(369): Removing unused instance _35. VDB-5034
WARNING - synthesis: //scpfsp01.sysmex.co.jp/11052/12_fpga_data/04808/s124m/pcbno.10083/rtl/ipcore/dcfifo_rx_b1/dcfifo_rx_b1.vhd(374): Removing unused instance _36. VDB-5034
WARNING - synthesis: //scpfsp01.sysmex.co.jp/11052/12_fpga_data/04808/s124m/pcbno.10083/rtl/ipcore/dcfifo_rx_b1/dcfifo_rx_b1.vhd(379): Removing unused instance _37. VDB-5034
WARNING - synthesis: //scpfsp01.sysmex.co.jp/11052/12_fpga_data/04808/s124m/pcbno.10083/rtl/ipcore/dcfifo_rx_b1/dcfifo_rx_b1.vhd(384): Removing unused instance _38. VDB-5034
WARNING - synthesis: //scpfsp01.sysmex.co.jp/11052/12_fpga_data/04808/s124m/pcbno.10083/rtl/ipcore/dcfifo_rx_b1/dcfifo_rx_b1.vhd(389): Removing unused instance _39. VDB-5034



Duplicate register/latch removal. FF_58 is a one-to-one match with FF_51.
Duplicate register/latch removal. FF_37 is a one-to-one match with FF_30.
Duplicate register/latch removal. FF_58 is a one-to-one match with FF_51.
Duplicate register/latch removal. FF_37 is a one-to-one match with FF_30.
Duplicate register/latch removal. FF_58 is a one-to-one match with FF_51.
Duplicate register/latch removal. FF_37 is a one-to-one match with FF_30.
Duplicate register/latch removal. FF_58 is a one-to-one match with FF_51.
Duplicate register/latch removal. FF_37 is a one-to-one match with FF_30.
Duplicate register/latch removal. FF_58 is a one-to-one match with FF_51.
Duplicate register/latch removal. FF_37 is a one-to-one match with FF_30.
Duplicate register/latch removal. FF_58 is a one-to-one match with FF_51.
Duplicate register/latch removal. FF_37 is a one-to-one match with FF_30.
Duplicate register/latch removal. FF_58 is a one-to-one match with FF_51.
Duplicate register/latch removal. FF_37 is a one-to-one match with FF_30.
Duplicate register/latch removal. FF_58 is a one-to-one match with FF_51.
Duplicate register/latch removal. FF_37 is a one-to-one match with FF_30.
Duplicate register/latch removal. FF_58 is a one-to-one match with FF_51.
Duplicate register/latch removal. FF_37 is a one-to-one match with FF_30.
Duplicate register/latch removal. FF_58 is a one-to-one match with FF_51.
Duplicate register/latch removal. FF_37 is a one-to-one match with FF_30.
Duplicate register/latch removal. FF_58 is a one-to-one match with FF_51.
Duplicate register/latch removal. FF_37 is a one-to-one match with FF_30.
######## GSR will not be inferred in an NGO flow, unless force_gsr=yes.
Duplicate register/latch removal. FF_58 is a one-to-one match with FF_51.
Duplicate register/latch removal. FF_37 is a one-to-one match with FF_30.
Duplicate register/latch removal. FF_58 is a one-to-one match with FF_51.
Duplicate register/latch removal. FF_37 is a one-to-one match with FF_30.
Duplicate register/latch removal. FF_58 is a one-to-one match with FF_51.
Duplicate register/latch removal. FF_37 is a one-to-one match with FF_30.
Duplicate register/latch removal. FF_58 is a one-to-one match with FF_51.
Duplicate register/latch removal. FF_37 is a one-to-one match with FF_30.
Duplicate register/latch removal. FF_58 is a one-to-one match with FF_51.
Duplicate register/latch removal. FF_37 is a one-to-one match with FF_30.
Duplicate register/latch removal. FF_58 is a one-to-one match with FF_51.
Duplicate register/latch removal. FF_37 is a one-to-one match with FF_30.
Duplicate register/latch removal. FF_58 is a one-to-one match with FF_51.
Duplicate register/latch removal. FF_37 is a one-to-one match with FF_30.
Duplicate register/latch removal. FF_58 is a one-to-one match with FF_51.
Duplicate register/latch removal. FF_37 is a one-to-one match with FF_30.
Duplicate register/latch removal. FF_58 is a one-to-one match with FF_51.
Duplicate register/latch removal. FF_37 is a one-to-one match with FF_30.
WARNING - synthesis: There are no design constraints in the file dcfifo_rx_b1_for_lpf.sdc
Writing LPF file //scpfsp01.sysmex.co.jp/11052/12_FPGA_DATA/04808/S124M/PCBNo.10083/RTL/IPcore/dcfifo_rx_b1/dcfifo_rx_b1.lpf.
Results of NGD DRC are available in dcfifo_rx_b1_drc.log.
WARNING - synthesis: DRC checking was skipped because the -ngo option was used.
Writing NGD file //scpfsp01.sysmex.co.jp/11052/12_FPGA_DATA/04808/S124M/PCBNo.10083/RTL/IPcore/dcfifo_rx_b1/dcfifo_rx_b1.ngo.

################### Begin Area Report (dcfifo_rx_b1)######################
Number of register bits => 72 of 24879 (0 % )
AND2 => 2
CCU2C => 22
DP16KD => 1
FD1P3BX => 2
FD1P3DX => 40
FD1S3BX => 1
FD1S3DX => 29
GSR => 1
INV => 2
OR2 => 1
ROM16X1A => 16
XOR2 => 12
################### End Area Report ##################

################### Begin Clock Report ######################
Clock Nets
Number of Clocks: 0
Clock Enable Nets
Number of Clock Enables: 2
Top 2 highest fanout Clock Enables:
  Net : wren_i, loads : 25
  Net : rden_i, loads : 25
Highest fanout non-clock nets
Top 10 highest fanout non-clock nets:
  Net : rRst, loads : 36
  Net : rden_i, loads : 25
  Net : wren_i, loads : 25
  Net : wcount_6, loads : 6
  Net : rcount_6, loads : 6
  Net : w_gcount_r26, loads : 5
  Net : r_gcount_w26, loads : 5
  Net : rcount_1, loads : 5
  Net : rcount_2, loads : 5
  Net : rcount_3, loads : 5
################### End Clock Report ##################

Timing Report Summary
--------------
--------------------------------------------------------------------------------
Constraint                              |   Constraint|       Actual|Levels
--------------------------------------------------------------------------------
                                        |             |             |
create_clock -period 5.000000 -name     |             |             |
clk501 [get_nets RdClock]               |  200.000 MHz|  161.290 MHz|     9 *
                                        |             |             |
create_clock -period 5.000000 -name     |             |             |
clk500 [get_nets WrClock]               |  200.000 MHz|  161.290 MHz|     9 *
                                        |             |             |
--------------------------------------------------------------------------------


2 constraints not met.


Peak Memory Usage: 90.137  MB

--------------------------------------------------------------
Elapsed CPU time for LSE flow : 1.469  secs
--------------------------------------------------------------
