Running in Lattice mode

                               Synplify Pro (R) 

                Version U-2023.03L-SP1 for win64 - Aug 10, 2023 

                    Copyright (c) 1988 - 2023 Synopsys, Inc.
   This software and the associated documentation are proprietary to Synopsys,
 Inc. This software may only be used in accordance with the terms and conditions
 of a written license agreement with Synopsys, Inc. All other use, reproduction,
   or distribution of this software is strictly prohibited.  Licensed Products
     communicate with Synopsys servers for the purpose of providing software
    updates, detecting software piracy and verifying that customers are using
    Licensed Products in conformity with the applicable License Key for such
  Licensed Products. Synopsys will use information gathered in connection with
    this process to deliver software updates and pursue software pirates and
                                   infringers.

 Inclusivity & Diversity - Visit SolvNetPlus to read the "Synopsys Statement on
            Inclusivity and Diversity" (Refer to article 000036315 at
                        https://solvnetplus.synopsys.com)

Starting:    C:\lscc\diamond\3.13\synpbase\bin64\mbin\synplify.exe
Install:     C:\lscc\diamond\3.13\synpbase
Hostname:    SCPP006598
Date:        Wed Jan 28 15:06:44 2026
Version:     U-2023.03L-SP1

Arguments:   -product synplify_base -tcl C:/work/S127M/PCBNo_10081/SP0557_rev02_00/SP0557/launch_synplify.tcl
ProductType: synplify_pro





No project opened.
TCL script complete: "C:/work/S127M/PCBNo_10081/SP0557_rev02_00/SP0557/launch_synplify.tcl"
exit status=0
