###########################################################[

Copyright (C) 1994-2023 Synopsys, Inc.
This Synopsys software and all associated documentation are proprietary to Synopsys, Inc.
and may only be used pursuant to the terms and conditions of a written license agreement
with Synopsys, Inc. All other use, reproduction, modification, or distribution of the
Synopsys software or the associated documentation is strictly prohibited.
Tool: Synplify Pro (R)
Build: U-2023.03L-SP1
Install: C:\lscc\diamond\3.13\synpbase
OS: Windows 10 or later
Hostname: SCPP006598

Implementation : SP0557
Synopsys VHDL Compiler, Version comp202303synp1, Build 173R, Built Aug 31 2023 03:59:48, @

@N|Running in 64-bit mode
Location map warning "C:\lscc\diamond\3.13\synpbase\lib\vhd2008\location.map":55 - Attempted redefinition of package mach.components
@N:"C:\work\S127M\PCBNo_10081\SP0557_rev02_00\RTL\SP0557.vhd":19:7:19:12|Top entity is set to SP0557.
@N: CD140 :	| Using the VHDL 2008 Standard for file 'C:/lscc/diamond/3.13/cae_library/synthesis/vhdl/ecp5u.vhd'.
@N: CD140 :	| Using the VHDL 2008 Standard for file 'C:/work/S127M/PCBNo_10081/SP0557_rev02_00/RTL/com/fc_dec.vhd'.
@N: CD140 :	| Using the VHDL 2008 Standard for file 'C:/work/S127M/PCBNo_10081/SP0557_rev02_00/RTL/com/fc_sel.vhd'.
@N: CD140 :	| Using the VHDL 2008 Standard for file 'C:/work/S127M/PCBNo_10081/SP0557_rev02_00/RTL/com/w_pack.vhd'.
@N: CD140 :	| Using the VHDL 2008 Standard for file 'C:/work/S127M/PCBNo_10081/SP0557_rev02_00/RTL/SP0557/slv_clk_gen.vhd'.
@N: CD140 :	| Using the VHDL 2008 Standard for file 'C:/work/S127M/PCBNo_10081/SP0557_rev02_00/RTL/SP0557/ad_ctrl/adc_reg.vhd'.
@N: CD140 :	| Using the VHDL 2008 Standard for file 'C:/work/S127M/PCBNo_10081/SP0557_rev02_00/RTL/SP0557/ad_ctrl/adclk_gen.vhd'.
@N: CD140 :	| Using the VHDL 2008 Standard for file 'C:/work/S127M/PCBNo_10081/SP0557_rev02_00/RTL/SP0557/ad_ctrl/adif_seq.vhd'.
@N: CD140 :	| Using the VHDL 2008 Standard for file 'C:/work/S127M/PCBNo_10081/SP0557_rev02_00/RTL/SP0557/ad_ctrl/shiftreg12bit.vhd'.
@N: CD140 :	| Using the VHDL 2008 Standard for file 'C:/work/S127M/PCBNo_10081/SP0557_rev02_00/RTL/SP0557/compactppmc/ppmc_acc_tim_gen.vhd'.
@N: CD140 :	| Using the VHDL 2008 Standard for file 'C:/work/S127M/PCBNo_10081/SP0557_rev02_00/RTL/SP0557/compactppmc/ppmc_cmdchk.vhd'.
@N: CD140 :	| Using the VHDL 2008 Standard for file 'C:/work/S127M/PCBNo_10081/SP0557_rev02_00/RTL/SP0557/compactppmc/ppmc_ctrl.vhd'.
@N: CD140 :	| Using the VHDL 2008 Standard for file 'C:/work/S127M/PCBNo_10081/SP0557_rev02_00/RTL/SP0557/compactppmc/ppmc_dec.vhd'.
@N: CD140 :	| Using the VHDL 2008 Standard for file 'C:/work/S127M/PCBNo_10081/SP0557_rev02_00/RTL/SP0557/compactppmc/ppmc_enblr_S118M.vhd'.
@N: CD140 :	| Using the VHDL 2008 Standard for file 'C:/work/S127M/PCBNo_10081/SP0557_rev02_00/RTL/SP0557/compactppmc/ppmc_id.vhd'.
@N: CD140 :	| Using the VHDL 2008 Standard for file 'C:/work/S127M/PCBNo_10081/SP0557_rev02_00/RTL/SP0557/compactppmc/ppmc_phgen.vhd'.
@N: CD140 :	| Using the VHDL 2008 Standard for file 'C:/work/S127M/PCBNo_10081/SP0557_rev02_00/RTL/SP0557/compactppmc/ppmc_pls_cnt.vhd'.
@N: CD140 :	| Using the VHDL 2008 Standard for file 'C:/work/S127M/PCBNo_10081/SP0557_rev02_00/RTL/SP0557/compactppmc/ppmc_rgstr.vhd'.
@N: CD140 :	| Using the VHDL 2008 Standard for file 'C:/work/S127M/PCBNo_10081/SP0557_rev02_00/RTL/SP0557/compactppmc/ppmc_speed_cnt.vhd'.
@N: CD140 :	| Using the VHDL 2008 Standard for file 'C:/work/S127M/PCBNo_10081/SP0557_rev02_00/RTL/SP0557/compactppmc/ppmc_timer_cnt.vhd'.
@N: CD140 :	| Using the VHDL 2008 Standard for file 'C:/work/S127M/PCBNo_10081/SP0557_rev02_00/RTL/SP0557/compactppmc/ppmc_u_step_ext.vhd'.
@N: CD140 :	| Using the VHDL 2008 Standard for file 'C:/work/S127M/PCBNo_10081/SP0557_rev02_00/RTL/SP0557/DAC43608/CTRL_32CH.vhd'.
@N: CD140 :	| Using the VHDL 2008 Standard for file 'C:/work/S127M/PCBNo_10081/SP0557_rev02_00/RTL/SP0557/DAC43608/DAC_CTRL_1CH.vhd'.
@N: CD140 :	| Using the VHDL 2008 Standard for file 'C:/work/S127M/PCBNo_10081/SP0557_rev02_00/RTL/SP0557/DAC43608/i2c_master_bit_ctrl.vhd'.
@N: CD140 :	| Using the VHDL 2008 Standard for file 'C:/work/S127M/PCBNo_10081/SP0557_rev02_00/RTL/SP0557/DAC43608/i2c_master_byte_ctrl.vhd'.
@N: CD140 :	| Using the VHDL 2008 Standard for file 'C:/work/S127M/PCBNo_10081/SP0557_rev02_00/RTL/SP0557/DAC43608/i2c_master_registers.vhd'.
@N: CD140 :	| Using the VHDL 2008 Standard for file 'C:/work/S127M/PCBNo_10081/SP0557_rev02_00/RTL/SP0557/EFUSE_CTRL/EFUSE_CTRL.vhd'.
@N: CD140 :	| Using the VHDL 2008 Standard for file 'C:/work/S127M/PCBNo_10081/SP0557_rev02_00/RTL/SP0557/encoder/enc_lmt.vhd'.
@N: CD140 :	| Using the VHDL 2008 Standard for file 'C:/work/S127M/PCBNo_10081/SP0557_rev02_00/RTL/SP0557/encoder/encoder_2bit.vhd'.
@N: CD140 :	| Using the VHDL 2008 Standard for file 'C:/work/S127M/PCBNo_10081/SP0557_rev02_00/RTL/SP0557/gpio/gpio_id.vhd'.
@N: CD140 :	| Using the VHDL 2008 Standard for file 'C:/work/S127M/PCBNo_10081/SP0557_rev02_00/RTL/SP0557/gpio/gpio_ip_reg.vhd'.
@N: CD140 :	| Using the VHDL 2008 Standard for file 'C:/work/S127M/PCBNo_10081/SP0557_rev02_00/RTL/SP0557/gpio/gpio_op_reg.vhd'.
@N: CD140 :	| Using the VHDL 2008 Standard for file 'C:/work/S127M/PCBNo_10081/SP0557_rev02_00/RTL/SP0557/LEDLT/TLC5916_CTRL.vhd'.
@N: CD140 :	| Using the VHDL 2008 Standard for file 'C:/work/S127M/PCBNo_10081/SP0557_rev02_00/RTL/SP0557/LEDLT/AD8402_CTRL/ad8402.vhd'.
@N: CD140 :	| Using the VHDL 2008 Standard for file 'C:/work/S127M/PCBNo_10081/SP0557_rev02_00/RTL/SP0557/pls_sens/pls_sens.vhd'.
@N: CD140 :	| Using the VHDL 2008 Standard for file 'C:/work/S127M/PCBNo_10081/SP0557_rev02_00/RTL/SP0557/slaveid_top/slaveid_id.vhd'.
@N: CD140 :	| Using the VHDL 2008 Standard for file 'C:/work/S127M/PCBNo_10081/SP0557_rev02_00/RTL/SP0557/slv_com/rx_com/crc_check.vhd'.
@N: CD140 :	| Using the VHDL 2008 Standard for file 'C:/work/S127M/PCBNo_10081/SP0557_rev02_00/RTL/SP0557/slv_com/rx_com/dec4b_3b.vhd'.
@N: CD140 :	| Using the VHDL 2008 Standard for file 'C:/work/S127M/PCBNo_10081/SP0557_rev02_00/RTL/SP0557/slv_com/rx_com/dec6b_5b.vhd'.
@N: CD140 :	| Using the VHDL 2008 Standard for file 'C:/work/S127M/PCBNo_10081/SP0557_rev02_00/RTL/SP0557/slv_com/rx_com/rx_ctl_1st.vhd'.
@N: CD140 :	| Using the VHDL 2008 Standard for file 'C:/work/S127M/PCBNo_10081/SP0557_rev02_00/RTL/SP0557/slv_com/rx_com/rx_ctl_3rd.vhd'.
@N: CD140 :	| Using the VHDL 2008 Standard for file 'C:/work/S127M/PCBNo_10081/SP0557_rev02_00/RTL/SP0557/slv_com/slv_ctrl/adr_sel.vhd'.
@N: CD140 :	| Using the VHDL 2008 Standard for file 'C:/work/S127M/PCBNo_10081/SP0557_rev02_00/RTL/SP0557/slv_com/slv_ctrl/nd_sel.vhd'.
@N: CD140 :	| Using the VHDL 2008 Standard for file 'C:/work/S127M/PCBNo_10081/SP0557_rev02_00/RTL/SP0557/slv_com/slv_ctrl/node_sel.vhd'.
@N: CD140 :	| Using the VHDL 2008 Standard for file 'C:/work/S127M/PCBNo_10081/SP0557_rev02_00/RTL/SP0557/slv_com/slv_ctrl/slv_rx_ctrl.vhd'.
@N: CD140 :	| Using the VHDL 2008 Standard for file 'C:/work/S127M/PCBNo_10081/SP0557_rev02_00/RTL/SP0557/slv_com/slv_ctrl/slv_tx_ctrl.vhd'.
@N: CD140 :	| Using the VHDL 2008 Standard for file 'C:/work/S127M/PCBNo_10081/SP0557_rev02_00/RTL/SP0557/slv_com/tx_com/crc_gen.vhd'.
@N: CD140 :	| Using the VHDL 2008 Standard for file 'C:/work/S127M/PCBNo_10081/SP0557_rev02_00/RTL/SP0557/slv_com/tx_com/enc3b_4b.vhd'.
@N: CD140 :	| Using the VHDL 2008 Standard for file 'C:/work/S127M/PCBNo_10081/SP0557_rev02_00/RTL/SP0557/slv_com/tx_com/enc5b_6b.vhd'.
@N: CD140 :	| Using the VHDL 2008 Standard for file 'C:/work/S127M/PCBNo_10081/SP0557_rev02_00/RTL/SP0557/slv_com/tx_com/tx_ctl_1st.vhd'.
@N: CD140 :	| Using the VHDL 2008 Standard for file 'C:/work/S127M/PCBNo_10081/SP0557_rev02_00/RTL/SP0557/slv_com/tx_com/tx_ctl_3rd.vhd'.
@N: CD140 :	| Using the VHDL 2008 Standard for file 'C:/work/S127M/PCBNo_10081/SP0557_rev02_00/RTL/SP0557/slv_com/cds.vhd'.
@N: CD140 :	| Using the VHDL 2008 Standard for file 'C:/work/S127M/PCBNo_10081/SP0557_rev02_00/RTL/SP0557/slv_com/rst_cnt.vhd'.
@N: CD140 :	| Using the VHDL 2008 Standard for file 'C:/work/S127M/PCBNo_10081/SP0557_rev02_00/RTL/SP0557/slv_com/slvadr_cnv.vhd'.
@N: CD140 :	| Using the VHDL 2008 Standard for file 'C:/work/S127M/PCBNo_10081/SP0557_rev02_00/RTL/SP0557/sp_conv/SPI_master2.vhd'.
@N: CD140 :	| Using the VHDL 2008 Standard for file 'C:/work/S127M/PCBNo_10081/SP0557_rev02_00/RTL/IPcore/dcfifo_rx_b1/dcfifo_rx_b1.vhd'.
@N: CD140 :	| Using the VHDL 2008 Standard for file 'C:/work/S127M/PCBNo_10081/SP0557_rev02_00/RTL/IPcore/dcfifo_rx_b2/dcfifo_rx_b2.vhd'.
@N: CD140 :	| Using the VHDL 2008 Standard for file 'C:/work/S127M/PCBNo_10081/SP0557_rev02_00/RTL/IPcore/dcfifo_tx_b1/dcfifo_tx_b1.vhd'.
@N: CD140 :	| Using the VHDL 2008 Standard for file 'C:/work/S127M/PCBNo_10081/SP0557_rev02_00/RTL/IPcore/dcfifo_tx_b2/dcfifo_tx_b2.vhd'.
@N: CD140 :	| Using the VHDL 2008 Standard for file 'C:/work/S127M/PCBNo_10081/SP0557_rev02_00/RTL/IPcore/pll_gen/pll_gen.vhd'.
@N: CD140 :	| Using the VHDL 2008 Standard for file 'C:/work/S127M/PCBNo_10081/SP0557_rev02_00/RTL/SP0557/ad_ctrl/ad_ctrl.vhd'.
@N: CD140 :	| Using the VHDL 2008 Standard for file 'C:/work/S127M/PCBNo_10081/SP0557_rev02_00/RTL/SP0557/compactppmc/ppmc_plsgen.vhd'.
@N: CD140 :	| Using the VHDL 2008 Standard for file 'C:/work/S127M/PCBNo_10081/SP0557_rev02_00/RTL/SP0557/compactppmc/ppmc_reg_S118M.vhd'.
@N: CD140 :	| Using the VHDL 2008 Standard for file 'C:/work/S127M/PCBNo_10081/SP0557_rev02_00/RTL/SP0557/compactppmc/ppmc_top_S118M.vhd'.
@N: CD140 :	| Using the VHDL 2008 Standard for file 'C:/work/S127M/PCBNo_10081/SP0557_rev02_00/RTL/SP0557/DAC43608/i2c_master_wb_top.vhd'.
@N: CD140 :	| Using the VHDL 2008 Standard for file 'C:/work/S127M/PCBNo_10081/SP0557_rev02_00/RTL/SP0557/DAC43608/DAC43608_top.vhd'.
@N: CD140 :	| Using the VHDL 2008 Standard for file 'C:/work/S127M/PCBNo_10081/SP0557_rev02_00/RTL/SP0557/encoder/enc_top.vhd'.
@N: CD140 :	| Using the VHDL 2008 Standard for file 'C:/work/S127M/PCBNo_10081/SP0557_rev02_00/RTL/SP0557/encoder/enc_func_top.vhd'.
@N: CD140 :	| Using the VHDL 2008 Standard for file 'C:/work/S127M/PCBNo_10081/SP0557_rev02_00/RTL/SP0557/gpio/gpio_reg.vhd'.
@N: CD140 :	| Using the VHDL 2008 Standard for file 'C:/work/S127M/PCBNo_10081/SP0557_rev02_00/RTL/SP0557/gpio/gpio_top.vhd'.
@N: CD140 :	| Using the VHDL 2008 Standard for file 'C:/work/S127M/PCBNo_10081/SP0557_rev02_00/RTL/SP0557/LEDLT/AD8402_CTRL/AD8402_CTRL.vhd'.
@N: CD140 :	| Using the VHDL 2008 Standard for file 'C:/work/S127M/PCBNo_10081/SP0557_rev02_00/RTL/SP0557/LEDLT/LEDLT_TOP.vhd'.
@N: CD140 :	| Using the VHDL 2008 Standard for file 'C:/work/S127M/PCBNo_10081/SP0557_rev02_00/RTL/SP0557/slv_com/rx_com/dec8b10b_new.vhd'.
@N: CD140 :	| Using the VHDL 2008 Standard for file 'C:/work/S127M/PCBNo_10081/SP0557_rev02_00/RTL/SP0557/slv_com/rx_com/dec8b10b_wrapper.vhd'.
@N: CD140 :	| Using the VHDL 2008 Standard for file 'C:/work/S127M/PCBNo_10081/SP0557_rev02_00/RTL/SP0557/slv_com/rx_com/rx_cont_b1.vhd'.
@N: CD140 :	| Using the VHDL 2008 Standard for file 'C:/work/S127M/PCBNo_10081/SP0557_rev02_00/RTL/SP0557/slv_com/rx_com/rx_cont_b2.vhd'.
@N: CD140 :	| Using the VHDL 2008 Standard for file 'C:/work/S127M/PCBNo_10081/SP0557_rev02_00/RTL/SP0557/slv_com/tx_com/enc8b_10b.vhd'.
@N: CD140 :	| Using the VHDL 2008 Standard for file 'C:/work/S127M/PCBNo_10081/SP0557_rev02_00/RTL/SP0557/slv_com/tx_com/enc8b10b_new.vhd'.
@N: CD140 :	| Using the VHDL 2008 Standard for file 'C:/work/S127M/PCBNo_10081/SP0557_rev02_00/RTL/SP0557/slv_com/tx_com/enc8b10b_wrapper.vhd'.
@N: CD140 :	| Using the VHDL 2008 Standard for file 'C:/work/S127M/PCBNo_10081/SP0557_rev02_00/RTL/SP0557/slv_com/tx_com/tx_cont_b1.vhd'.
@N: CD140 :	| Using the VHDL 2008 Standard for file 'C:/work/S127M/PCBNo_10081/SP0557_rev02_00/RTL/SP0557/slv_com/tx_com/tx_cont_b2.vhd'.
@N: CD140 :	| Using the VHDL 2008 Standard for file 'C:/work/S127M/PCBNo_10081/SP0557_rev02_00/RTL/SP0557/slv_com/CLK_gen_S124M.vhd'.
@N: CD140 :	| Using the VHDL 2008 Standard for file 'C:/work/S127M/PCBNo_10081/SP0557_rev02_00/RTL/SP0557/slv_com/rx_com.vhd'.
@N: CD140 :	| Using the VHDL 2008 Standard for file 'C:/work/S127M/PCBNo_10081/SP0557_rev02_00/RTL/SP0557/slv_com/slv_ctrl_top.vhd'.
@N: CD140 :	| Using the VHDL 2008 Standard for file 'C:/work/S127M/PCBNo_10081/SP0557_rev02_00/RTL/SP0557/slv_com/tx_com.vhd'.
@N: CD140 :	| Using the VHDL 2008 Standard for file 'C:/work/S127M/PCBNo_10081/SP0557_rev02_00/RTL/SP0557/slv_com/slv_com_top.vhd'.
@N: CD140 :	| Using the VHDL 2008 Standard for file 'C:/work/S127M/PCBNo_10081/SP0557_rev02_00/RTL/SP0557/sp_conv/SIO_ctrl2.vhd'.
@N: CD140 :	| Using the VHDL 2008 Standard for file 'C:/work/S127M/PCBNo_10081/SP0557_rev02_00/RTL/SP0557/sp_conv/sp_conv.vhd'.
@N: CD140 :	| Using the VHDL 2008 Standard for file 'C:/work/S127M/PCBNo_10081/SP0557_rev02_00/RTL/SP0557.vhd'.
@N: CD140 :	| Using the VHDL 2008 Standard for file 'C:/work/S127M/PCBNo_10081/SP0557_rev02_00/RTL/IPcore/IPcore.vhd'.
@N: CD140 :	| Using the VHDL 2008 Standard for file 'C:/work/S127M/PCBNo_10081/SP0557_rev02_00/RTL/SP0557/slaveid_top/slaveid_top.vhd'.

At c_vhdl Exit (Real Time elapsed 0h:00m:00s; CPU Time elapsed 0h:00m:00s; Memory used current: 106MB peak: 106MB)

Process took 0h:00m:01s realtime, 0h:00m:01s cputime

Process completed successfully.
# Wed Jan 28 14:54:01 2026

###########################################################]
