
Copyright (C) 1994-2023 Synopsys, Inc.
This Synopsys software and all associated documentation are proprietary to Synopsys, Inc.
and may only be used pursuant to the terms and conditions of a written license agreement
with Synopsys, Inc. All other use, reproduction, modification, or distribution of the
Synopsys software or the associated documentation is strictly prohibited.
Tool: Synplify Pro (R)
Build: U-2023.03L-SP1
Install: C:\lscc\diamond\3.13\synpbase
OS: Windows 10 or later
Hostname: SCPP006598

Implementation : SP0557
Synopsys HDL compiler and linker, Version comp202303synp1, Build 173R, Built Aug 31 2023 03:59:48, @

Modified Files: 6
FID:  path (prevtimestamp, timestamp)
13       C:\work\S127M\PCBNo_10081\SP0557_rev02_00\RTL\IPcore\IPcore.vhd (2025-02-13 08:58:54, 2026-01-28 14:53:48)
14       C:\work\S127M\PCBNo_10081\SP0557_rev02_00\RTL\IPcore\dcfifo_rx_b1\dcfifo_rx_b1.vhd (2025-02-13 08:58:49, 2026-01-28 14:53:45)
15       C:\work\S127M\PCBNo_10081\SP0557_rev02_00\RTL\IPcore\dcfifo_rx_b2\dcfifo_rx_b2.vhd (2025-02-13 08:58:44, 2026-01-28 14:53:39)
16       C:\work\S127M\PCBNo_10081\SP0557_rev02_00\RTL\IPcore\dcfifo_tx_b1\dcfifo_tx_b1.vhd (2025-02-13 08:58:38, 2026-01-28 14:53:32)
17       C:\work\S127M\PCBNo_10081\SP0557_rev02_00\RTL\IPcore\dcfifo_tx_b2\dcfifo_tx_b2.vhd (2026-01-28 14:40:23, 2026-01-28 14:53:25)
18       C:\work\S127M\PCBNo_10081\SP0557_rev02_00\RTL\IPcore\pll_gen\pll_gen.vhd (2025-02-22 16:53:14, 2026-01-28 14:53:48)

*******************************************************************
Modules that may have changed as a result of file changes: 6
MID:  lib.cell.view
28       work.dcfifo_rx_b1.structure may have changed because the following files changed:
                        C:\work\S127M\PCBNo_10081\SP0557_rev02_00\RTL\IPcore\IPcore.vhd (2025-02-13 08:58:54, 2026-01-28 14:53:48) <-- (may instantiate this module)
                        C:\work\S127M\PCBNo_10081\SP0557_rev02_00\RTL\IPcore\dcfifo_rx_b1\dcfifo_rx_b1.vhd (2025-02-13 08:58:49, 2026-01-28 14:53:45) <-- (architecture and entity definition)
30       work.dcfifo_rx_b2.structure may have changed because the following files changed:
                        C:\work\S127M\PCBNo_10081\SP0557_rev02_00\RTL\IPcore\IPcore.vhd (2025-02-13 08:58:54, 2026-01-28 14:53:48) <-- (may instantiate this module)
                        C:\work\S127M\PCBNo_10081\SP0557_rev02_00\RTL\IPcore\dcfifo_rx_b2\dcfifo_rx_b2.vhd (2025-02-13 08:58:44, 2026-01-28 14:53:39) <-- (architecture and entity definition)
32       work.dcfifo_tx_b1.structure may have changed because the following files changed:
                        C:\work\S127M\PCBNo_10081\SP0557_rev02_00\RTL\IPcore\IPcore.vhd (2025-02-13 08:58:54, 2026-01-28 14:53:48) <-- (may instantiate this module)
                        C:\work\S127M\PCBNo_10081\SP0557_rev02_00\RTL\IPcore\dcfifo_tx_b1\dcfifo_tx_b1.vhd (2025-02-13 08:58:38, 2026-01-28 14:53:32) <-- (architecture and entity definition)
34       work.dcfifo_tx_b2.structure may have changed because the following files changed:
                        C:\work\S127M\PCBNo_10081\SP0557_rev02_00\RTL\IPcore\IPcore.vhd (2025-02-13 08:58:54, 2026-01-28 14:53:48) <-- (may instantiate this module)
                        C:\work\S127M\PCBNo_10081\SP0557_rev02_00\RTL\IPcore\dcfifo_tx_b2\dcfifo_tx_b2.vhd (2026-01-28 14:40:23, 2026-01-28 14:53:25) <-- (architecture and entity definition)
86       work.ipcore.ipcore may have changed because the following files changed:
                        C:\work\S127M\PCBNo_10081\SP0557_rev02_00\RTL\IPcore\IPcore.vhd (2025-02-13 08:58:54, 2026-01-28 14:53:48) <-- (architecture and entity definition)
94       work.pll_gen.structure may have changed because the following files changed:
                        C:\work\S127M\PCBNo_10081\SP0557_rev02_00\RTL\IPcore\IPcore.vhd (2025-02-13 08:58:54, 2026-01-28 14:53:48) <-- (may instantiate this module)
                        C:\work\S127M\PCBNo_10081\SP0557_rev02_00\RTL\IPcore\pll_gen\pll_gen.vhd (2025-02-22 16:53:14, 2026-01-28 14:53:48) <-- (architecture and entity definition)

*******************************************************************
Unmodified files: 97
FID:  path (timestamp)
0        C:\lscc\diamond\3.13\cae_library\synthesis\vhdl\ecp5u.vhd (2021-02-25 00:38:14)
1        C:\lscc\diamond\3.13\synpbase\lib\lucent\ecp5u.vhd (2023-08-10 11:56:40)
2        C:\lscc\diamond\3.13\synpbase\lib\vhd2008\arith.vhd (2023-08-10 09:32:12)
3        C:\lscc\diamond\3.13\synpbase\lib\vhd2008\location.map (2023-08-30 16:00:02)
4        C:\lscc\diamond\3.13\synpbase\lib\vhd2008\misc.vhd (2023-08-10 09:32:12)
5        C:\lscc\diamond\3.13\synpbase\lib\vhd2008\numeric.vhd (2023-08-10 09:55:24)
6        C:\lscc\diamond\3.13\synpbase\lib\vhd2008\std.vhd (2023-08-10 09:32:12)
7        C:\lscc\diamond\3.13\synpbase\lib\vhd2008\std1164.vhd (2023-08-10 09:32:12)
8        C:\lscc\diamond\3.13\synpbase\lib\vhd2008\std_textio.vhd (2023-08-10 09:32:12)
9        C:\lscc\diamond\3.13\synpbase\lib\vhd2008\unsigned.vhd (2023-08-10 09:32:12)
10       C:\lscc\diamond\3.13\synpbase\lib\vhd\hyperents.vhd (2023-08-10 09:32:12)
11       C:\lscc\diamond\3.13\synpbase\lib\vhd\snps_haps_pkg.vhd (2023-08-10 09:32:12)
12       C:\lscc\diamond\3.13\synpbase\lib\vhd\umr_capim.vhd (2023-08-10 09:32:12)
19       C:\work\S127M\PCBNo_10081\SP0557_rev02_00\RTL\SP0557.vhd (2026-01-28 14:21:38)
20       C:\work\S127M\PCBNo_10081\SP0557_rev02_00\RTL\SP0557\DAC43608\CTRL_32CH.vhd (2025-11-26 13:42:39)
21       C:\work\S127M\PCBNo_10081\SP0557_rev02_00\RTL\SP0557\DAC43608\DAC43608_top.vhd (2025-11-18 17:09:51)
22       C:\work\S127M\PCBNo_10081\SP0557_rev02_00\RTL\SP0557\DAC43608\DAC_CTRL_1CH.vhd (2022-12-09 17:33:14)
23       C:\work\S127M\PCBNo_10081\SP0557_rev02_00\RTL\SP0557\DAC43608\i2c_master_bit_ctrl.vhd (2025-11-26 13:49:23)
24       C:\work\S127M\PCBNo_10081\SP0557_rev02_00\RTL\SP0557\DAC43608\i2c_master_byte_ctrl.vhd (2010-10-05 00:09:50)
25       C:\work\S127M\PCBNo_10081\SP0557_rev02_00\RTL\SP0557\DAC43608\i2c_master_registers.vhd (2010-10-05 00:09:58)
26       C:\work\S127M\PCBNo_10081\SP0557_rev02_00\RTL\SP0557\DAC43608\i2c_master_wb_top.vhd (2025-11-26 13:49:29)
27       C:\work\S127M\PCBNo_10081\SP0557_rev02_00\RTL\SP0557\EFUSE_CTRL\EFUSE_CTRL.vhd (2026-01-21 14:00:56)
28       C:\work\S127M\PCBNo_10081\SP0557_rev02_00\RTL\SP0557\LEDLT\AD8402_CTRL\AD8402_CTRL.vhd (2022-12-22 21:40:44)
29       C:\work\S127M\PCBNo_10081\SP0557_rev02_00\RTL\SP0557\LEDLT\AD8402_CTRL\ad8402.vhd (2010-04-16 23:25:58)
30       C:\work\S127M\PCBNo_10081\SP0557_rev02_00\RTL\SP0557\LEDLT\LEDLT_TOP.vhd (2025-12-11 08:13:45)
31       C:\work\S127M\PCBNo_10081\SP0557_rev02_00\RTL\SP0557\LEDLT\TLC5916_CTRL.vhd (2025-12-01 15:32:13)
32       C:\work\S127M\PCBNo_10081\SP0557_rev02_00\RTL\SP0557\ad_ctrl\ad_ctrl.vhd (2025-11-26 13:35:18)
33       C:\work\S127M\PCBNo_10081\SP0557_rev02_00\RTL\SP0557\ad_ctrl\adc_reg.vhd (2025-10-28 17:29:55)
34       C:\work\S127M\PCBNo_10081\SP0557_rev02_00\RTL\SP0557\ad_ctrl\adclk_gen.vhd (2025-10-28 09:57:01)
35       C:\work\S127M\PCBNo_10081\SP0557_rev02_00\RTL\SP0557\ad_ctrl\adif_seq.vhd (2025-10-28 09:55:09)
36       C:\work\S127M\PCBNo_10081\SP0557_rev02_00\RTL\SP0557\ad_ctrl\shiftreg12bit.vhd (2025-10-28 17:46:40)
37       C:\work\S127M\PCBNo_10081\SP0557_rev02_00\RTL\SP0557\compactppmc\ppmc_acc_tim_gen.vhd (2020-01-29 22:57:24)
38       C:\work\S127M\PCBNo_10081\SP0557_rev02_00\RTL\SP0557\compactppmc\ppmc_cmdchk.vhd (2020-01-29 22:57:24)
39       C:\work\S127M\PCBNo_10081\SP0557_rev02_00\RTL\SP0557\compactppmc\ppmc_ctrl.vhd (2025-11-26 09:33:36)
40       C:\work\S127M\PCBNo_10081\SP0557_rev02_00\RTL\SP0557\compactppmc\ppmc_dec.vhd (2025-09-30 15:21:18)
41       C:\work\S127M\PCBNo_10081\SP0557_rev02_00\RTL\SP0557\compactppmc\ppmc_enblr_S118M.vhd (2021-02-23 11:01:16)
42       C:\work\S127M\PCBNo_10081\SP0557_rev02_00\RTL\SP0557\compactppmc\ppmc_id.vhd (2020-01-29 22:57:24)
43       C:\work\S127M\PCBNo_10081\SP0557_rev02_00\RTL\SP0557\compactppmc\ppmc_phgen.vhd (2020-01-29 22:57:24)
44       C:\work\S127M\PCBNo_10081\SP0557_rev02_00\RTL\SP0557\compactppmc\ppmc_pls_cnt.vhd (2021-07-28 16:56:02)
45       C:\work\S127M\PCBNo_10081\SP0557_rev02_00\RTL\SP0557\compactppmc\ppmc_plsgen.vhd (2020-01-29 22:57:24)
46       C:\work\S127M\PCBNo_10081\SP0557_rev02_00\RTL\SP0557\compactppmc\ppmc_reg_S118M.vhd (2025-11-26 11:42:41)
47       C:\work\S127M\PCBNo_10081\SP0557_rev02_00\RTL\SP0557\compactppmc\ppmc_rgstr.vhd (2025-11-26 09:34:31)
48       C:\work\S127M\PCBNo_10081\SP0557_rev02_00\RTL\SP0557\compactppmc\ppmc_speed_cnt.vhd (2025-12-17 15:05:05)
49       C:\work\S127M\PCBNo_10081\SP0557_rev02_00\RTL\SP0557\compactppmc\ppmc_timer_cnt.vhd (2020-01-29 22:57:24)
50       C:\work\S127M\PCBNo_10081\SP0557_rev02_00\RTL\SP0557\compactppmc\ppmc_top_S118M.vhd (2025-11-26 09:31:04)
51       C:\work\S127M\PCBNo_10081\SP0557_rev02_00\RTL\SP0557\compactppmc\ppmc_u_step_ext.vhd (2025-09-30 13:00:54)
52       C:\work\S127M\PCBNo_10081\SP0557_rev02_00\RTL\SP0557\encoder\enc_func_top.vhd (2025-11-26 08:56:31)
53       C:\work\S127M\PCBNo_10081\SP0557_rev02_00\RTL\SP0557\encoder\enc_lmt.vhd (2025-11-26 13:17:44)
54       C:\work\S127M\PCBNo_10081\SP0557_rev02_00\RTL\SP0557\encoder\enc_top.vhd (2025-05-13 13:46:06)
55       C:\work\S127M\PCBNo_10081\SP0557_rev02_00\RTL\SP0557\encoder\encoder_2bit.vhd (2020-02-07 20:15:16)
56       C:\work\S127M\PCBNo_10081\SP0557_rev02_00\RTL\SP0557\gpio\gpio_id.vhd (2006-02-28 11:55:52)
57       C:\work\S127M\PCBNo_10081\SP0557_rev02_00\RTL\SP0557\gpio\gpio_ip_reg.vhd (2006-02-28 11:55:52)
58       C:\work\S127M\PCBNo_10081\SP0557_rev02_00\RTL\SP0557\gpio\gpio_op_reg.vhd (2006-02-28 11:55:52)
59       C:\work\S127M\PCBNo_10081\SP0557_rev02_00\RTL\SP0557\gpio\gpio_reg.vhd (2006-02-28 11:55:52)
60       C:\work\S127M\PCBNo_10081\SP0557_rev02_00\RTL\SP0557\gpio\gpio_top.vhd (2025-11-26 09:31:26)
61       C:\work\S127M\PCBNo_10081\SP0557_rev02_00\RTL\SP0557\pls_sens\pls_sens.vhd (2025-11-26 11:43:31)
62       C:\work\S127M\PCBNo_10081\SP0557_rev02_00\RTL\SP0557\slaveid_top\slaveid_id.vhd (2017-04-20 20:06:20)
63       C:\work\S127M\PCBNo_10081\SP0557_rev02_00\RTL\SP0557\slaveid_top\slaveid_top.vhd (2025-11-26 09:31:59)
64       C:\work\S127M\PCBNo_10081\SP0557_rev02_00\RTL\SP0557\slv_clk_gen.vhd (2025-11-26 13:53:09)
65       C:\work\S127M\PCBNo_10081\SP0557_rev02_00\RTL\SP0557\slv_com\CLK_gen_S124M.vhd (2025-01-09 14:21:14)
66       C:\work\S127M\PCBNo_10081\SP0557_rev02_00\RTL\SP0557\slv_com\cds.vhd (2025-11-26 14:21:40)
67       C:\work\S127M\PCBNo_10081\SP0557_rev02_00\RTL\SP0557\slv_com\rst_cnt.vhd (2025-02-21 14:57:50)
68       C:\work\S127M\PCBNo_10081\SP0557_rev02_00\RTL\SP0557\slv_com\rx_com.vhd (2025-11-26 14:23:14)
69       C:\work\S127M\PCBNo_10081\SP0557_rev02_00\RTL\SP0557\slv_com\rx_com\crc_check.vhd (2006-02-28 12:57:54)
70       C:\work\S127M\PCBNo_10081\SP0557_rev02_00\RTL\SP0557\slv_com\rx_com\dec4b_3b.vhd (2007-12-25 19:56:42)
71       C:\work\S127M\PCBNo_10081\SP0557_rev02_00\RTL\SP0557\slv_com\rx_com\dec6b_5b.vhd (2007-12-19 17:07:46)
72       C:\work\S127M\PCBNo_10081\SP0557_rev02_00\RTL\SP0557\slv_com\rx_com\dec8b10b_new.vhd (2007-12-19 10:23:32)
73       C:\work\S127M\PCBNo_10081\SP0557_rev02_00\RTL\SP0557\slv_com\rx_com\dec8b10b_wrapper.vhd (2007-12-19 19:24:34)
74       C:\work\S127M\PCBNo_10081\SP0557_rev02_00\RTL\SP0557\slv_com\rx_com\rx_cont_b1.vhd (2024-11-22 15:22:12)
75       C:\work\S127M\PCBNo_10081\SP0557_rev02_00\RTL\SP0557\slv_com\rx_com\rx_cont_b2.vhd (2024-11-22 15:13:10)
76       C:\work\S127M\PCBNo_10081\SP0557_rev02_00\RTL\SP0557\slv_com\rx_com\rx_ctl_1st.vhd (2006-02-28 12:57:54)
77       C:\work\S127M\PCBNo_10081\SP0557_rev02_00\RTL\SP0557\slv_com\rx_com\rx_ctl_3rd.vhd (2006-02-28 12:57:54)
78       C:\work\S127M\PCBNo_10081\SP0557_rev02_00\RTL\SP0557\slv_com\slv_com_top.vhd (2025-11-26 15:16:48)
79       C:\work\S127M\PCBNo_10081\SP0557_rev02_00\RTL\SP0557\slv_com\slv_ctrl\adr_sel.vhd (2014-08-25 09:09:18)
80       C:\work\S127M\PCBNo_10081\SP0557_rev02_00\RTL\SP0557\slv_com\slv_ctrl\nd_sel.vhd (2006-02-28 11:55:54)
81       C:\work\S127M\PCBNo_10081\SP0557_rev02_00\RTL\SP0557\slv_com\slv_ctrl\node_sel.vhd (2006-02-28 11:55:54)
82       C:\work\S127M\PCBNo_10081\SP0557_rev02_00\RTL\SP0557\slv_com\slv_ctrl\slv_rx_ctrl.vhd (2025-11-26 15:03:14)
83       C:\work\S127M\PCBNo_10081\SP0557_rev02_00\RTL\SP0557\slv_com\slv_ctrl\slv_tx_ctrl.vhd (2025-11-26 15:08:34)
84       C:\work\S127M\PCBNo_10081\SP0557_rev02_00\RTL\SP0557\slv_com\slv_ctrl_top.vhd (2025-11-26 14:47:31)
85       C:\work\S127M\PCBNo_10081\SP0557_rev02_00\RTL\SP0557\slv_com\slvadr_cnv.vhd (2006-02-28 11:55:54)
86       C:\work\S127M\PCBNo_10081\SP0557_rev02_00\RTL\SP0557\slv_com\tx_com.vhd (2025-11-26 15:19:28)
87       C:\work\S127M\PCBNo_10081\SP0557_rev02_00\RTL\SP0557\slv_com\tx_com\crc_gen.vhd (2006-02-28 12:57:54)
88       C:\work\S127M\PCBNo_10081\SP0557_rev02_00\RTL\SP0557\slv_com\tx_com\enc3b_4b.vhd (2024-12-02 14:15:54)
89       C:\work\S127M\PCBNo_10081\SP0557_rev02_00\RTL\SP0557\slv_com\tx_com\enc5b_6b.vhd (2024-12-02 14:13:54)
90       C:\work\S127M\PCBNo_10081\SP0557_rev02_00\RTL\SP0557\slv_com\tx_com\enc8b10b_new.vhd (2007-12-18 17:05:18)
91       C:\work\S127M\PCBNo_10081\SP0557_rev02_00\RTL\SP0557\slv_com\tx_com\enc8b10b_wrapper.vhd (2025-11-26 14:44:50)
92       C:\work\S127M\PCBNo_10081\SP0557_rev02_00\RTL\SP0557\slv_com\tx_com\enc8b_10b.vhd (2007-12-18 18:21:02)
93       C:\work\S127M\PCBNo_10081\SP0557_rev02_00\RTL\SP0557\slv_com\tx_com\tx_cont_b1.vhd (2024-11-22 15:04:25)
94       C:\work\S127M\PCBNo_10081\SP0557_rev02_00\RTL\SP0557\slv_com\tx_com\tx_cont_b2.vhd (2025-11-26 14:44:00)
95       C:\work\S127M\PCBNo_10081\SP0557_rev02_00\RTL\SP0557\slv_com\tx_com\tx_ctl_1st.vhd (2006-02-28 12:57:54)
96       C:\work\S127M\PCBNo_10081\SP0557_rev02_00\RTL\SP0557\slv_com\tx_com\tx_ctl_3rd.vhd (2006-02-28 12:57:54)
97       C:\work\S127M\PCBNo_10081\SP0557_rev02_00\RTL\SP0557\sp_conv\SIO_ctrl2.vhd (2024-11-25 15:20:05)
98       C:\work\S127M\PCBNo_10081\SP0557_rev02_00\RTL\SP0557\sp_conv\SPI_master2.vhd (2020-01-30 15:55:24)
99       C:\work\S127M\PCBNo_10081\SP0557_rev02_00\RTL\SP0557\sp_conv\sp_conv.vhd (2025-11-26 16:26:46)
100      C:\work\S127M\PCBNo_10081\SP0557_rev02_00\RTL\com\fc_dec.vhd (2006-02-28 11:55:52)
101      C:\work\S127M\PCBNo_10081\SP0557_rev02_00\RTL\com\fc_sel.vhd (2006-02-28 11:55:52)
102      C:\work\S127M\PCBNo_10081\SP0557_rev02_00\RTL\com\w_pack.vhd (2026-01-26 16:33:37)

*******************************************************************
Unchanged modules: 166
MID:  lib.cell.view
0        work.ad8402.rtl
1        work.ad8402.vhdl
2        work.ad8402_ctrl.rtl
3        work.ad8402_ctrl.vhdl
4        work.ad_ctrl.rtl
5        work.ad_ctrl.vhdl
6        work.adc_reg.rtl
7        work.adc_reg.vhdl
8        work.adclk_gen.rtl
9        work.adclk_gen.vhdl
10       work.adif_seq.rtl
11       work.adif_seq.vhdl
12       work.adr_sel.rtl
13       work.adr_sel.vhdl
14       work.cds.rtl
15       work.cds.vhdl
16       work.clk_gen_s124m.rtl
17       work.clk_gen_s124m.vhdl
18       work.crc_check.rtl
19       work.crc_check.vhdl
20       work.crc_gen.rtl
21       work.crc_gen.vhdl
22       work.ctrl_32ch.rtl
23       work.ctrl_32ch.vhdl
24       work.dac43608_top.rtl
25       work.dac43608_top.vhdl
26       work.dac_ctrl_1ch.rtl
27       work.dac_ctrl_1ch.vhdl
36       work.dec4b_3b.rtl
37       work.dec4b_3b.vhdl
38       work.dec6b_5b.rtl
39       work.dec6b_5b.vhdl
40       work.dec8b10b_new.rtl
41       work.dec8b10b_new.vhdl
42       work.dec8b10b_wrapper.vhdl
43       work.dec8b10b_wrapper.wrapper
44       work.efuse_ctrl.rtl
45       work.efuse_ctrl.vhdl
46       work.enc3b_4b.rtl
47       work.enc3b_4b.vhdl
48       work.enc5b_6b.rtl
49       work.enc5b_6b.vhdl
50       work.enc8b10b_new.rtl
51       work.enc8b10b_new.vhdl
52       work.enc8b10b_wrapper.vhdl
53       work.enc8b10b_wrapper.wrapper
54       work.enc8b_10b.rtl
55       work.enc8b_10b.vhdl
56       work.enc_func_top.rtl
57       work.enc_func_top.vhdl
58       work.enc_lmt.rtl
59       work.enc_lmt.vhdl
60       work.enc_top.rtl
61       work.enc_top.vhdl
62       work.encoder_2bit.rtl
63       work.encoder_2bit.vhdl
64       work.fc_dec.rtl
65       work.fc_dec.vhdl
66       work.fc_sel.rtl
67       work.fc_sel.vhdl
68       work.gpio_id.rtl
69       work.gpio_id.vhdl
70       work.gpio_ip_reg.rtl
71       work.gpio_ip_reg.vhdl
72       work.gpio_op_reg.rtl
73       work.gpio_op_reg.vhdl
74       work.gpio_reg.rtl
75       work.gpio_reg.vhdl
76       work.gpio_top.rtl
77       work.gpio_top.vhdl
78       work.i2c_master_bit_ctrl.arch
79       work.i2c_master_bit_ctrl.vhdl
80       work.i2c_master_byte_ctrl.arch
81       work.i2c_master_byte_ctrl.vhdl
82       work.i2c_master_registers.arch
83       work.i2c_master_registers.vhdl
84       work.i2c_master_wb_top.arch
85       work.i2c_master_wb_top.vhdl
88       work.ledlt_top.rtl
89       work.ledlt_top.vhdl
90       work.nd_sel.rtl
91       work.nd_sel.vhdl
92       work.node_sel.rtl
93       work.node_sel.vhdl
96       work.pls_sens.rtl
97       work.pls_sens.vhdl
98       work.ppmc_acc_tim_gen.rtl
99       work.ppmc_acc_tim_gen.vhdl
100      work.ppmc_cmdchk.rtl
101      work.ppmc_cmdchk.vhdl
102      work.ppmc_ctrl.rtl
103      work.ppmc_ctrl.vhdl
104      work.ppmc_dec.rtl
105      work.ppmc_dec.vhdl
106      work.ppmc_enblr_s118m.rtl
107      work.ppmc_enblr_s118m.vhdl
108      work.ppmc_id.rtl
109      work.ppmc_id.vhdl
110      work.ppmc_phgen.rtl
111      work.ppmc_phgen.vhdl
112      work.ppmc_pls_cnt.rtl
113      work.ppmc_pls_cnt.vhdl
114      work.ppmc_plsgen.rtl
115      work.ppmc_plsgen.vhdl
116      work.ppmc_reg_s118m.rtl
117      work.ppmc_reg_s118m.vhdl
118      work.ppmc_rgstr.rtl
119      work.ppmc_rgstr.vhdl
120      work.ppmc_speed_cnt.rtl
121      work.ppmc_speed_cnt.vhdl
122      work.ppmc_timer_cnt.rtl
123      work.ppmc_timer_cnt.vhdl
124      work.ppmc_top_s118m.rtl
125      work.ppmc_top_s118m.vhdl
126      work.ppmc_u_step_ext.rtl
127      work.ppmc_u_step_ext.vhdl
128      work.rst_cnt.rtl
129      work.rst_cnt.vhdl
130      work.rx_com.rtl
131      work.rx_com.vhdl
132      work.rx_cont_b1.rtl
133      work.rx_cont_b1.vhdl
134      work.rx_cont_b2.rtl
135      work.rx_cont_b2.vhdl
136      work.rx_ctl_1st.rtl
137      work.rx_ctl_1st.vhdl
138      work.rx_ctl_3rd.rtl
139      work.rx_ctl_3rd.vhdl
140      work.shiftreg12bit.rtl
141      work.shiftreg12bit.vhdl
142      work.sio_ctrl2.rtl
143      work.sio_ctrl2.vhdl
144      work.slaveid_id.rtl
145      work.slaveid_id.vhdl
146      work.slaveid_top.rtl
147      work.slaveid_top.vhdl
148      work.slv_clk_gen.rtl
149      work.slv_clk_gen.vhdl
150      work.slv_com_top.rtl
151      work.slv_com_top.vhdl
152      work.slv_ctrl_top.rtl
153      work.slv_ctrl_top.vhdl
154      work.slv_rx_ctrl.rtl
155      work.slv_rx_ctrl.vhdl
156      work.slv_tx_ctrl.rtl
157      work.slv_tx_ctrl.vhdl
158      work.slvadr_cnv.rtl
159      work.slvadr_cnv.vhdl
160      work.sp0557.rtl
161      work.sp0557.vhdl
162      work.sp_conv.rtl
163      work.sp_conv.vhdl
164      work.spi_master2.rtl
165      work.spi_master2.vhdl
166      work.tlc5916_ctrl.rtl
167      work.tlc5916_ctrl.vhdl
168      work.tx_com.rtl
169      work.tx_com.vhdl
170      work.tx_cont_b1.rtl
171      work.tx_cont_b1.vhdl
172      work.tx_cont_b2.rtl
173      work.tx_cont_b2.vhdl
174      work.tx_ctl_1st.rtl
175      work.tx_ctl_1st.vhdl
176      work.tx_ctl_3rd.rtl
177      work.tx_ctl_3rd.vhdl
