C:\lscc\diamond\3.14\synpbase\bin64\c_vhdl.exe  -osyn  C:\FPGAwork\PCBNo.10081\FPGA\SP0557\synwork\SP0557_SP0557_hdl_.srs  -top  SP0557  -prodtype  synplify_pro  -dspmac -fixsmult -infer_seqShift -nram -sdff_counter -divnmod -nostructver  -lattice  -encrypt  -pro  -dmgen  C:\FPGAwork\PCBNo.10081\FPGA\SP0557\dm  -lite -ui -fid2 -ram -sharing on -ll 2000 -autosm  -vhdl2008 -work_is_curlib 0  -ignore_undefined_lib  -lib work C:\lscc\diamond\3.14\cae_library\synthesis\vhdl\ecp5u.vhd -lib work C:\FPGAwork\PCBNo.10081\FPGA\RTL\SP0557.vhd -lib work C:\FPGAwork\PCBNo.10081\FPGA\RTL\com\fc_dec.vhd -lib work C:\FPGAwork\PCBNo.10081\FPGA\RTL\com\fc_sel.vhd -lib work C:\FPGAwork\PCBNo.10081\FPGA\RTL\com\w_pack.vhd -lib work C:\FPGAwork\PCBNo.10081\FPGA\RTL\IPcore\dcfifo_rx_b1\dcfifo_rx_b1.vhd -lib work C:\FPGAwork\PCBNo.10081\FPGA\RTL\IPcore\dcfifo_rx_b2\dcfifo_rx_b2.vhd -lib work C:\FPGAwork\PCBNo.10081\FPGA\RTL\IPcore\dcfifo_tx_b1\dcfifo_tx_b1.vhd -lib work C:\FPGAwork\PCBNo.10081\FPGA\RTL\IPcore\dcfifo_tx_b2\dcfifo_tx_b2.vhd -lib work C:\FPGAwork\PCBNo.10081\FPGA\RTL\IPcore\pll_gen\pll_gen.vhd -lib work C:\FPGAwork\PCBNo.10081\FPGA\RTL\IPcore\IPcore.vhd -lib work C:\FPGAwork\PCBNo.10081\FPGA\RTL\SP0557\slv_clk_gen.vhd -lib work C:\FPGAwork\PCBNo.10081\FPGA\RTL\SP0557\ad_ctrl\ad_ctrl.vhd -lib work C:\FPGAwork\PCBNo.10081\FPGA\RTL\SP0557\ad_ctrl\adc_reg.vhd -lib work C:\FPGAwork\PCBNo.10081\FPGA\RTL\SP0557\ad_ctrl\adclk_gen.vhd -lib work C:\FPGAwork\PCBNo.10081\FPGA\RTL\SP0557\ad_ctrl\adif_seq.vhd -lib work C:\FPGAwork\PCBNo.10081\FPGA\RTL\SP0557\ad_ctrl\shiftreg12bit.vhd -lib work C:\FPGAwork\PCBNo.10081\FPGA\RTL\SP0557\compactppmc\ppmc_acc_tim_gen.vhd -lib work C:\FPGAwork\PCBNo.10081\FPGA\RTL\SP0557\compactppmc\ppmc_cmdchk.vhd -lib work C:\FPGAwork\PCBNo.10081\FPGA\RTL\SP0557\compactppmc\ppmc_ctrl.vhd -lib work C:\FPGAwork\PCBNo.10081\FPGA\RTL\SP0557\compactppmc\ppmc_dec.vhd -lib work C:\FPGAwork\PCBNo.10081\FPGA\RTL\SP0557\compactppmc\ppmc_enblr_S118M.vhd -lib work C:\FPGAwork\PCBNo.10081\FPGA\RTL\SP0557\compactppmc\ppmc_id.vhd -lib work C:\FPGAwork\PCBNo.10081\FPGA\RTL\SP0557\compactppmc\ppmc_phgen.vhd -lib work C:\FPGAwork\PCBNo.10081\FPGA\RTL\SP0557\compactppmc\ppmc_pls_cnt.vhd -lib work C:\FPGAwork\PCBNo.10081\FPGA\RTL\SP0557\compactppmc\ppmc_plsgen.vhd -lib work C:\FPGAwork\PCBNo.10081\FPGA\RTL\SP0557\compactppmc\ppmc_reg_S118M.vhd -lib work C:\FPGAwork\PCBNo.10081\FPGA\RTL\SP0557\compactppmc\ppmc_rgstr.vhd -lib work C:\FPGAwork\PCBNo.10081\FPGA\RTL\SP0557\compactppmc\ppmc_speed_cnt.vhd -lib work C:\FPGAwork\PCBNo.10081\FPGA\RTL\SP0557\compactppmc\ppmc_timer_cnt.vhd -lib work C:\FPGAwork\PCBNo.10081\FPGA\RTL\SP0557\compactppmc\ppmc_top_S118M.vhd -lib work C:\FPGAwork\PCBNo.10081\FPGA\RTL\SP0557\compactppmc\ppmc_u_step_ext.vhd -lib work C:\FPGAwork\PCBNo.10081\FPGA\RTL\SP0557\DAC43608\CTRL_32CH.vhd -lib work C:\FPGAwork\PCBNo.10081\FPGA\RTL\SP0557\DAC43608\DAC_CTRL_1CH.vhd -lib work C:\FPGAwork\PCBNo.10081\FPGA\RTL\SP0557\DAC43608\DAC43608_top.vhd -lib work C:\FPGAwork\PCBNo.10081\FPGA\RTL\SP0557\DAC43608\i2c_master_bit_ctrl.vhd -lib work C:\FPGAwork\PCBNo.10081\FPGA\RTL\SP0557\DAC43608\i2c_master_byte_ctrl.vhd -lib work C:\FPGAwork\PCBNo.10081\FPGA\RTL\SP0557\DAC43608\i2c_master_registers.vhd -lib work C:\FPGAwork\PCBNo.10081\FPGA\RTL\SP0557\DAC43608\i2c_master_wb_top.vhd -lib work C:\FPGAwork\PCBNo.10081\FPGA\RTL\SP0557\EFUSE_CTRL\EFUSE_CTRL.vhd -lib work C:\FPGAwork\PCBNo.10081\FPGA\RTL\SP0557\encoder\enc_func_top.vhd -lib work C:\FPGAwork\PCBNo.10081\FPGA\RTL\SP0557\encoder\enc_lmt.vhd -lib work C:\FPGAwork\PCBNo.10081\FPGA\RTL\SP0557\encoder\enc_top.vhd -lib work C:\FPGAwork\PCBNo.10081\FPGA\RTL\SP0557\encoder\encoder_2bit.vhd -lib work C:\FPGAwork\PCBNo.10081\FPGA\RTL\SP0557\gpio\gpio_id.vhd -lib work C:\FPGAwork\PCBNo.10081\FPGA\RTL\SP0557\gpio\gpio_ip_reg.vhd -lib work C:\FPGAwork\PCBNo.10081\FPGA\RTL\SP0557\gpio\gpio_op_reg.vhd -lib work C:\FPGAwork\PCBNo.10081\FPGA\RTL\SP0557\gpio\gpio_reg.vhd -lib work C:\FPGAwork\PCBNo.10081\FPGA\RTL\SP0557\gpio\gpio_top.vhd -lib work C:\FPGAwork\PCBNo.10081\FPGA\RTL\SP0557\LEDLT\LEDLT_TOP.vhd -lib work C:\FPGAwork\PCBNo.10081\FPGA\RTL\SP0557\LEDLT\TLC5916_CTRL.vhd -lib work C:\FPGAwork\PCBNo.10081\FPGA\RTL\SP0557\LEDLT\AD8402_CTRL\ad8402.vhd -lib work C:\FPGAwork\PCBNo.10081\FPGA\RTL\SP0557\LEDLT\AD8402_CTRL\AD8402_CTRL.vhd -lib work C:\FPGAwork\PCBNo.10081\FPGA\RTL\SP0557\pls_sens\pls_sens.vhd -lib work C:\FPGAwork\PCBNo.10081\FPGA\RTL\SP0557\slaveid_top\slaveid_id.vhd -lib work C:\FPGAwork\PCBNo.10081\FPGA\RTL\SP0557\slaveid_top\slaveid_top.vhd -lib work C:\FPGAwork\PCBNo.10081\FPGA\RTL\SP0557\slv_com\rx_com\crc_check.vhd -lib work C:\FPGAwork\PCBNo.10081\FPGA\RTL\SP0557\slv_com\rx_com\dec4b_3b.vhd -lib work C:\FPGAwork\PCBNo.10081\FPGA\RTL\SP0557\slv_com\rx_com\dec6b_5b.vhd -lib work C:\FPGAwork\PCBNo.10081\FPGA\RTL\SP0557\slv_com\rx_com\dec8b10b_new.vhd -lib work C:\FPGAwork\PCBNo.10081\FPGA\RTL\SP0557\slv_com\rx_com\dec8b10b_wrapper.vhd -lib work C:\FPGAwork\PCBNo.10081\FPGA\RTL\SP0557\slv_com\rx_com\rx_cont_b1.vhd -lib work C:\FPGAwork\PCBNo.10081\FPGA\RTL\SP0557\slv_com\rx_com\rx_cont_b2.vhd -lib work C:\FPGAwork\PCBNo.10081\FPGA\RTL\SP0557\slv_com\rx_com\rx_ctl_1st.vhd -lib work C:\FPGAwork\PCBNo.10081\FPGA\RTL\SP0557\slv_com\rx_com\rx_ctl_3rd.vhd -lib work C:\FPGAwork\PCBNo.10081\FPGA\RTL\SP0557\slv_com\slv_ctrl\adr_sel.vhd -lib work C:\FPGAwork\PCBNo.10081\FPGA\RTL\SP0557\slv_com\slv_ctrl\nd_sel.vhd -lib work C:\FPGAwork\PCBNo.10081\FPGA\RTL\SP0557\slv_com\slv_ctrl\node_sel.vhd -lib work C:\FPGAwork\PCBNo.10081\FPGA\RTL\SP0557\slv_com\slv_ctrl\slv_rx_ctrl.vhd -lib work C:\FPGAwork\PCBNo.10081\FPGA\RTL\SP0557\slv_com\slv_ctrl\slv_tx_ctrl.vhd -lib work C:\FPGAwork\PCBNo.10081\FPGA\RTL\SP0557\slv_com\tx_com\crc_gen.vhd -lib work C:\FPGAwork\PCBNo.10081\FPGA\RTL\SP0557\slv_com\tx_com\enc3b_4b.vhd -lib work C:\FPGAwork\PCBNo.10081\FPGA\RTL\SP0557\slv_com\tx_com\enc5b_6b.vhd -lib work C:\FPGAwork\PCBNo.10081\FPGA\RTL\SP0557\slv_com\tx_com\enc8b_10b.vhd -lib work C:\FPGAwork\PCBNo.10081\FPGA\RTL\SP0557\slv_com\tx_com\enc8b10b_new.vhd -lib work C:\FPGAwork\PCBNo.10081\FPGA\RTL\SP0557\slv_com\tx_com\enc8b10b_wrapper.vhd -lib work C:\FPGAwork\PCBNo.10081\FPGA\RTL\SP0557\slv_com\tx_com\tx_cont_b1.vhd -lib work C:\FPGAwork\PCBNo.10081\FPGA\RTL\SP0557\slv_com\tx_com\tx_cont_b2.vhd -lib work C:\FPGAwork\PCBNo.10081\FPGA\RTL\SP0557\slv_com\tx_com\tx_ctl_1st.vhd -lib work C:\FPGAwork\PCBNo.10081\FPGA\RTL\SP0557\slv_com\tx_com\tx_ctl_3rd.vhd -lib work C:\FPGAwork\PCBNo.10081\FPGA\RTL\SP0557\slv_com\cds.vhd -lib work C:\FPGAwork\PCBNo.10081\FPGA\RTL\SP0557\slv_com\CLK_gen_S124M.vhd -lib work C:\FPGAwork\PCBNo.10081\FPGA\RTL\SP0557\slv_com\rst_cnt.vhd -lib work C:\FPGAwork\PCBNo.10081\FPGA\RTL\SP0557\slv_com\rx_com.vhd -lib work C:\FPGAwork\PCBNo.10081\FPGA\RTL\SP0557\slv_com\slv_com_top.vhd -lib work C:\FPGAwork\PCBNo.10081\FPGA\RTL\SP0557\slv_com\slv_ctrl_top.vhd -lib work C:\FPGAwork\PCBNo.10081\FPGA\RTL\SP0557\slv_com\slvadr_cnv.vhd -lib work C:\FPGAwork\PCBNo.10081\FPGA\RTL\SP0557\slv_com\tx_com.vhd -lib work C:\FPGAwork\PCBNo.10081\FPGA\RTL\SP0557\sp_conv\SIO_ctrl2.vhd -lib work C:\FPGAwork\PCBNo.10081\FPGA\RTL\SP0557\sp_conv\sp_conv.vhd -lib work C:\FPGAwork\PCBNo.10081\FPGA\RTL\SP0557\sp_conv\SPI_master2.vhd  -log  C:\FPGAwork\PCBNo.10081\FPGA\SP0557\syntax.log  -fileorder  C:\FPGAwork\PCBNo.10081\FPGA\SP0557\syntmp\hdlorder.tcl  -jobname  "hdl_info_gen" 
relcom:..\..\..\..\..\lscc\diamond\3.14\synpbase\bin64\c_vhdl.exe -osyn ..\synwork\SP0557_SP0557_hdl_.srs -top SP0557 -prodtype synplify_pro -dspmac -fixsmult -infer_seqShift -nram -sdff_counter -divnmod -nostructver -lattice -encrypt -pro -dmgen ..\dm -lite -ui -fid2 -ram -sharing on -ll 2000 -autosm -vhdl2008 -work_is_curlib 0 -ignore_undefined_lib -lib work ..\..\..\..\..\lscc\diamond\3.14\cae_library\synthesis\vhdl\ecp5u.vhd -lib work ..\..\RTL\SP0557.vhd -lib work ..\..\RTL\com\fc_dec.vhd -lib work ..\..\RTL\com\fc_sel.vhd -lib work ..\..\RTL\com\w_pack.vhd -lib work ..\..\RTL\IPcore\dcfifo_rx_b1\dcfifo_rx_b1.vhd -lib work ..\..\RTL\IPcore\dcfifo_rx_b2\dcfifo_rx_b2.vhd -lib work ..\..\RTL\IPcore\dcfifo_tx_b1\dcfifo_tx_b1.vhd -lib work ..\..\RTL\IPcore\dcfifo_tx_b2\dcfifo_tx_b2.vhd -lib work ..\..\RTL\IPcore\pll_gen\pll_gen.vhd -lib work ..\..\RTL\IPcore\IPcore.vhd -lib work ..\..\RTL\SP0557\slv_clk_gen.vhd -lib work ..\..\RTL\SP0557\ad_ctrl\ad_ctrl.vhd -lib work ..\..\RTL\SP0557\ad_ctrl\adc_reg.vhd -lib work ..\..\RTL\SP0557\ad_ctrl\adclk_gen.vhd -lib work ..\..\RTL\SP0557\ad_ctrl\adif_seq.vhd -lib work ..\..\RTL\SP0557\ad_ctrl\shiftreg12bit.vhd -lib work ..\..\RTL\SP0557\compactppmc\ppmc_acc_tim_gen.vhd -lib work ..\..\RTL\SP0557\compactppmc\ppmc_cmdchk.vhd -lib work ..\..\RTL\SP0557\compactppmc\ppmc_ctrl.vhd -lib work ..\..\RTL\SP0557\compactppmc\ppmc_dec.vhd -lib work ..\..\RTL\SP0557\compactppmc\ppmc_enblr_S118M.vhd -lib work ..\..\RTL\SP0557\compactppmc\ppmc_id.vhd -lib work ..\..\RTL\SP0557\compactppmc\ppmc_phgen.vhd -lib work ..\..\RTL\SP0557\compactppmc\ppmc_pls_cnt.vhd -lib work ..\..\RTL\SP0557\compactppmc\ppmc_plsgen.vhd -lib work ..\..\RTL\SP0557\compactppmc\ppmc_reg_S118M.vhd -lib work ..\..\RTL\SP0557\compactppmc\ppmc_rgstr.vhd -lib work ..\..\RTL\SP0557\compactppmc\ppmc_speed_cnt.vhd -lib work ..\..\RTL\SP0557\compactppmc\ppmc_timer_cnt.vhd -lib work ..\..\RTL\SP0557\compactppmc\ppmc_top_S118M.vhd -lib work ..\..\RTL\SP0557\compactppmc\ppmc_u_step_ext.vhd -lib work ..\..\RTL\SP0557\DAC43608\CTRL_32CH.vhd -lib work ..\..\RTL\SP0557\DAC43608\DAC_CTRL_1CH.vhd -lib work ..\..\RTL\SP0557\DAC43608\DAC43608_top.vhd -lib work ..\..\RTL\SP0557\DAC43608\i2c_master_bit_ctrl.vhd -lib work ..\..\RTL\SP0557\DAC43608\i2c_master_byte_ctrl.vhd -lib work ..\..\RTL\SP0557\DAC43608\i2c_master_registers.vhd -lib work ..\..\RTL\SP0557\DAC43608\i2c_master_wb_top.vhd -lib work ..\..\RTL\SP0557\EFUSE_CTRL\EFUSE_CTRL.vhd -lib work ..\..\RTL\SP0557\encoder\enc_func_top.vhd -lib work ..\..\RTL\SP0557\encoder\enc_lmt.vhd -lib work ..\..\RTL\SP0557\encoder\enc_top.vhd -lib work ..\..\RTL\SP0557\encoder\encoder_2bit.vhd -lib work ..\..\RTL\SP0557\gpio\gpio_id.vhd -lib work ..\..\RTL\SP0557\gpio\gpio_ip_reg.vhd -lib work ..\..\RTL\SP0557\gpio\gpio_op_reg.vhd -lib work ..\..\RTL\SP0557\gpio\gpio_reg.vhd -lib work ..\..\RTL\SP0557\gpio\gpio_top.vhd -lib work ..\..\RTL\SP0557\LEDLT\LEDLT_TOP.vhd -lib work ..\..\RTL\SP0557\LEDLT\TLC5916_CTRL.vhd -lib work ..\..\RTL\SP0557\LEDLT\AD8402_CTRL\ad8402.vhd -lib work ..\..\RTL\SP0557\LEDLT\AD8402_CTRL\AD8402_CTRL.vhd -lib work ..\..\RTL\SP0557\pls_sens\pls_sens.vhd -lib work ..\..\RTL\SP0557\slaveid_top\slaveid_id.vhd -lib work ..\..\RTL\SP0557\slaveid_top\slaveid_top.vhd -lib work ..\..\RTL\SP0557\slv_com\rx_com\crc_check.vhd -lib work ..\..\RTL\SP0557\slv_com\rx_com\dec4b_3b.vhd -lib work ..\..\RTL\SP0557\slv_com\rx_com\dec6b_5b.vhd -lib work ..\..\RTL\SP0557\slv_com\rx_com\dec8b10b_new.vhd -lib work ..\..\RTL\SP0557\slv_com\rx_com\dec8b10b_wrapper.vhd -lib work ..\..\RTL\SP0557\slv_com\rx_com\rx_cont_b1.vhd -lib work ..\..\RTL\SP0557\slv_com\rx_com\rx_cont_b2.vhd -lib work ..\..\RTL\SP0557\slv_com\rx_com\rx_ctl_1st.vhd -lib work ..\..\RTL\SP0557\slv_com\rx_com\rx_ctl_3rd.vhd -lib work ..\..\RTL\SP0557\slv_com\slv_ctrl\adr_sel.vhd -lib work ..\..\RTL\SP0557\slv_com\slv_ctrl\nd_sel.vhd -lib work ..\..\RTL\SP0557\slv_com\slv_ctrl\node_sel.vhd -lib work ..\..\RTL\SP0557\slv_com\slv_ctrl\slv_rx_ctrl.vhd -lib work ..\..\RTL\SP0557\slv_com\slv_ctrl\slv_tx_ctrl.vhd -lib work ..\..\RTL\SP0557\slv_com\tx_com\crc_gen.vhd -lib work ..\..\RTL\SP0557\slv_com\tx_com\enc3b_4b.vhd -lib work ..\..\RTL\SP0557\slv_com\tx_com\enc5b_6b.vhd -lib work ..\..\RTL\SP0557\slv_com\tx_com\enc8b_10b.vhd -lib work ..\..\RTL\SP0557\slv_com\tx_com\enc8b10b_new.vhd -lib work ..\..\RTL\SP0557\slv_com\tx_com\enc8b10b_wrapper.vhd -lib work ..\..\RTL\SP0557\slv_com\tx_com\tx_cont_b1.vhd -lib work ..\..\RTL\SP0557\slv_com\tx_com\tx_cont_b2.vhd -lib work ..\..\RTL\SP0557\slv_com\tx_com\tx_ctl_1st.vhd -lib work ..\..\RTL\SP0557\slv_com\tx_com\tx_ctl_3rd.vhd -lib work ..\..\RTL\SP0557\slv_com\cds.vhd -lib work ..\..\RTL\SP0557\slv_com\CLK_gen_S124M.vhd -lib work ..\..\RTL\SP0557\slv_com\rst_cnt.vhd -lib work ..\..\RTL\SP0557\slv_com\rx_com.vhd -lib work ..\..\RTL\SP0557\slv_com\slv_com_top.vhd -lib work ..\..\RTL\SP0557\slv_com\slv_ctrl_top.vhd -lib work ..\..\RTL\SP0557\slv_com\slvadr_cnv.vhd -lib work ..\..\RTL\SP0557\slv_com\tx_com.vhd -lib work ..\..\RTL\SP0557\sp_conv\SIO_ctrl2.vhd -lib work ..\..\RTL\SP0557\sp_conv\sp_conv.vhd -lib work ..\..\RTL\SP0557\sp_conv\SPI_master2.vhd -log ..\syntax.log -fileorder hdlorder.tcl -jobname "hdl_info_gen"
rc:0 success:1 runtime:1
file:..\synwork\sp0557_sp0557_hdl_.srs|io:o|time:0|size:-1|exec:0|csum:
file:..\..\..\..\..\lscc\diamond\3.14\cae_library\synthesis\vhdl\ecp5u.vhd|io:i|time:1614238694|size:95858|exec:0|csum:09A233CA3378C2C7D322DAC246A99AC8
file:..\..\rtl\sp0557.vhd|io:i|time:1772210953|size:49234|exec:0|csum:E73E4283ECAF7CDF0C2E99A2065C65D7
file:..\..\rtl\com\fc_dec.vhd|io:i|time:1772210953|size:1579|exec:0|csum:17D3168C8CD72DB2A15ADE92050B0ED0
file:..\..\rtl\com\fc_sel.vhd|io:i|time:1772210953|size:894|exec:0|csum:5651343C3134F2E5EEC267F039FD7C4E
file:..\..\rtl\com\w_pack.vhd|io:i|time:1772210953|size:4498|exec:0|csum:37F8D7E1A540C90D5675FB45D742BB78
file:..\..\rtl\ipcore\dcfifo_rx_b1\dcfifo_rx_b1.vhd|io:i|time:1772210953|size:32684|exec:0|csum:DCE30786AFE5326D0E029294F58B53D2
file:..\..\rtl\ipcore\dcfifo_rx_b2\dcfifo_rx_b2.vhd|io:i|time:1772210953|size:32668|exec:0|csum:3B4D1B3F4BFB7BA72C4358D2857B2294
file:..\..\rtl\ipcore\dcfifo_tx_b1\dcfifo_tx_b1.vhd|io:i|time:1772210953|size:32668|exec:0|csum:937BE843C50D0E0CB8EC15B1D9F16FA2
file:..\..\rtl\ipcore\dcfifo_tx_b2\dcfifo_tx_b2.vhd|io:i|time:1772210953|size:32682|exec:0|csum:008E4135FE21C0BF9492C604AA8330F1
file:..\..\rtl\ipcore\pll_gen\pll_gen.vhd|io:i|time:1772210953|size:3822|exec:0|csum:DE2D56B3DE03DA42F7A6D64B6326E1B7
file:..\..\rtl\ipcore\ipcore.vhd|io:i|time:1772210953|size:8243|exec:0|csum:AF3CD1C03B217FE0CDA61FAF78A7EA56
file:..\..\rtl\sp0557\slv_clk_gen.vhd|io:i|time:1772210953|size:3729|exec:0|csum:7D014C8CB3E82A194DE346465806BFE5
file:..\..\rtl\sp0557\ad_ctrl\ad_ctrl.vhd|io:i|time:1772210953|size:4520|exec:0|csum:2EF652A9C25F75B98B9FAA926F1DBE30
file:..\..\rtl\sp0557\ad_ctrl\adc_reg.vhd|io:i|time:1772210953|size:3083|exec:0|csum:B36F925D50963DE9DEFB44A45AE08A68
file:..\..\rtl\sp0557\ad_ctrl\adclk_gen.vhd|io:i|time:1772210953|size:1128|exec:0|csum:49878B433B20D356A34E7E78CAEDA61E
file:..\..\rtl\sp0557\ad_ctrl\adif_seq.vhd|io:i|time:1772210953|size:5615|exec:0|csum:D872528E7EF1A8FD82E028ABBED060EF
file:..\..\rtl\sp0557\ad_ctrl\shiftreg12bit.vhd|io:i|time:1772210953|size:1021|exec:0|csum:EA4205D1D0F2033DE5A7FC157FAB830B
file:..\..\rtl\sp0557\compactppmc\ppmc_acc_tim_gen.vhd|io:i|time:1772210953|size:1176|exec:0|csum:E2F44A1540F678EC38DB4B7459EA8355
file:..\..\rtl\sp0557\compactppmc\ppmc_cmdchk.vhd|io:i|time:1772210953|size:6426|exec:0|csum:0F0B20F86BECC78A8BE223A57CE00260
file:..\..\rtl\sp0557\compactppmc\ppmc_ctrl.vhd|io:i|time:1772293192|size:18763|exec:0|csum:373F54D9E4E1C6C2F111C0D311907B5A
file:..\..\rtl\sp0557\compactppmc\ppmc_dec.vhd|io:i|time:1772210953|size:6078|exec:0|csum:0ADCE51D1B595E21C73FD33C89612EB9
file:..\..\rtl\sp0557\compactppmc\ppmc_enblr_s118m.vhd|io:i|time:1772210953|size:4304|exec:0|csum:D671032E4CB614F888B3F793E5FC7329
file:..\..\rtl\sp0557\compactppmc\ppmc_id.vhd|io:i|time:1772210953|size:3207|exec:0|csum:69438F92FBE475F6427CDCBBC541960C
file:..\..\rtl\sp0557\compactppmc\ppmc_phgen.vhd|io:i|time:1772210953|size:8164|exec:0|csum:0835BE97BC6ECE51FD83B4AAE04668AD
file:..\..\rtl\sp0557\compactppmc\ppmc_pls_cnt.vhd|io:i|time:1772210953|size:3476|exec:0|csum:7849B63C2FB9BF495A318F973ED1882B
file:..\..\rtl\sp0557\compactppmc\ppmc_plsgen.vhd|io:i|time:1772210953|size:5825|exec:0|csum:4D8B1082758BDCC5C22817DD75683AC0
file:..\..\rtl\sp0557\compactppmc\ppmc_reg_s118m.vhd|io:i|time:1772210953|size:32732|exec:0|csum:BE8BB102E1CDD5EB032ADA443B043730
file:..\..\rtl\sp0557\compactppmc\ppmc_rgstr.vhd|io:i|time:1772293192|size:24131|exec:0|csum:ED6ECB7BEAD244DD5E515D492FF0CD89
file:..\..\rtl\sp0557\compactppmc\ppmc_speed_cnt.vhd|io:i|time:1772210953|size:4773|exec:0|csum:86C0E167ACF349DE78050918F14DC95E
file:..\..\rtl\sp0557\compactppmc\ppmc_timer_cnt.vhd|io:i|time:1772210953|size:1646|exec:0|csum:EE8BABDF2A189413361A1D1EBA259B46
file:..\..\rtl\sp0557\compactppmc\ppmc_top_s118m.vhd|io:i|time:1772210953|size:12226|exec:0|csum:0BEA5E1156D0BFCC4428A564E4F0FDEA
file:..\..\rtl\sp0557\compactppmc\ppmc_u_step_ext.vhd|io:i|time:1772293192|size:4284|exec:0|csum:0881A05BC0C3BFE18E1224305EEACA19
file:..\..\rtl\sp0557\dac43608\ctrl_32ch.vhd|io:i|time:1772293192|size:27395|exec:0|csum:A65A8F13D4A85BDDBC027C87728BC21F
file:..\..\rtl\sp0557\dac43608\dac_ctrl_1ch.vhd|io:i|time:1772293192|size:34625|exec:0|csum:5C631AE654DE25F8ADC2729A2EED8E8F
file:..\..\rtl\sp0557\dac43608\dac43608_top.vhd|io:i|time:1772210953|size:8910|exec:0|csum:C06039C048265FAF145C8FF70A49596C
file:..\..\rtl\sp0557\dac43608\i2c_master_bit_ctrl.vhd|io:i|time:1772210953|size:17549|exec:0|csum:8719E883A398AC6D2287FC8C25AC8E5A
file:..\..\rtl\sp0557\dac43608\i2c_master_byte_ctrl.vhd|io:i|time:1772210953|size:11389|exec:0|csum:A821B5B9ACDA79A4B8605AC22C156890
file:..\..\rtl\sp0557\dac43608\i2c_master_registers.vhd|io:i|time:1772210953|size:9381|exec:0|csum:97FB13DEED30380B12EEF2496A1C5A29
file:..\..\rtl\sp0557\dac43608\i2c_master_wb_top.vhd|io:i|time:1772210953|size:12840|exec:0|csum:4A9A2D32C84B222C8BE3A1DB2D430480
file:..\..\rtl\sp0557\efuse_ctrl\efuse_ctrl.vhd|io:i|time:1772293192|size:5330|exec:0|csum:2AF826311900024CD14552DE82347D71
file:..\..\rtl\sp0557\encoder\enc_func_top.vhd|io:i|time:1772210953|size:5916|exec:0|csum:E0313F0148B852D3B935332F17A58BB1
file:..\..\rtl\sp0557\encoder\enc_lmt.vhd|io:i|time:1772269573|size:6660|exec:0|csum:8212E2ED61660D09F9B80F60CC097526
file:..\..\rtl\sp0557\encoder\enc_top.vhd|io:i|time:1772210953|size:4848|exec:0|csum:FFEA36AFFD1C9B9F960C5B84CBD3F609
file:..\..\rtl\sp0557\encoder\encoder_2bit.vhd|io:i|time:1772293192|size:4693|exec:0|csum:A8701D1305F4BFF445E5570675147682
file:..\..\rtl\sp0557\gpio\gpio_id.vhd|io:i|time:1772210953|size:3203|exec:0|csum:5F068BF4703B4098B8D4B505A67EC3A7
file:..\..\rtl\sp0557\gpio\gpio_ip_reg.vhd|io:i|time:1772210953|size:1530|exec:0|csum:7A8379A22EE7CC08089430F20A6CDA3E
file:..\..\rtl\sp0557\gpio\gpio_op_reg.vhd|io:i|time:1772210953|size:1328|exec:0|csum:B975A4D674BA31552864F412A06BCCDB
file:..\..\rtl\sp0557\gpio\gpio_reg.vhd|io:i|time:1772210953|size:20293|exec:0|csum:4536F7361433DBDC2B68258562D22BC0
file:..\..\rtl\sp0557\gpio\gpio_top.vhd|io:i|time:1772210953|size:15275|exec:0|csum:0A2726AA9A3566482B5A975E229E212A
file:..\..\rtl\sp0557\ledlt\ledlt_top.vhd|io:i|time:1772293192|size:7329|exec:0|csum:C2E8C2BE07614A89AFB6C1E8310C3F47
file:..\..\rtl\sp0557\ledlt\tlc5916_ctrl.vhd|io:i|time:1772210953|size:3715|exec:0|csum:D9549B91F367BD2BFB1F86C17D51564E
file:..\..\rtl\sp0557\ledlt\ad8402_ctrl\ad8402.vhd|io:i|time:1772210953|size:4307|exec:0|csum:A1F59E634F5CD9DFC9659D2776A8CC6C
file:..\..\rtl\sp0557\ledlt\ad8402_ctrl\ad8402_ctrl.vhd|io:i|time:1772210953|size:6091|exec:0|csum:E485D6BFD5AEB5AB074B338E21B5CFD9
file:..\..\rtl\sp0557\pls_sens\pls_sens.vhd|io:i|time:1772210953|size:3393|exec:0|csum:F2F0BB28EC1AAD146FBFFF8C3DB8E26C
file:..\..\rtl\sp0557\slaveid_top\slaveid_id.vhd|io:i|time:1772210953|size:3049|exec:0|csum:0E1994994F79A02DA2B84F19E80B37F2
file:..\..\rtl\sp0557\slaveid_top\slaveid_top.vhd|io:i|time:1772210953|size:8318|exec:0|csum:B862589C88000E63424A49523024B42C
file:..\..\rtl\sp0557\slv_com\rx_com\crc_check.vhd|io:i|time:1772210953|size:3113|exec:0|csum:AEB12FCA88CEDF2E9C225EC1DF8F2C39
file:..\..\rtl\sp0557\slv_com\rx_com\dec4b_3b.vhd|io:i|time:1772293192|size:9702|exec:0|csum:1BED45CC1B771C3722DD164756B56DC5
file:..\..\rtl\sp0557\slv_com\rx_com\dec6b_5b.vhd|io:i|time:1772293192|size:20344|exec:0|csum:4D7F6D84436DADDD323F2F6FE56DE1FD
file:..\..\rtl\sp0557\slv_com\rx_com\dec8b10b_new.vhd|io:i|time:1772210953|size:3752|exec:0|csum:AE84AD1B693960B80630750CBC402F49
file:..\..\rtl\sp0557\slv_com\rx_com\dec8b10b_wrapper.vhd|io:i|time:1772210953|size:2348|exec:0|csum:821D6000E8411D7641389A9FA9C02546
file:..\..\rtl\sp0557\slv_com\rx_com\rx_cont_b1.vhd|io:i|time:1772210953|size:4329|exec:0|csum:32044EF49250FE720A88850B53F550D3
file:..\..\rtl\sp0557\slv_com\rx_com\rx_cont_b2.vhd|io:i|time:1772210953|size:5694|exec:0|csum:EB20D068F71EDE0926EFD064EF999C60
file:..\..\rtl\sp0557\slv_com\rx_com\rx_ctl_1st.vhd|io:i|time:1772210953|size:5724|exec:0|csum:C23F54C68A8F3CBD5A65C5D4F34527D0
file:..\..\rtl\sp0557\slv_com\rx_com\rx_ctl_3rd.vhd|io:i|time:1772210953|size:7544|exec:0|csum:FDC7CE2811A280A426C0D7B7DC450F3C
file:..\..\rtl\sp0557\slv_com\slv_ctrl\adr_sel.vhd|io:i|time:1772210953|size:912|exec:0|csum:653A9E4378A6A7F9149E87980F9973F6
file:..\..\rtl\sp0557\slv_com\slv_ctrl\nd_sel.vhd|io:i|time:1772210953|size:2217|exec:0|csum:281AE44A8CD6A8A983CC70CE704E6568
file:..\..\rtl\sp0557\slv_com\slv_ctrl\node_sel.vhd|io:i|time:1772210953|size:1843|exec:0|csum:0AB458C09B29C097BA4B0B16A3A594AE
file:..\..\rtl\sp0557\slv_com\slv_ctrl\slv_rx_ctrl.vhd|io:i|time:1772293192|size:13892|exec:0|csum:8E1114F935A438FE71ED534A8E2F250B
file:..\..\rtl\sp0557\slv_com\slv_ctrl\slv_tx_ctrl.vhd|io:i|time:1772210953|size:9667|exec:0|csum:60970D670B79E7F9B548D017E10263B5
file:..\..\rtl\sp0557\slv_com\tx_com\crc_gen.vhd|io:i|time:1772210953|size:3692|exec:0|csum:1FC6827AD6C8B69540E4E1A502BD0987
file:..\..\rtl\sp0557\slv_com\tx_com\enc3b_4b.vhd|io:i|time:1772210953|size:3922|exec:0|csum:5667E2FFBE0D369B1EA7A52DF439BD96
file:..\..\rtl\sp0557\slv_com\tx_com\enc5b_6b.vhd|io:i|time:1772210953|size:8511|exec:0|csum:E72D1873C1C5BEAF725FB7EE6EB4DCE1
file:..\..\rtl\sp0557\slv_com\tx_com\enc8b_10b.vhd|io:i|time:1772210953|size:3307|exec:0|csum:E67EC7899220372222DDEB49ADDAA168
file:..\..\rtl\sp0557\slv_com\tx_com\enc8b10b_new.vhd|io:i|time:1772210953|size:1834|exec:0|csum:4FDB4DD88B3502A4460CE15086BF676F
file:..\..\rtl\sp0557\slv_com\tx_com\enc8b10b_wrapper.vhd|io:i|time:1772210953|size:2104|exec:0|csum:32C7B3D76440FB09AFFD3D3522E25BFB
file:..\..\rtl\sp0557\slv_com\tx_com\tx_cont_b1.vhd|io:i|time:1772210953|size:6215|exec:0|csum:7B136C01084F9609C103E5C2EE254994
file:..\..\rtl\sp0557\slv_com\tx_com\tx_cont_b2.vhd|io:i|time:1772210953|size:3313|exec:0|csum:EA5E933CF24A487B491323AC67CFCC49
file:..\..\rtl\sp0557\slv_com\tx_com\tx_ctl_1st.vhd|io:i|time:1772210953|size:7467|exec:0|csum:995FB222FA873B4D4DD2F84692294859
file:..\..\rtl\sp0557\slv_com\tx_com\tx_ctl_3rd.vhd|io:i|time:1772210953|size:3453|exec:0|csum:003182AEB0EF32F1E1C341D249676FFA
file:..\..\rtl\sp0557\slv_com\cds.vhd|io:i|time:1772210953|size:7268|exec:0|csum:BB1E3207F2A740F7D1B479ECE84E4335
file:..\..\rtl\sp0557\slv_com\clk_gen_s124m.vhd|io:i|time:1772210953|size:1701|exec:0|csum:AA3390A330C13DEE694FB02B3B1B5A43
file:..\..\rtl\sp0557\slv_com\rst_cnt.vhd|io:i|time:1772210953|size:3137|exec:0|csum:26E5C468A500A72A23A039B5B1BD1CEB
file:..\..\rtl\sp0557\slv_com\rx_com.vhd|io:i|time:1772210953|size:6321|exec:0|csum:D677F29C7BAD274A374978CF6258C38A
file:..\..\rtl\sp0557\slv_com\slv_com_top.vhd|io:i|time:1772210953|size:14527|exec:0|csum:E3ECF9FB6F7F27D32155B2B9DFFE3136
file:..\..\rtl\sp0557\slv_com\slv_ctrl_top.vhd|io:i|time:1772293193|size:12440|exec:0|csum:9ADD700F953AD11B30024CA73AB54CBC
file:..\..\rtl\sp0557\slv_com\slvadr_cnv.vhd|io:i|time:1772293193|size:2667|exec:0|csum:8332F59ABB781C11C2508390B5B503A7
file:..\..\rtl\sp0557\slv_com\tx_com.vhd|io:i|time:1772210953|size:4567|exec:0|csum:9B74D5A52047EF0A9C071BE6692D52D6
file:..\..\rtl\sp0557\sp_conv\sio_ctrl2.vhd|io:i|time:1772210953|size:6948|exec:0|csum:7C32799CDF5F97518F38316CC5068199
file:..\..\rtl\sp0557\sp_conv\sp_conv.vhd|io:i|time:1772210953|size:8051|exec:0|csum:C784682F43811162A09C747B62C087F5
file:..\..\rtl\sp0557\sp_conv\spi_master2.vhd|io:i|time:1772210953|size:10561|exec:0|csum:D116C7F7A0B6CD1EF61E45D925BE240D
file:..\syntax.log|io:o|time:1772375108|size:12174|exec:0|csum:
file:..\..\..\..\..\lscc\diamond\3.14\synpbase\bin64\c_vhdl.exe|io:i|time:1727134361|size:7722496|exec:1|csum:865367CDD8FB6E1C8C698A2B30209416
