{
"Synplify Pro (R) Job Log" : {
	"Date" : "14:53:04    28-Jan-2026",
	"Working Directory" : "C:/work/S127M/PCBNo_10081/SP0557_rev02_00/RTL/IPcore/pll_gen/syn_results",
	"Install" : "C:/lscc/diamond/3.13/synpbase"
},
"syn_results" :{
   "Start Time" : "14:52:56",
   "Runtime" : "08s",
   "Executable Run Time" : "07s",
   "synthesis" : {
      "Start Time" : "14:52:56",
      "Runtime" : "08s",
      "Executable Run Time" : "07s",
      "compile" : {
         "Start Time" : "14:52:56",
         "Runtime" : "05s",
         "Executable Run Time" : "04s",
         "compile_flow" : {
            "Start Time" : "14:52:56",
            "Runtime" : "03s",
            "Executable Run Time" : "02s",
            "compiler" : {
               "executable" : "bin64/c_hdl.exe",
               "Run Directory" : "C:/work/S127M/PCBNo_10081/SP0557_rev02_00/RTL/IPcore/pll_gen/syn_results",
               "Run State" : "Complete",
               "Return Code" : "0",
               "Has Errors" : "no",
               "Run Start Time" : "14:52:56",
               "Run Time" : "02s",
               "Exe Run Time" : "01s",
               "Memory Usage" : "-",
               "Up-to-date (run skipped)" : "no"
            },
            "multi_srs_gen" : {
               "executable" : "bin64/syn_nfilter.exe",
               "Run Directory" : "C:/work/S127M/PCBNo_10081/SP0557_rev02_00/RTL/IPcore/pll_gen/syn_results",
               "Run State" : "Complete",
               "Return Code" : "0",
               "Has Errors" : "no",
               "Run Start Time" : "14:52:58",
               "Run Time" : "01s",
               "Exe Run Time" : "01s",
               "Memory Usage" : "-",
               "Up-to-date (run skipped)" : "no"
            }
         },
         "premap" : {
            "executable" : "bin64/m_gen_lattice.exe",
            "Run Directory" : "C:/work/S127M/PCBNo_10081/SP0557_rev02_00/RTL/IPcore/pll_gen/syn_results",
            "Run State" : "Complete",
            "Return Code" : "0",
            "Has Errors" : "no",
            "Run Start Time" : "14:52:59",
            "Run Time" : "02s",
            "Exe Run Time" : "02s",
            "Memory Usage" : "-",
            "Up-to-date (run skipped)" : "no"
         }
      },
      "map" : {
         "Start Time" : "14:53:01",
         "Runtime" : "03s",
         "Executable Run Time" : "03s",
         "fpga_mapper" : {
            "executable" : "bin64/m_gen_lattice.exe",
            "Run Directory" : "C:/work/S127M/PCBNo_10081/SP0557_rev02_00/RTL/IPcore/pll_gen/syn_results",
            "Run State" : "Complete",
            "Return Code" : "1",
            "Has Errors" : "no",
            "Run Start Time" : "14:53:01",
            "Run Time" : "03s",
            "Exe Run Time" : "03s",
            "Memory Usage" : "-",
            "Up-to-date (run skipped)" : "no"
         }
      }
   }
}
}