
Copyright (C) 1994-2023 Synopsys, Inc.
This Synopsys software and all associated documentation are proprietary to Synopsys, Inc.
and may only be used pursuant to the terms and conditions of a written license agreement
with Synopsys, Inc. All other use, reproduction, modification, or distribution of the
Synopsys software or the associated documentation is strictly prohibited.
Tool: Synplify Pro (R)
Build: V-2023.09L-2
Install: C:\lscc\diamond\3.14\synpbase
OS: Windows 10 or later
Hostname: TSURUMI

Implementation : SP0557

# Written on Sun Mar  1 22:03:39 2026

##### FILES SYNTAX CHECKED ##############################################
Constraint File(s):      "C:\FPGAwork\PCBNo.10081\FPGA\RTL\IPcore\pll_gen\pll_gen.fdc"
                         "C:\FPGAwork\PCBNo.10081\FPGA\SP0557\SP0557.fdc"

#Run constraint checker to find more issues with constraints.
#########################################################################



No issues found in constraint syntax.



Clock Summary
*************

          Start                             Requested     Requested     Clock        Clock          Clock
Level     Clock                             Frequency     Period        Type         Group          Load 
---------------------------------------------------------------------------------------------------------
0 -       CLK20M_ext                        20.0 MHz      50.000        declared     ext_clks       12   
                                                                                                         
0 -       pll_gen|CLKOS2_inferred_clock     100.0 MHz     10.000        inferred     (multiple)     9425 
                                                                                                         
0 -       pll_gen|CLKOS3_inferred_clock     100.0 MHz     10.000        inferred     (multiple)     552  
                                                                                                         
0 -       pll_gen|CLKOP_inferred_clock      100.0 MHz     10.000        inferred     (multiple)     276  
                                                                                                         
0 -       pll_gen|CLKOS_inferred_clock      100.0 MHz     10.000        inferred     (multiple)     22   
=========================================================================================================


Clock Load Summary
******************

                                  Clock     Source                                                                Clock Pin                                                      Non-clock Pin                                          Non-clock Pin                                                 
Clock                             Load      Pin                                                                   Seq Example                                                    Seq Example                                            Comb Example                                                  
------------------------------------------------------------------------------------------------------------------------------------------------------------------------------------------------------------------------------------------------------------------------------------------------------
CLK20M_ext                        12        CLK20M(port)                                                          slv_com_top_inst.ckgen_rstb.C                                  -                                                      -                                                             
                                                                                                                                                                                                                                                                                                      
pll_gen|CLKOS2_inferred_clock     9425      slv_com_top_inst.clk_gen_inst2.PLL_inst.PLLInst_0.CLKOS2(EHXPLLL)     gpio02.gpio_reg_inst.gpio_ip_reg_inst31.REG1[7:0].C            -                                                      -                                                             
                                                                                                                                                                                                                                                                                                      
pll_gen|CLKOS3_inferred_clock     552       slv_com_top_inst.clk_gen_inst2.PLL_inst.PLLInst_0.CLKOS3(EHXPLLL)     slv_com_top_inst.rx_com_inst.rx_cont_b2_inst.rxd_1q[7:0].C     gpio02.gpio_reg_inst.gpio_op_reg_inst19.REG[7:0].E     gpio02.gpio_reg_inst.gpio_op_reg_inst19.un1_writeenb.I[0](inv)
                                                                                                                                                                                                                                                                                                      
pll_gen|CLKOP_inferred_clock      276       slv_com_top_inst.clk_gen_inst2.PLL_inst.PLLInst_0.CLKOP(EHXPLLL)      slv_com_top_inst.cds_inst.cz[0].C                              -                                                      slv_com_top_inst.cds_inst.un1_clk2.I[0](inv)                  
                                                                                                                                                                                                                                                                                                      
pll_gen|CLKOS_inferred_clock      22        slv_com_top_inst.clk_gen_inst2.PLL_inst.PLLInst_0.CLKOS(EHXPLLL)      slv_com_top_inst.cds_inst.bz[0].C                              -                                                      slv_com_top_inst.cds_inst.un1_clk2a.I[0](inv)                 
======================================================================================================================================================================================================================================================================================================
