{
"Synplify Pro (R) Job Log" : {
	"Date" : "20:59:31    28-Feb-2026",
	"Working Directory" : "C:/FPGA work/PCBNo.10081/FPGA/SP0557",
	"Install" : "C:/lscc/diamond/3.14/synpbase"
},
"SP0557" :{
   "Job Flow" : "Sequential",
   "Start Time" : "20:58:07",
   "Runtime" : "01m:24s",
   "Executable Run Time" : "01m:24s",
   "synthesis" : {
      "Job Flow" : "Sequential",
      "Start Time" : "20:58:07",
      "Runtime" : "01m:24s",
      "Executable Run Time" : "01m:24s",
      "compile" : {
         "Job Flow" : "Sequential",
         "Start Time" : "20:58:07",
         "Runtime" : "06s",
         "Executable Run Time" : "06s",
         "compile_flow" : {
            "Job Flow" : "Sequential",
            "Start Time" : "20:58:07",
            "Runtime" : "01s",
            "Executable Run Time" : "01s",
            "compiler" : {
               "executable" : "bin64/c_hdl.exe",
               "Run Directory" : "C:/FPGA work/PCBNo.10081/FPGA/SP0557",
               "Run State" : "Complete",
               "Return Code" : "0",
               "Has Errors" : "no",
               "Run Start Time" : "20:58:07",
               "Run Time" : "01s",
               "Exe Run Time" : "01s",
               "Memory Usage" : "-",
               "Up-to-date (run skipped)" : "no"
            },
            "multi_srs_gen" : {
               "executable" : "bin64/syn_nfilter.exe",
               "Run Directory" : "C:/FPGA work/PCBNo.10081/FPGA/SP0557",
               "Run State" : "Complete",
               "Return Code" : "0",
               "Has Errors" : "no",
               "Run Start Time" : "20:58:08",
               "Run Time" : "00s",
               "Exe Run Time" : "00s",
               "Memory Usage" : "-",
               "Up-to-date (run skipped)" : "yes"
            }
         },
         "premap" : {
            "executable" : "bin64/m_gen_lattice.exe",
            "Run Directory" : "C:/FPGA work/PCBNo.10081/FPGA/SP0557",
            "Run State" : "Complete",
            "Return Code" : "1",
            "Has Errors" : "no",
            "Run Start Time" : "20:58:08",
            "Run Time" : "05s",
            "Exe Run Time" : "05s",
            "Memory Usage" : "-",
            "Up-to-date (run skipped)" : "no"
         }
      },
      "map" : {
         "Job Flow" : "Sequential",
         "Start Time" : "20:58:13",
         "Runtime" : "01m:18s",
         "Executable Run Time" : "01m:18s",
         "fpga_mapper" : {
            "executable" : "bin64/m_gen_lattice.exe",
            "Run Directory" : "C:/FPGA work/PCBNo.10081/FPGA/SP0557",
            "Run State" : "Complete",
            "Return Code" : "1",
            "Has Errors" : "no",
            "Run Start Time" : "20:58:13",
            "Run Time" : "01m:18s",
            "Exe Run Time" : "01m:18s",
            "Memory Usage" : "-",
            "Up-to-date (run skipped)" : "no"
         }
      }
   }
}
}