
Copyright (C) 1994-2023 Synopsys, Inc.
This Synopsys software and all associated documentation are proprietary to Synopsys, Inc.
and may only be used pursuant to the terms and conditions of a written license agreement
with Synopsys, Inc. All other use, reproduction, modification, or distribution of the
Synopsys software or the associated documentation is strictly prohibited.
Tool: Synplify Pro (R)
Build: U-2023.03L-SP1
Install: C:\lscc\diamond\3.13\synpbase
OS: Windows 10 or later
Hostname: SCPP006598

Implementation : syn_results

# Written on Wed Jan 28 14:52:59 2026

##### FILES SYNTAX CHECKED ##############################################
Constraint File(s):      "C:\work\S127M\PCBNo_10081\SP0557_rev02_00\RTL\IPcore\pll_gen\pll_gen.fdc"

#Run constraint checker to find more issues with constraints.
#########################################################################



No issues found in constraint syntax.



Clock Summary
*************

          Start      Requested     Requested     Clock      Clock               Clock
Level     Clock      Frequency     Period        Type       Group               Load 
-------------------------------------------------------------------------------------
0 -       System     100.0 MHz     10.000        system     system_clkgroup     0    
=====================================================================================


Clock Load Summary
******************

           Clock     Source     Clock Pin       Non-clock Pin     Non-clock Pin
Clock      Load      Pin        Seq Example     Seq Example       Comb Example 
-------------------------------------------------------------------------------
System     0         -          -               -                 -            
===============================================================================
