
Copyright (C) 1994-2023 Synopsys, Inc.
This Synopsys software and all associated documentation are proprietary to Synopsys, Inc.
and may only be used pursuant to the terms and conditions of a written license agreement
with Synopsys, Inc. All other use, reproduction, modification, or distribution of the
Synopsys software or the associated documentation is strictly prohibited.
Tool: Synplify Pro (R)
Build: V-2023.09L-2
Install: C:\lscc\diamond\3.14\synpbase
OS: Windows 10 or later
Hostname: TSURUMI

Implementation : SP0557
Synopsys HDL compiler and linker, Version comp202309synp1, Build 349R, Built Sep 17 2024 08:16:26, @

Modified Files: 206
FID:  path (prevtimestamp, timestamp)
283      C:\FPGA work\PCBNo.10081\FPGA\RTL\IPcore\IPcore.vhd (N/A, 2026-02-28 01:49:13)
284      C:\FPGA work\PCBNo.10081\FPGA\RTL\IPcore\dcfifo_rx_b1\dcfifo_rx_b1.vhd (N/A, 2026-02-28 01:49:13)
285      C:\FPGA work\PCBNo.10081\FPGA\RTL\IPcore\dcfifo_rx_b2\dcfifo_rx_b2.vhd (N/A, 2026-02-28 01:49:13)
286      C:\FPGA work\PCBNo.10081\FPGA\RTL\IPcore\dcfifo_tx_b1\dcfifo_tx_b1.vhd (N/A, 2026-02-28 01:49:13)
287      C:\FPGA work\PCBNo.10081\FPGA\RTL\IPcore\dcfifo_tx_b2\dcfifo_tx_b2.vhd (N/A, 2026-02-28 01:49:13)
288      C:\FPGA work\PCBNo.10081\FPGA\RTL\IPcore\pll_gen\pll_gen.vhd (N/A, 2026-02-28 01:49:13)
289      C:\FPGA work\PCBNo.10081\FPGA\RTL\SP0557.vhd (N/A, 2026-02-28 01:49:13)
290      C:\FPGA work\PCBNo.10081\FPGA\RTL\SP0557\DAC43608\CTRL_32CH.vhd (N/A, 2026-02-28 01:49:13)
291      C:\FPGA work\PCBNo.10081\FPGA\RTL\SP0557\DAC43608\DAC43608_top.vhd (N/A, 2026-02-28 01:49:13)
292      C:\FPGA work\PCBNo.10081\FPGA\RTL\SP0557\DAC43608\DAC_CTRL_1CH.vhd (N/A, 2026-02-28 01:49:13)
293      C:\FPGA work\PCBNo.10081\FPGA\RTL\SP0557\DAC43608\i2c_master_bit_ctrl.vhd (N/A, 2026-02-28 01:49:13)
294      C:\FPGA work\PCBNo.10081\FPGA\RTL\SP0557\DAC43608\i2c_master_byte_ctrl.vhd (N/A, 2026-02-28 01:49:13)
295      C:\FPGA work\PCBNo.10081\FPGA\RTL\SP0557\DAC43608\i2c_master_registers.vhd (N/A, 2026-02-28 01:49:13)
296      C:\FPGA work\PCBNo.10081\FPGA\RTL\SP0557\DAC43608\i2c_master_wb_top.vhd (N/A, 2026-02-28 01:49:13)
297      C:\FPGA work\PCBNo.10081\FPGA\RTL\SP0557\EFUSE_CTRL\EFUSE_CTRL.vhd (N/A, 2026-02-28 01:49:13)
298      C:\FPGA work\PCBNo.10081\FPGA\RTL\SP0557\LEDLT\AD8402_CTRL\AD8402_CTRL.vhd (N/A, 2026-02-28 01:49:13)
299      C:\FPGA work\PCBNo.10081\FPGA\RTL\SP0557\LEDLT\AD8402_CTRL\ad8402.vhd (N/A, 2026-02-28 01:49:13)
300      C:\FPGA work\PCBNo.10081\FPGA\RTL\SP0557\LEDLT\LEDLT_TOP.vhd (N/A, 2026-02-28 01:49:13)
301      C:\FPGA work\PCBNo.10081\FPGA\RTL\SP0557\LEDLT\TLC5916_CTRL.vhd (N/A, 2026-02-28 01:49:13)
302      C:\FPGA work\PCBNo.10081\FPGA\RTL\SP0557\ad_ctrl\ad_ctrl.vhd (N/A, 2026-02-28 01:49:13)
303      C:\FPGA work\PCBNo.10081\FPGA\RTL\SP0557\ad_ctrl\adc_reg.vhd (N/A, 2026-02-28 01:49:13)
304      C:\FPGA work\PCBNo.10081\FPGA\RTL\SP0557\ad_ctrl\adclk_gen.vhd (N/A, 2026-02-28 01:49:13)
305      C:\FPGA work\PCBNo.10081\FPGA\RTL\SP0557\ad_ctrl\adif_seq.vhd (N/A, 2026-02-28 01:49:13)
306      C:\FPGA work\PCBNo.10081\FPGA\RTL\SP0557\ad_ctrl\shiftreg12bit.vhd (N/A, 2026-02-28 01:49:13)
307      C:\FPGA work\PCBNo.10081\FPGA\RTL\SP0557\compactppmc\ppmc_acc_tim_gen.vhd (N/A, 2026-02-28 01:49:13)
308      C:\FPGA work\PCBNo.10081\FPGA\RTL\SP0557\compactppmc\ppmc_cmdchk.vhd (N/A, 2026-02-28 01:49:13)
309      C:\FPGA work\PCBNo.10081\FPGA\RTL\SP0557\compactppmc\ppmc_ctrl.vhd (N/A, 2026-02-28 01:49:13)
310      C:\FPGA work\PCBNo.10081\FPGA\RTL\SP0557\compactppmc\ppmc_dec.vhd (N/A, 2026-02-28 01:49:13)
311      C:\FPGA work\PCBNo.10081\FPGA\RTL\SP0557\compactppmc\ppmc_enblr_S118M.vhd (N/A, 2026-02-28 01:49:13)
312      C:\FPGA work\PCBNo.10081\FPGA\RTL\SP0557\compactppmc\ppmc_id.vhd (N/A, 2026-02-28 01:49:13)
313      C:\FPGA work\PCBNo.10081\FPGA\RTL\SP0557\compactppmc\ppmc_phgen.vhd (N/A, 2026-02-28 01:49:13)
314      C:\FPGA work\PCBNo.10081\FPGA\RTL\SP0557\compactppmc\ppmc_pls_cnt.vhd (N/A, 2026-02-28 01:49:13)
315      C:\FPGA work\PCBNo.10081\FPGA\RTL\SP0557\compactppmc\ppmc_plsgen.vhd (N/A, 2026-02-28 01:49:13)
316      C:\FPGA work\PCBNo.10081\FPGA\RTL\SP0557\compactppmc\ppmc_reg_S118M.vhd (N/A, 2026-02-28 01:49:13)
317      C:\FPGA work\PCBNo.10081\FPGA\RTL\SP0557\compactppmc\ppmc_rgstr.vhd (N/A, 2026-02-28 01:49:13)
318      C:\FPGA work\PCBNo.10081\FPGA\RTL\SP0557\compactppmc\ppmc_speed_cnt.vhd (N/A, 2026-02-28 01:49:13)
319      C:\FPGA work\PCBNo.10081\FPGA\RTL\SP0557\compactppmc\ppmc_timer_cnt.vhd (N/A, 2026-02-28 01:49:13)
320      C:\FPGA work\PCBNo.10081\FPGA\RTL\SP0557\compactppmc\ppmc_top_S118M.vhd (N/A, 2026-02-28 01:49:13)
321      C:\FPGA work\PCBNo.10081\FPGA\RTL\SP0557\compactppmc\ppmc_u_step_ext.vhd (N/A, 2026-02-28 01:49:13)
322      C:\FPGA work\PCBNo.10081\FPGA\RTL\SP0557\encoder\enc_func_top.vhd (N/A, 2026-02-28 01:49:13)
323      C:\FPGA work\PCBNo.10081\FPGA\RTL\SP0557\encoder\enc_lmt.vhd (N/A, 2026-02-28 01:49:13)
324      C:\FPGA work\PCBNo.10081\FPGA\RTL\SP0557\encoder\enc_top.vhd (N/A, 2026-02-28 01:49:13)
325      C:\FPGA work\PCBNo.10081\FPGA\RTL\SP0557\encoder\encoder_2bit.vhd (N/A, 2026-02-28 01:49:13)
326      C:\FPGA work\PCBNo.10081\FPGA\RTL\SP0557\gpio\gpio_id.vhd (N/A, 2026-02-28 01:49:13)
327      C:\FPGA work\PCBNo.10081\FPGA\RTL\SP0557\gpio\gpio_ip_reg.vhd (N/A, 2026-02-28 01:49:13)
328      C:\FPGA work\PCBNo.10081\FPGA\RTL\SP0557\gpio\gpio_op_reg.vhd (N/A, 2026-02-28 01:49:13)
329      C:\FPGA work\PCBNo.10081\FPGA\RTL\SP0557\gpio\gpio_reg.vhd (N/A, 2026-02-28 01:49:13)
330      C:\FPGA work\PCBNo.10081\FPGA\RTL\SP0557\gpio\gpio_top.vhd (N/A, 2026-02-28 01:49:13)
331      C:\FPGA work\PCBNo.10081\FPGA\RTL\SP0557\pls_sens\pls_sens.vhd (N/A, 2026-02-28 01:49:13)
332      C:\FPGA work\PCBNo.10081\FPGA\RTL\SP0557\slaveid_top\slaveid_id.vhd (N/A, 2026-02-28 01:49:13)
333      C:\FPGA work\PCBNo.10081\FPGA\RTL\SP0557\slaveid_top\slaveid_top.vhd (N/A, 2026-02-28 01:49:13)
334      C:\FPGA work\PCBNo.10081\FPGA\RTL\SP0557\slv_clk_gen.vhd (N/A, 2026-02-28 01:49:13)
335      C:\FPGA work\PCBNo.10081\FPGA\RTL\SP0557\slv_com\CLK_gen_S124M.vhd (N/A, 2026-02-28 01:49:13)
336      C:\FPGA work\PCBNo.10081\FPGA\RTL\SP0557\slv_com\cds.vhd (N/A, 2026-02-28 01:49:13)
337      C:\FPGA work\PCBNo.10081\FPGA\RTL\SP0557\slv_com\rst_cnt.vhd (N/A, 2026-02-28 01:49:13)
338      C:\FPGA work\PCBNo.10081\FPGA\RTL\SP0557\slv_com\rx_com.vhd (N/A, 2026-02-28 01:49:13)
339      C:\FPGA work\PCBNo.10081\FPGA\RTL\SP0557\slv_com\rx_com\crc_check.vhd (N/A, 2026-02-28 01:49:13)
340      C:\FPGA work\PCBNo.10081\FPGA\RTL\SP0557\slv_com\rx_com\dec4b_3b.vhd (N/A, 2026-02-28 01:49:13)
341      C:\FPGA work\PCBNo.10081\FPGA\RTL\SP0557\slv_com\rx_com\dec6b_5b.vhd (N/A, 2026-02-28 01:49:13)
342      C:\FPGA work\PCBNo.10081\FPGA\RTL\SP0557\slv_com\rx_com\dec8b10b_new.vhd (N/A, 2026-02-28 01:49:13)
343      C:\FPGA work\PCBNo.10081\FPGA\RTL\SP0557\slv_com\rx_com\dec8b10b_wrapper.vhd (N/A, 2026-02-28 01:49:13)
344      C:\FPGA work\PCBNo.10081\FPGA\RTL\SP0557\slv_com\rx_com\rx_cont_b1.vhd (N/A, 2026-02-28 01:49:13)
345      C:\FPGA work\PCBNo.10081\FPGA\RTL\SP0557\slv_com\rx_com\rx_cont_b2.vhd (N/A, 2026-02-28 01:49:13)
346      C:\FPGA work\PCBNo.10081\FPGA\RTL\SP0557\slv_com\rx_com\rx_ctl_1st.vhd (N/A, 2026-02-28 01:49:13)
347      C:\FPGA work\PCBNo.10081\FPGA\RTL\SP0557\slv_com\rx_com\rx_ctl_3rd.vhd (N/A, 2026-02-28 01:49:13)
348      C:\FPGA work\PCBNo.10081\FPGA\RTL\SP0557\slv_com\slv_com_top.vhd (N/A, 2026-02-28 01:49:13)
349      C:\FPGA work\PCBNo.10081\FPGA\RTL\SP0557\slv_com\slv_ctrl\adr_sel.vhd (N/A, 2026-02-28 01:49:13)
350      C:\FPGA work\PCBNo.10081\FPGA\RTL\SP0557\slv_com\slv_ctrl\nd_sel.vhd (N/A, 2026-02-28 01:49:13)
351      C:\FPGA work\PCBNo.10081\FPGA\RTL\SP0557\slv_com\slv_ctrl\node_sel.vhd (N/A, 2026-02-28 01:49:13)
352      C:\FPGA work\PCBNo.10081\FPGA\RTL\SP0557\slv_com\slv_ctrl\slv_rx_ctrl.vhd (N/A, 2026-02-28 01:49:13)
353      C:\FPGA work\PCBNo.10081\FPGA\RTL\SP0557\slv_com\slv_ctrl\slv_tx_ctrl.vhd (N/A, 2026-02-28 01:49:13)
354      C:\FPGA work\PCBNo.10081\FPGA\RTL\SP0557\slv_com\slv_ctrl_top.vhd (N/A, 2026-02-28 01:49:13)
355      C:\FPGA work\PCBNo.10081\FPGA\RTL\SP0557\slv_com\slvadr_cnv.vhd (N/A, 2026-02-28 01:49:13)
356      C:\FPGA work\PCBNo.10081\FPGA\RTL\SP0557\slv_com\tx_com.vhd (N/A, 2026-02-28 01:49:13)
357      C:\FPGA work\PCBNo.10081\FPGA\RTL\SP0557\slv_com\tx_com\crc_gen.vhd (N/A, 2026-02-28 01:49:13)
358      C:\FPGA work\PCBNo.10081\FPGA\RTL\SP0557\slv_com\tx_com\enc3b_4b.vhd (N/A, 2026-02-28 01:49:13)
359      C:\FPGA work\PCBNo.10081\FPGA\RTL\SP0557\slv_com\tx_com\enc5b_6b.vhd (N/A, 2026-02-28 01:49:13)
360      C:\FPGA work\PCBNo.10081\FPGA\RTL\SP0557\slv_com\tx_com\enc8b10b_new.vhd (N/A, 2026-02-28 01:49:13)
361      C:\FPGA work\PCBNo.10081\FPGA\RTL\SP0557\slv_com\tx_com\enc8b10b_wrapper.vhd (N/A, 2026-02-28 01:49:13)
362      C:\FPGA work\PCBNo.10081\FPGA\RTL\SP0557\slv_com\tx_com\enc8b_10b.vhd (N/A, 2026-02-28 01:49:13)
363      C:\FPGA work\PCBNo.10081\FPGA\RTL\SP0557\slv_com\tx_com\tx_cont_b1.vhd (N/A, 2026-02-28 01:49:13)
364      C:\FPGA work\PCBNo.10081\FPGA\RTL\SP0557\slv_com\tx_com\tx_cont_b2.vhd (N/A, 2026-02-28 01:49:13)
365      C:\FPGA work\PCBNo.10081\FPGA\RTL\SP0557\slv_com\tx_com\tx_ctl_1st.vhd (N/A, 2026-02-28 01:49:13)
366      C:\FPGA work\PCBNo.10081\FPGA\RTL\SP0557\slv_com\tx_com\tx_ctl_3rd.vhd (N/A, 2026-02-28 01:49:13)
367      C:\FPGA work\PCBNo.10081\FPGA\RTL\SP0557\sp_conv\SIO_ctrl2.vhd (N/A, 2026-02-28 01:49:13)
368      C:\FPGA work\PCBNo.10081\FPGA\RTL\SP0557\sp_conv\SPI_master2.vhd (N/A, 2026-02-28 01:49:13)
369      C:\FPGA work\PCBNo.10081\FPGA\RTL\SP0557\sp_conv\sp_conv.vhd (N/A, 2026-02-28 01:49:13)
370      C:\FPGA work\PCBNo.10081\FPGA\RTL\com\fc_dec.vhd (N/A, 2026-02-28 01:49:13)
371      C:\FPGA work\PCBNo.10081\FPGA\RTL\com\fc_sel.vhd (N/A, 2026-02-28 01:49:13)
372      C:\FPGA work\PCBNo.10081\FPGA\RTL\com\w_pack.vhd (N/A, 2026-02-28 01:49:13)
0        C:\lscc\diamond\3.13\cae_library\synthesis\vhdl\ecp5u.vhd (2021-02-25 00:38:14, N/A)
1        C:\lscc\diamond\3.13\synpbase\lib\lucent\ecp5u.vhd (2023-08-10 11:56:40, N/A)
2        C:\lscc\diamond\3.13\synpbase\lib\vhd2008\arith.vhd (2023-08-10 09:32:12, N/A)
3        C:\lscc\diamond\3.13\synpbase\lib\vhd2008\location.map (2023-08-30 16:00:02, N/A)
4        C:\lscc\diamond\3.13\synpbase\lib\vhd2008\misc.vhd (2023-08-10 09:32:12, N/A)
5        C:\lscc\diamond\3.13\synpbase\lib\vhd2008\numeric.vhd (2023-08-10 09:55:24, N/A)
6        C:\lscc\diamond\3.13\synpbase\lib\vhd2008\std.vhd (2023-08-10 09:32:12, N/A)
7        C:\lscc\diamond\3.13\synpbase\lib\vhd2008\std1164.vhd (2023-08-10 09:32:12, N/A)
8        C:\lscc\diamond\3.13\synpbase\lib\vhd2008\std_textio.vhd (2023-08-10 09:32:12, N/A)
9        C:\lscc\diamond\3.13\synpbase\lib\vhd2008\unsigned.vhd (2023-08-10 09:32:12, N/A)
10       C:\lscc\diamond\3.13\synpbase\lib\vhd\hyperents.vhd (2023-08-10 09:32:12, N/A)
11       C:\lscc\diamond\3.13\synpbase\lib\vhd\snps_haps_pkg.vhd (2023-08-10 09:32:12, N/A)
12       C:\lscc\diamond\3.13\synpbase\lib\vhd\umr_capim.vhd (2023-08-10 09:32:12, N/A)
373      C:\lscc\diamond\3.14\cae_library\synthesis\vhdl\ecp5u.vhd (N/A, 2021-02-25 16:38:14)
374      C:\lscc\diamond\3.14\synpbase\lib\lucent\ecp5u.vhd (N/A, 2024-08-23 05:48:19)
375      C:\lscc\diamond\3.14\synpbase\lib\vhd2008\arith.vhd (N/A, 2024-09-24 08:33:34)
376      C:\lscc\diamond\3.14\synpbase\lib\vhd2008\location.map (N/A, 2024-09-24 08:33:34)
377      C:\lscc\diamond\3.14\synpbase\lib\vhd2008\misc.vhd (N/A, 2024-09-24 08:33:34)
378      C:\lscc\diamond\3.14\synpbase\lib\vhd2008\numeric.vhd (N/A, 2024-09-24 08:33:34)
379      C:\lscc\diamond\3.14\synpbase\lib\vhd2008\std.vhd (N/A, 2024-09-24 08:33:34)
380      C:\lscc\diamond\3.14\synpbase\lib\vhd2008\std1164.vhd (N/A, 2024-09-24 08:33:34)
381      C:\lscc\diamond\3.14\synpbase\lib\vhd2008\std_textio.vhd (N/A, 2024-09-24 08:33:34)
382      C:\lscc\diamond\3.14\synpbase\lib\vhd2008\unsigned.vhd (N/A, 2024-09-24 08:33:34)
383      C:\lscc\diamond\3.14\synpbase\lib\vhd\hyperents.vhd (N/A, 2024-09-24 08:33:34)
384      C:\lscc\diamond\3.14\synpbase\lib\vhd\snps_haps_pkg.vhd (N/A, 2024-09-24 08:33:34)
385      C:\lscc\diamond\3.14\synpbase\lib\vhd\umr_capim.vhd (N/A, 2024-09-24 08:33:34)
193      C:\work\S127M\PCBNo_10081\SP0557_rev02_00_AI3\RTL\IPcore\IPcore.vhd (2026-02-25 09:55:32, N/A)
194      C:\work\S127M\PCBNo_10081\SP0557_rev02_00_AI3\RTL\IPcore\dcfifo_rx_b1\dcfifo_rx_b1.vhd (2026-02-25 09:55:32, N/A)
195      C:\work\S127M\PCBNo_10081\SP0557_rev02_00_AI3\RTL\IPcore\dcfifo_rx_b2\dcfifo_rx_b2.vhd (2026-02-25 09:55:33, N/A)
196      C:\work\S127M\PCBNo_10081\SP0557_rev02_00_AI3\RTL\IPcore\dcfifo_tx_b1\dcfifo_tx_b1.vhd (2026-02-25 09:55:33, N/A)
197      C:\work\S127M\PCBNo_10081\SP0557_rev02_00_AI3\RTL\IPcore\dcfifo_tx_b2\dcfifo_tx_b2.vhd (2026-02-25 09:55:33, N/A)
198      C:\work\S127M\PCBNo_10081\SP0557_rev02_00_AI3\RTL\IPcore\pll_gen\pll_gen.vhd (2026-02-25 09:55:34, N/A)
199      C:\work\S127M\PCBNo_10081\SP0557_rev02_00_AI3\RTL\SP0557.vhd (2026-02-25 13:17:28, N/A)
200      C:\work\S127M\PCBNo_10081\SP0557_rev02_00_AI3\RTL\SP0557\DAC43608\CTRL_32CH.vhd (2026-02-25 13:17:28, N/A)
201      C:\work\S127M\PCBNo_10081\SP0557_rev02_00_AI3\RTL\SP0557\DAC43608\DAC43608_top.vhd (2026-02-25 09:55:36, N/A)
202      C:\work\S127M\PCBNo_10081\SP0557_rev02_00_AI3\RTL\SP0557\DAC43608\DAC_CTRL_1CH.vhd (2026-02-25 13:17:28, N/A)
203      C:\work\S127M\PCBNo_10081\SP0557_rev02_00_AI3\RTL\SP0557\DAC43608\i2c_master_bit_ctrl.vhd (2026-02-25 09:55:36, N/A)
204      C:\work\S127M\PCBNo_10081\SP0557_rev02_00_AI3\RTL\SP0557\DAC43608\i2c_master_byte_ctrl.vhd (2026-02-25 09:55:36, N/A)
205      C:\work\S127M\PCBNo_10081\SP0557_rev02_00_AI3\RTL\SP0557\DAC43608\i2c_master_registers.vhd (2026-02-25 09:55:36, N/A)
206      C:\work\S127M\PCBNo_10081\SP0557_rev02_00_AI3\RTL\SP0557\DAC43608\i2c_master_wb_top.vhd (2026-02-25 09:55:36, N/A)
207      C:\work\S127M\PCBNo_10081\SP0557_rev02_00_AI3\RTL\SP0557\EFUSE_CTRL\EFUSE_CTRL.vhd (2026-02-25 13:17:28, N/A)
208      C:\work\S127M\PCBNo_10081\SP0557_rev02_00_AI3\RTL\SP0557\LEDLT\AD8402_CTRL\AD8402_CTRL.vhd (2026-02-25 09:55:36, N/A)
209      C:\work\S127M\PCBNo_10081\SP0557_rev02_00_AI3\RTL\SP0557\LEDLT\AD8402_CTRL\ad8402.vhd (2026-02-25 09:55:36, N/A)
210      C:\work\S127M\PCBNo_10081\SP0557_rev02_00_AI3\RTL\SP0557\LEDLT\LEDLT_TOP.vhd (2026-02-25 13:17:28, N/A)
211      C:\work\S127M\PCBNo_10081\SP0557_rev02_00_AI3\RTL\SP0557\LEDLT\TLC5916_CTRL.vhd (2026-02-25 09:55:36, N/A)
212      C:\work\S127M\PCBNo_10081\SP0557_rev02_00_AI3\RTL\SP0557\ad_ctrl\ad_ctrl.vhd (2026-02-25 09:55:36, N/A)
213      C:\work\S127M\PCBNo_10081\SP0557_rev02_00_AI3\RTL\SP0557\ad_ctrl\adc_reg.vhd (2026-02-25 09:55:36, N/A)
214      C:\work\S127M\PCBNo_10081\SP0557_rev02_00_AI3\RTL\SP0557\ad_ctrl\adclk_gen.vhd (2026-02-25 09:55:36, N/A)
215      C:\work\S127M\PCBNo_10081\SP0557_rev02_00_AI3\RTL\SP0557\ad_ctrl\adif_seq.vhd (2026-02-25 09:55:36, N/A)
216      C:\work\S127M\PCBNo_10081\SP0557_rev02_00_AI3\RTL\SP0557\ad_ctrl\shiftreg12bit.vhd (2026-02-25 09:55:36, N/A)
217      C:\work\S127M\PCBNo_10081\SP0557_rev02_00_AI3\RTL\SP0557\compactppmc\ppmc_acc_tim_gen.vhd (2026-02-25 09:55:36, N/A)
218      C:\work\S127M\PCBNo_10081\SP0557_rev02_00_AI3\RTL\SP0557\compactppmc\ppmc_cmdchk.vhd (2026-02-25 09:55:36, N/A)
219      C:\work\S127M\PCBNo_10081\SP0557_rev02_00_AI3\RTL\SP0557\compactppmc\ppmc_ctrl.vhd (2026-02-25 13:17:28, N/A)
220      C:\work\S127M\PCBNo_10081\SP0557_rev02_00_AI3\RTL\SP0557\compactppmc\ppmc_dec.vhd (2026-02-25 09:55:36, N/A)
221      C:\work\S127M\PCBNo_10081\SP0557_rev02_00_AI3\RTL\SP0557\compactppmc\ppmc_enblr_S118M.vhd (2026-02-25 09:55:36, N/A)
222      C:\work\S127M\PCBNo_10081\SP0557_rev02_00_AI3\RTL\SP0557\compactppmc\ppmc_id.vhd (2026-02-25 09:55:36, N/A)
223      C:\work\S127M\PCBNo_10081\SP0557_rev02_00_AI3\RTL\SP0557\compactppmc\ppmc_phgen.vhd (2026-02-25 09:55:36, N/A)
224      C:\work\S127M\PCBNo_10081\SP0557_rev02_00_AI3\RTL\SP0557\compactppmc\ppmc_pls_cnt.vhd (2026-02-25 09:55:36, N/A)
225      C:\work\S127M\PCBNo_10081\SP0557_rev02_00_AI3\RTL\SP0557\compactppmc\ppmc_plsgen.vhd (2026-02-25 09:55:36, N/A)
226      C:\work\S127M\PCBNo_10081\SP0557_rev02_00_AI3\RTL\SP0557\compactppmc\ppmc_reg_S118M.vhd (2026-02-25 09:55:36, N/A)
227      C:\work\S127M\PCBNo_10081\SP0557_rev02_00_AI3\RTL\SP0557\compactppmc\ppmc_rgstr.vhd (2026-02-25 13:17:28, N/A)
228      C:\work\S127M\PCBNo_10081\SP0557_rev02_00_AI3\RTL\SP0557\compactppmc\ppmc_speed_cnt.vhd (2026-02-25 09:55:36, N/A)
229      C:\work\S127M\PCBNo_10081\SP0557_rev02_00_AI3\RTL\SP0557\compactppmc\ppmc_timer_cnt.vhd (2026-02-25 09:55:36, N/A)
230      C:\work\S127M\PCBNo_10081\SP0557_rev02_00_AI3\RTL\SP0557\compactppmc\ppmc_top_S118M.vhd (2026-02-25 13:17:28, N/A)
231      C:\work\S127M\PCBNo_10081\SP0557_rev02_00_AI3\RTL\SP0557\compactppmc\ppmc_u_step_ext.vhd (2026-02-25 13:17:28, N/A)
232      C:\work\S127M\PCBNo_10081\SP0557_rev02_00_AI3\RTL\SP0557\encoder\enc_func_top.vhd (2026-02-25 09:55:36, N/A)
233      C:\work\S127M\PCBNo_10081\SP0557_rev02_00_AI3\RTL\SP0557\encoder\enc_lmt.vhd (2026-02-25 09:55:36, N/A)
234      C:\work\S127M\PCBNo_10081\SP0557_rev02_00_AI3\RTL\SP0557\encoder\enc_top.vhd (2026-02-25 09:55:36, N/A)
235      C:\work\S127M\PCBNo_10081\SP0557_rev02_00_AI3\RTL\SP0557\encoder\encoder_2bit.vhd (2026-02-25 13:17:28, N/A)
236      C:\work\S127M\PCBNo_10081\SP0557_rev02_00_AI3\RTL\SP0557\gpio\gpio_id.vhd (2026-02-25 09:55:36, N/A)
237      C:\work\S127M\PCBNo_10081\SP0557_rev02_00_AI3\RTL\SP0557\gpio\gpio_ip_reg.vhd (2026-02-25 13:17:28, N/A)
238      C:\work\S127M\PCBNo_10081\SP0557_rev02_00_AI3\RTL\SP0557\gpio\gpio_op_reg.vhd (2026-02-25 09:55:36, N/A)
239      C:\work\S127M\PCBNo_10081\SP0557_rev02_00_AI3\RTL\SP0557\gpio\gpio_reg.vhd (2026-02-25 09:55:36, N/A)
240      C:\work\S127M\PCBNo_10081\SP0557_rev02_00_AI3\RTL\SP0557\gpio\gpio_top.vhd (2026-02-25 09:55:36, N/A)
241      C:\work\S127M\PCBNo_10081\SP0557_rev02_00_AI3\RTL\SP0557\pls_sens\pls_sens.vhd (2026-02-25 09:55:36, N/A)
242      C:\work\S127M\PCBNo_10081\SP0557_rev02_00_AI3\RTL\SP0557\slaveid_top\slaveid_id.vhd (2026-02-25 09:55:36, N/A)
243      C:\work\S127M\PCBNo_10081\SP0557_rev02_00_AI3\RTL\SP0557\slaveid_top\slaveid_top.vhd (2026-02-25 09:55:36, N/A)
244      C:\work\S127M\PCBNo_10081\SP0557_rev02_00_AI3\RTL\SP0557\slv_clk_gen.vhd (2026-02-25 09:55:36, N/A)
245      C:\work\S127M\PCBNo_10081\SP0557_rev02_00_AI3\RTL\SP0557\slv_com\CLK_gen_S124M.vhd (2026-02-25 09:55:36, N/A)
246      C:\work\S127M\PCBNo_10081\SP0557_rev02_00_AI3\RTL\SP0557\slv_com\cds.vhd (2026-02-25 09:55:36, N/A)
247      C:\work\S127M\PCBNo_10081\SP0557_rev02_00_AI3\RTL\SP0557\slv_com\rst_cnt.vhd (2026-02-25 09:55:36, N/A)
248      C:\work\S127M\PCBNo_10081\SP0557_rev02_00_AI3\RTL\SP0557\slv_com\rx_com.vhd (2026-02-25 09:55:36, N/A)
249      C:\work\S127M\PCBNo_10081\SP0557_rev02_00_AI3\RTL\SP0557\slv_com\rx_com\crc_check.vhd (2026-02-25 09:55:36, N/A)
250      C:\work\S127M\PCBNo_10081\SP0557_rev02_00_AI3\RTL\SP0557\slv_com\rx_com\dec4b_3b.vhd (2026-02-25 13:17:28, N/A)
251      C:\work\S127M\PCBNo_10081\SP0557_rev02_00_AI3\RTL\SP0557\slv_com\rx_com\dec6b_5b.vhd (2026-02-25 13:17:28, N/A)
252      C:\work\S127M\PCBNo_10081\SP0557_rev02_00_AI3\RTL\SP0557\slv_com\rx_com\dec8b10b_new.vhd (2026-02-25 09:55:36, N/A)
253      C:\work\S127M\PCBNo_10081\SP0557_rev02_00_AI3\RTL\SP0557\slv_com\rx_com\dec8b10b_wrapper.vhd (2026-02-25 09:55:36, N/A)
254      C:\work\S127M\PCBNo_10081\SP0557_rev02_00_AI3\RTL\SP0557\slv_com\rx_com\rx_cont_b1.vhd (2026-02-25 09:55:36, N/A)
255      C:\work\S127M\PCBNo_10081\SP0557_rev02_00_AI3\RTL\SP0557\slv_com\rx_com\rx_cont_b2.vhd (2026-02-25 09:55:36, N/A)
256      C:\work\S127M\PCBNo_10081\SP0557_rev02_00_AI3\RTL\SP0557\slv_com\rx_com\rx_ctl_1st.vhd (2026-02-25 13:17:28, N/A)
257      C:\work\S127M\PCBNo_10081\SP0557_rev02_00_AI3\RTL\SP0557\slv_com\rx_com\rx_ctl_3rd.vhd (2026-02-25 09:55:36, N/A)
258      C:\work\S127M\PCBNo_10081\SP0557_rev02_00_AI3\RTL\SP0557\slv_com\slv_com_top.vhd (2026-02-25 09:55:36, N/A)
259      C:\work\S127M\PCBNo_10081\SP0557_rev02_00_AI3\RTL\SP0557\slv_com\slv_ctrl\adr_sel.vhd (2026-02-25 09:55:36, N/A)
260      C:\work\S127M\PCBNo_10081\SP0557_rev02_00_AI3\RTL\SP0557\slv_com\slv_ctrl\nd_sel.vhd (2026-02-25 09:55:36, N/A)
261      C:\work\S127M\PCBNo_10081\SP0557_rev02_00_AI3\RTL\SP0557\slv_com\slv_ctrl\node_sel.vhd (2026-02-25 09:55:36, N/A)
262      C:\work\S127M\PCBNo_10081\SP0557_rev02_00_AI3\RTL\SP0557\slv_com\slv_ctrl\slv_rx_ctrl.vhd (2026-02-25 13:17:28, N/A)
263      C:\work\S127M\PCBNo_10081\SP0557_rev02_00_AI3\RTL\SP0557\slv_com\slv_ctrl\slv_tx_ctrl.vhd (2026-02-25 09:55:36, N/A)
264      C:\work\S127M\PCBNo_10081\SP0557_rev02_00_AI3\RTL\SP0557\slv_com\slv_ctrl_top.vhd (2026-02-25 13:17:28, N/A)
265      C:\work\S127M\PCBNo_10081\SP0557_rev02_00_AI3\RTL\SP0557\slv_com\slvadr_cnv.vhd (2026-02-25 13:17:28, N/A)
266      C:\work\S127M\PCBNo_10081\SP0557_rev02_00_AI3\RTL\SP0557\slv_com\tx_com.vhd (2026-02-25 09:55:36, N/A)
267      C:\work\S127M\PCBNo_10081\SP0557_rev02_00_AI3\RTL\SP0557\slv_com\tx_com\crc_gen.vhd (2026-02-25 09:55:36, N/A)
268      C:\work\S127M\PCBNo_10081\SP0557_rev02_00_AI3\RTL\SP0557\slv_com\tx_com\enc3b_4b.vhd (2026-02-25 09:55:36, N/A)
269      C:\work\S127M\PCBNo_10081\SP0557_rev02_00_AI3\RTL\SP0557\slv_com\tx_com\enc5b_6b.vhd (2026-02-25 09:55:36, N/A)
270      C:\work\S127M\PCBNo_10081\SP0557_rev02_00_AI3\RTL\SP0557\slv_com\tx_com\enc8b10b_new.vhd (2026-02-25 09:55:36, N/A)
271      C:\work\S127M\PCBNo_10081\SP0557_rev02_00_AI3\RTL\SP0557\slv_com\tx_com\enc8b10b_wrapper.vhd (2026-02-25 09:55:36, N/A)
272      C:\work\S127M\PCBNo_10081\SP0557_rev02_00_AI3\RTL\SP0557\slv_com\tx_com\enc8b_10b.vhd (2026-02-25 09:55:36, N/A)
273      C:\work\S127M\PCBNo_10081\SP0557_rev02_00_AI3\RTL\SP0557\slv_com\tx_com\tx_cont_b1.vhd (2026-02-25 09:55:36, N/A)
274      C:\work\S127M\PCBNo_10081\SP0557_rev02_00_AI3\RTL\SP0557\slv_com\tx_com\tx_cont_b2.vhd (2026-02-25 09:55:36, N/A)
275      C:\work\S127M\PCBNo_10081\SP0557_rev02_00_AI3\RTL\SP0557\slv_com\tx_com\tx_ctl_1st.vhd (2026-02-25 09:55:36, N/A)
276      C:\work\S127M\PCBNo_10081\SP0557_rev02_00_AI3\RTL\SP0557\slv_com\tx_com\tx_ctl_3rd.vhd (2026-02-25 09:55:36, N/A)
277      C:\work\S127M\PCBNo_10081\SP0557_rev02_00_AI3\RTL\SP0557\sp_conv\SIO_ctrl2.vhd (2026-02-25 09:55:36, N/A)
278      C:\work\S127M\PCBNo_10081\SP0557_rev02_00_AI3\RTL\SP0557\sp_conv\SPI_master2.vhd (2026-02-25 09:55:36, N/A)
279      C:\work\S127M\PCBNo_10081\SP0557_rev02_00_AI3\RTL\SP0557\sp_conv\sp_conv.vhd (2026-02-25 09:55:36, N/A)
280      C:\work\S127M\PCBNo_10081\SP0557_rev02_00_AI3\RTL\com\fc_dec.vhd (2026-02-25 09:55:32, N/A)
281      C:\work\S127M\PCBNo_10081\SP0557_rev02_00_AI3\RTL\com\fc_sel.vhd (2026-02-25 09:55:32, N/A)
282      C:\work\S127M\PCBNo_10081\SP0557_rev02_00_AI3\RTL\com\w_pack.vhd (2026-02-25 09:55:32, N/A)

*******************************************************************
Modules that may have changed as a result of file changes: 89
MID:  lib.cell.view
0        work.ad8402.rtl may have changed because the following files changed:
                        C:\FPGA work\PCBNo.10081\FPGA\RTL\SP0557.vhd (N/A, 2026-02-28 01:49:13) <-- (may instantiate this module)
                        C:\FPGA work\PCBNo.10081\FPGA\RTL\SP0557\LEDLT\AD8402_CTRL\AD8402_CTRL.vhd (N/A, 2026-02-28 01:49:13) <-- (may instantiate this module)
                        C:\FPGA work\PCBNo.10081\FPGA\RTL\SP0557\LEDLT\AD8402_CTRL\ad8402.vhd (N/A, 2026-02-28 01:49:13) <-- (architecture and entity definition)
                        C:\FPGA work\PCBNo.10081\FPGA\RTL\SP0557\LEDLT\LEDLT_TOP.vhd (N/A, 2026-02-28 01:49:13) <-- (may instantiate this module)
2        work.ad8402_ctrl.rtl may have changed because the following files changed:
                        C:\FPGA work\PCBNo.10081\FPGA\RTL\SP0557.vhd (N/A, 2026-02-28 01:49:13) <-- (may instantiate this module)
                        C:\FPGA work\PCBNo.10081\FPGA\RTL\SP0557\LEDLT\AD8402_CTRL\AD8402_CTRL.vhd (N/A, 2026-02-28 01:49:13) <-- (architecture and entity definition)
                        C:\FPGA work\PCBNo.10081\FPGA\RTL\SP0557\LEDLT\LEDLT_TOP.vhd (N/A, 2026-02-28 01:49:13) <-- (may instantiate this module)
4        work.ad_ctrl.rtl may have changed because the following files changed:
                        C:\FPGA work\PCBNo.10081\FPGA\RTL\SP0557.vhd (N/A, 2026-02-28 01:49:13) <-- (may instantiate this module)
                        C:\FPGA work\PCBNo.10081\FPGA\RTL\SP0557\ad_ctrl\ad_ctrl.vhd (N/A, 2026-02-28 01:49:13) <-- (architecture and entity definition)
6        work.adc_reg.rtl may have changed because the following files changed:
                        C:\FPGA work\PCBNo.10081\FPGA\RTL\SP0557.vhd (N/A, 2026-02-28 01:49:13) <-- (may instantiate this module)
                        C:\FPGA work\PCBNo.10081\FPGA\RTL\SP0557\ad_ctrl\ad_ctrl.vhd (N/A, 2026-02-28 01:49:13) <-- (may instantiate this module)
                        C:\FPGA work\PCBNo.10081\FPGA\RTL\SP0557\ad_ctrl\adc_reg.vhd (N/A, 2026-02-28 01:49:13) <-- (architecture and entity definition)
8        work.adclk_gen.rtl may have changed because the following files changed:
                        C:\FPGA work\PCBNo.10081\FPGA\RTL\SP0557.vhd (N/A, 2026-02-28 01:49:13) <-- (may instantiate this module)
                        C:\FPGA work\PCBNo.10081\FPGA\RTL\SP0557\ad_ctrl\ad_ctrl.vhd (N/A, 2026-02-28 01:49:13) <-- (may instantiate this module)
                        C:\FPGA work\PCBNo.10081\FPGA\RTL\SP0557\ad_ctrl\adclk_gen.vhd (N/A, 2026-02-28 01:49:13) <-- (architecture and entity definition)
10       work.adif_seq.rtl may have changed because the following files changed:
                        C:\FPGA work\PCBNo.10081\FPGA\RTL\SP0557.vhd (N/A, 2026-02-28 01:49:13) <-- (may instantiate this module)
                        C:\FPGA work\PCBNo.10081\FPGA\RTL\SP0557\ad_ctrl\ad_ctrl.vhd (N/A, 2026-02-28 01:49:13) <-- (may instantiate this module)
                        C:\FPGA work\PCBNo.10081\FPGA\RTL\SP0557\ad_ctrl\adif_seq.vhd (N/A, 2026-02-28 01:49:13) <-- (architecture and entity definition)
12       work.adr_sel.rtl may have changed because the following files changed:
                        C:\FPGA work\PCBNo.10081\FPGA\RTL\SP0557.vhd (N/A, 2026-02-28 01:49:13) <-- (may instantiate this module)
                        C:\FPGA work\PCBNo.10081\FPGA\RTL\SP0557\slv_com\slv_com_top.vhd (N/A, 2026-02-28 01:49:13) <-- (may instantiate this module)
                        C:\FPGA work\PCBNo.10081\FPGA\RTL\SP0557\slv_com\slv_ctrl\adr_sel.vhd (N/A, 2026-02-28 01:49:13) <-- (architecture and entity definition)
                        C:\FPGA work\PCBNo.10081\FPGA\RTL\SP0557\slv_com\slv_ctrl_top.vhd (N/A, 2026-02-28 01:49:13) <-- (may instantiate this module)
14       work.cds.rtl may have changed because the following files changed:
                        C:\FPGA work\PCBNo.10081\FPGA\RTL\SP0557.vhd (N/A, 2026-02-28 01:49:13) <-- (may instantiate this module)
                        C:\FPGA work\PCBNo.10081\FPGA\RTL\SP0557\slv_com\cds.vhd (N/A, 2026-02-28 01:49:13) <-- (architecture and entity definition)
                        C:\FPGA work\PCBNo.10081\FPGA\RTL\SP0557\slv_com\slv_com_top.vhd (N/A, 2026-02-28 01:49:13) <-- (may instantiate this module)
16       work.clk_gen_s124m.rtl may have changed because the following files changed:
                        C:\FPGA work\PCBNo.10081\FPGA\RTL\SP0557.vhd (N/A, 2026-02-28 01:49:13) <-- (may instantiate this module)
                        C:\FPGA work\PCBNo.10081\FPGA\RTL\SP0557\slv_com\CLK_gen_S124M.vhd (N/A, 2026-02-28 01:49:13) <-- (architecture and entity definition)
                        C:\FPGA work\PCBNo.10081\FPGA\RTL\SP0557\slv_com\slv_com_top.vhd (N/A, 2026-02-28 01:49:13) <-- (may instantiate this module)
18       work.crc_check.rtl may have changed because the following files changed:
                        C:\FPGA work\PCBNo.10081\FPGA\RTL\SP0557.vhd (N/A, 2026-02-28 01:49:13) <-- (may instantiate this module)
                        C:\FPGA work\PCBNo.10081\FPGA\RTL\SP0557\slv_com\rx_com.vhd (N/A, 2026-02-28 01:49:13) <-- (may instantiate this module)
                        C:\FPGA work\PCBNo.10081\FPGA\RTL\SP0557\slv_com\rx_com\crc_check.vhd (N/A, 2026-02-28 01:49:13) <-- (architecture and entity definition)
                        C:\FPGA work\PCBNo.10081\FPGA\RTL\SP0557\slv_com\rx_com\rx_cont_b2.vhd (N/A, 2026-02-28 01:49:13) <-- (may instantiate this module)
                        C:\FPGA work\PCBNo.10081\FPGA\RTL\SP0557\slv_com\slv_com_top.vhd (N/A, 2026-02-28 01:49:13) <-- (may instantiate this module)
20       work.crc_gen.rtl may have changed because the following files changed:
                        C:\FPGA work\PCBNo.10081\FPGA\RTL\SP0557.vhd (N/A, 2026-02-28 01:49:13) <-- (may instantiate this module)
                        C:\FPGA work\PCBNo.10081\FPGA\RTL\SP0557\slv_com\slv_com_top.vhd (N/A, 2026-02-28 01:49:13) <-- (may instantiate this module)
                        C:\FPGA work\PCBNo.10081\FPGA\RTL\SP0557\slv_com\tx_com.vhd (N/A, 2026-02-28 01:49:13) <-- (may instantiate this module)
                        C:\FPGA work\PCBNo.10081\FPGA\RTL\SP0557\slv_com\tx_com\crc_gen.vhd (N/A, 2026-02-28 01:49:13) <-- (architecture and entity definition)
                        C:\FPGA work\PCBNo.10081\FPGA\RTL\SP0557\slv_com\tx_com\tx_cont_b1.vhd (N/A, 2026-02-28 01:49:13) <-- (may instantiate this module)
22       work.ctrl_32ch.rtl may have changed because the following files changed:
                        C:\FPGA work\PCBNo.10081\FPGA\RTL\SP0557.vhd (N/A, 2026-02-28 01:49:13) <-- (may instantiate this module)
                        C:\FPGA work\PCBNo.10081\FPGA\RTL\SP0557\DAC43608\CTRL_32CH.vhd (N/A, 2026-02-28 01:49:13) <-- (architecture and entity definition)
                        C:\FPGA work\PCBNo.10081\FPGA\RTL\SP0557\DAC43608\DAC43608_top.vhd (N/A, 2026-02-28 01:49:13) <-- (may instantiate this module)
24       work.dac43608_top.rtl may have changed because the following files changed:
                        C:\FPGA work\PCBNo.10081\FPGA\RTL\SP0557.vhd (N/A, 2026-02-28 01:49:13) <-- (may instantiate this module)
                        C:\FPGA work\PCBNo.10081\FPGA\RTL\SP0557\DAC43608\DAC43608_top.vhd (N/A, 2026-02-28 01:49:13) <-- (architecture and entity definition)
26       work.dac_ctrl_1ch.rtl may have changed because the following files changed:
                        C:\FPGA work\PCBNo.10081\FPGA\RTL\SP0557.vhd (N/A, 2026-02-28 01:49:13) <-- (may instantiate this module)
                        C:\FPGA work\PCBNo.10081\FPGA\RTL\SP0557\DAC43608\DAC43608_top.vhd (N/A, 2026-02-28 01:49:13) <-- (may instantiate this module)
                        C:\FPGA work\PCBNo.10081\FPGA\RTL\SP0557\DAC43608\DAC_CTRL_1CH.vhd (N/A, 2026-02-28 01:49:13) <-- (architecture and entity definition)
28       work.dcfifo_rx_b1.structure may have changed because the following files changed:
                        C:\FPGA work\PCBNo.10081\FPGA\RTL\IPcore\IPcore.vhd (N/A, 2026-02-28 01:49:13) <-- (may instantiate this module)
                        C:\FPGA work\PCBNo.10081\FPGA\RTL\IPcore\dcfifo_rx_b1\dcfifo_rx_b1.vhd (N/A, 2026-02-28 01:49:13) <-- (architecture and entity definition)
                        C:\FPGA work\PCBNo.10081\FPGA\RTL\SP0557.vhd (N/A, 2026-02-28 01:49:13) <-- (may instantiate this module)
                        C:\FPGA work\PCBNo.10081\FPGA\RTL\SP0557\slv_com\rx_com.vhd (N/A, 2026-02-28 01:49:13) <-- (may instantiate this module)
                        C:\FPGA work\PCBNo.10081\FPGA\RTL\SP0557\slv_com\rx_com\rx_cont_b1.vhd (N/A, 2026-02-28 01:49:13) <-- (may instantiate this module)
                        C:\FPGA work\PCBNo.10081\FPGA\RTL\SP0557\slv_com\slv_com_top.vhd (N/A, 2026-02-28 01:49:13) <-- (may instantiate this module)
30       work.dcfifo_rx_b2.structure may have changed because the following files changed:
                        C:\FPGA work\PCBNo.10081\FPGA\RTL\IPcore\IPcore.vhd (N/A, 2026-02-28 01:49:13) <-- (may instantiate this module)
                        C:\FPGA work\PCBNo.10081\FPGA\RTL\IPcore\dcfifo_rx_b2\dcfifo_rx_b2.vhd (N/A, 2026-02-28 01:49:13) <-- (architecture and entity definition)
                        C:\FPGA work\PCBNo.10081\FPGA\RTL\SP0557.vhd (N/A, 2026-02-28 01:49:13) <-- (may instantiate this module)
                        C:\FPGA work\PCBNo.10081\FPGA\RTL\SP0557\slv_com\rx_com.vhd (N/A, 2026-02-28 01:49:13) <-- (may instantiate this module)
                        C:\FPGA work\PCBNo.10081\FPGA\RTL\SP0557\slv_com\rx_com\rx_cont_b2.vhd (N/A, 2026-02-28 01:49:13) <-- (may instantiate this module)
                        C:\FPGA work\PCBNo.10081\FPGA\RTL\SP0557\slv_com\slv_com_top.vhd (N/A, 2026-02-28 01:49:13) <-- (may instantiate this module)
32       work.dcfifo_tx_b1.structure may have changed because the following files changed:
                        C:\FPGA work\PCBNo.10081\FPGA\RTL\IPcore\IPcore.vhd (N/A, 2026-02-28 01:49:13) <-- (may instantiate this module)
                        C:\FPGA work\PCBNo.10081\FPGA\RTL\IPcore\dcfifo_tx_b1\dcfifo_tx_b1.vhd (N/A, 2026-02-28 01:49:13) <-- (architecture and entity definition)
                        C:\FPGA work\PCBNo.10081\FPGA\RTL\SP0557.vhd (N/A, 2026-02-28 01:49:13) <-- (may instantiate this module)
                        C:\FPGA work\PCBNo.10081\FPGA\RTL\SP0557\slv_com\slv_com_top.vhd (N/A, 2026-02-28 01:49:13) <-- (may instantiate this module)
                        C:\FPGA work\PCBNo.10081\FPGA\RTL\SP0557\slv_com\tx_com.vhd (N/A, 2026-02-28 01:49:13) <-- (may instantiate this module)
                        C:\FPGA work\PCBNo.10081\FPGA\RTL\SP0557\slv_com\tx_com\tx_cont_b1.vhd (N/A, 2026-02-28 01:49:13) <-- (may instantiate this module)
34       work.dcfifo_tx_b2.structure may have changed because the following files changed:
                        C:\FPGA work\PCBNo.10081\FPGA\RTL\IPcore\IPcore.vhd (N/A, 2026-02-28 01:49:13) <-- (may instantiate this module)
                        C:\FPGA work\PCBNo.10081\FPGA\RTL\IPcore\dcfifo_tx_b2\dcfifo_tx_b2.vhd (N/A, 2026-02-28 01:49:13) <-- (architecture and entity definition)
                        C:\FPGA work\PCBNo.10081\FPGA\RTL\SP0557.vhd (N/A, 2026-02-28 01:49:13) <-- (may instantiate this module)
                        C:\FPGA work\PCBNo.10081\FPGA\RTL\SP0557\slv_com\slv_com_top.vhd (N/A, 2026-02-28 01:49:13) <-- (may instantiate this module)
                        C:\FPGA work\PCBNo.10081\FPGA\RTL\SP0557\slv_com\tx_com.vhd (N/A, 2026-02-28 01:49:13) <-- (may instantiate this module)
                        C:\FPGA work\PCBNo.10081\FPGA\RTL\SP0557\slv_com\tx_com\tx_cont_b2.vhd (N/A, 2026-02-28 01:49:13) <-- (may instantiate this module)
36       work.dec4b_3b.rtl may have changed because the following files changed:
                        C:\FPGA work\PCBNo.10081\FPGA\RTL\SP0557.vhd (N/A, 2026-02-28 01:49:13) <-- (may instantiate this module)
                        C:\FPGA work\PCBNo.10081\FPGA\RTL\SP0557\slv_com\rx_com.vhd (N/A, 2026-02-28 01:49:13) <-- (may instantiate this module)
                        C:\FPGA work\PCBNo.10081\FPGA\RTL\SP0557\slv_com\rx_com\dec4b_3b.vhd (N/A, 2026-02-28 01:49:13) <-- (architecture and entity definition)
                        C:\FPGA work\PCBNo.10081\FPGA\RTL\SP0557\slv_com\rx_com\dec8b10b_new.vhd (N/A, 2026-02-28 01:49:13) <-- (may instantiate this module)
                        C:\FPGA work\PCBNo.10081\FPGA\RTL\SP0557\slv_com\rx_com\dec8b10b_wrapper.vhd (N/A, 2026-02-28 01:49:13) <-- (may instantiate this module)
                        C:\FPGA work\PCBNo.10081\FPGA\RTL\SP0557\slv_com\slv_com_top.vhd (N/A, 2026-02-28 01:49:13) <-- (may instantiate this module)
38       work.dec6b_5b.rtl may have changed because the following files changed:
                        C:\FPGA work\PCBNo.10081\FPGA\RTL\SP0557.vhd (N/A, 2026-02-28 01:49:13) <-- (may instantiate this module)
                        C:\FPGA work\PCBNo.10081\FPGA\RTL\SP0557\slv_com\rx_com.vhd (N/A, 2026-02-28 01:49:13) <-- (may instantiate this module)
                        C:\FPGA work\PCBNo.10081\FPGA\RTL\SP0557\slv_com\rx_com\dec6b_5b.vhd (N/A, 2026-02-28 01:49:13) <-- (architecture and entity definition)
                        C:\FPGA work\PCBNo.10081\FPGA\RTL\SP0557\slv_com\rx_com\dec8b10b_new.vhd (N/A, 2026-02-28 01:49:13) <-- (may instantiate this module)
                        C:\FPGA work\PCBNo.10081\FPGA\RTL\SP0557\slv_com\rx_com\dec8b10b_wrapper.vhd (N/A, 2026-02-28 01:49:13) <-- (may instantiate this module)
                        C:\FPGA work\PCBNo.10081\FPGA\RTL\SP0557\slv_com\slv_com_top.vhd (N/A, 2026-02-28 01:49:13) <-- (may instantiate this module)
40       work.dec8b10b_new.rtl may have changed because the following files changed:
                        C:\FPGA work\PCBNo.10081\FPGA\RTL\SP0557.vhd (N/A, 2026-02-28 01:49:13) <-- (may instantiate this module)
                        C:\FPGA work\PCBNo.10081\FPGA\RTL\SP0557\slv_com\rx_com.vhd (N/A, 2026-02-28 01:49:13) <-- (may instantiate this module)
                        C:\FPGA work\PCBNo.10081\FPGA\RTL\SP0557\slv_com\rx_com\dec8b10b_new.vhd (N/A, 2026-02-28 01:49:13) <-- (architecture and entity definition)
                        C:\FPGA work\PCBNo.10081\FPGA\RTL\SP0557\slv_com\rx_com\dec8b10b_wrapper.vhd (N/A, 2026-02-28 01:49:13) <-- (may instantiate this module)
                        C:\FPGA work\PCBNo.10081\FPGA\RTL\SP0557\slv_com\slv_com_top.vhd (N/A, 2026-02-28 01:49:13) <-- (may instantiate this module)
43       work.dec8b10b_wrapper.wrapper may have changed because the following files changed:
                        C:\FPGA work\PCBNo.10081\FPGA\RTL\SP0557.vhd (N/A, 2026-02-28 01:49:13) <-- (may instantiate this module)
                        C:\FPGA work\PCBNo.10081\FPGA\RTL\SP0557\slv_com\rx_com.vhd (N/A, 2026-02-28 01:49:13) <-- (may instantiate this module)
                        C:\FPGA work\PCBNo.10081\FPGA\RTL\SP0557\slv_com\rx_com\dec8b10b_wrapper.vhd (N/A, 2026-02-28 01:49:13) <-- (architecture and entity definition)
                        C:\FPGA work\PCBNo.10081\FPGA\RTL\SP0557\slv_com\slv_com_top.vhd (N/A, 2026-02-28 01:49:13) <-- (may instantiate this module)
44       work.efuse_ctrl.rtl may have changed because the following files changed:
                        C:\FPGA work\PCBNo.10081\FPGA\RTL\SP0557.vhd (N/A, 2026-02-28 01:49:13) <-- (may instantiate this module)
                        C:\FPGA work\PCBNo.10081\FPGA\RTL\SP0557\EFUSE_CTRL\EFUSE_CTRL.vhd (N/A, 2026-02-28 01:49:13) <-- (architecture and entity definition)
46       work.enc3b_4b.rtl may have changed because the following files changed:
                        C:\FPGA work\PCBNo.10081\FPGA\RTL\SP0557.vhd (N/A, 2026-02-28 01:49:13) <-- (may instantiate this module)
                        C:\FPGA work\PCBNo.10081\FPGA\RTL\SP0557\slv_com\slv_com_top.vhd (N/A, 2026-02-28 01:49:13) <-- (may instantiate this module)
                        C:\FPGA work\PCBNo.10081\FPGA\RTL\SP0557\slv_com\tx_com.vhd (N/A, 2026-02-28 01:49:13) <-- (may instantiate this module)
                        C:\FPGA work\PCBNo.10081\FPGA\RTL\SP0557\slv_com\tx_com\enc3b_4b.vhd (N/A, 2026-02-28 01:49:13) <-- (architecture and entity definition)
                        C:\FPGA work\PCBNo.10081\FPGA\RTL\SP0557\slv_com\tx_com\enc8b10b_new.vhd (N/A, 2026-02-28 01:49:13) <-- (may instantiate this module)
                        C:\FPGA work\PCBNo.10081\FPGA\RTL\SP0557\slv_com\tx_com\enc8b10b_wrapper.vhd (N/A, 2026-02-28 01:49:13) <-- (may instantiate this module)
                        C:\FPGA work\PCBNo.10081\FPGA\RTL\SP0557\slv_com\tx_com\enc8b_10b.vhd (N/A, 2026-02-28 01:49:13) <-- (may instantiate this module)
48       work.enc5b_6b.rtl may have changed because the following files changed:
                        C:\FPGA work\PCBNo.10081\FPGA\RTL\SP0557.vhd (N/A, 2026-02-28 01:49:13) <-- (may instantiate this module)
                        C:\FPGA work\PCBNo.10081\FPGA\RTL\SP0557\slv_com\slv_com_top.vhd (N/A, 2026-02-28 01:49:13) <-- (may instantiate this module)
                        C:\FPGA work\PCBNo.10081\FPGA\RTL\SP0557\slv_com\tx_com.vhd (N/A, 2026-02-28 01:49:13) <-- (may instantiate this module)
                        C:\FPGA work\PCBNo.10081\FPGA\RTL\SP0557\slv_com\tx_com\enc5b_6b.vhd (N/A, 2026-02-28 01:49:13) <-- (architecture and entity definition)
                        C:\FPGA work\PCBNo.10081\FPGA\RTL\SP0557\slv_com\tx_com\enc8b10b_new.vhd (N/A, 2026-02-28 01:49:13) <-- (may instantiate this module)
                        C:\FPGA work\PCBNo.10081\FPGA\RTL\SP0557\slv_com\tx_com\enc8b10b_wrapper.vhd (N/A, 2026-02-28 01:49:13) <-- (may instantiate this module)
                        C:\FPGA work\PCBNo.10081\FPGA\RTL\SP0557\slv_com\tx_com\enc8b_10b.vhd (N/A, 2026-02-28 01:49:13) <-- (may instantiate this module)
50       work.enc8b10b_new.rtl may have changed because the following files changed:
                        C:\FPGA work\PCBNo.10081\FPGA\RTL\SP0557.vhd (N/A, 2026-02-28 01:49:13) <-- (may instantiate this module)
                        C:\FPGA work\PCBNo.10081\FPGA\RTL\SP0557\slv_com\slv_com_top.vhd (N/A, 2026-02-28 01:49:13) <-- (may instantiate this module)
                        C:\FPGA work\PCBNo.10081\FPGA\RTL\SP0557\slv_com\tx_com.vhd (N/A, 2026-02-28 01:49:13) <-- (may instantiate this module)
                        C:\FPGA work\PCBNo.10081\FPGA\RTL\SP0557\slv_com\tx_com\enc8b10b_new.vhd (N/A, 2026-02-28 01:49:13) <-- (architecture and entity definition)
                        C:\FPGA work\PCBNo.10081\FPGA\RTL\SP0557\slv_com\tx_com\enc8b10b_wrapper.vhd (N/A, 2026-02-28 01:49:13) <-- (may instantiate this module)
53       work.enc8b10b_wrapper.wrapper may have changed because the following files changed:
                        C:\FPGA work\PCBNo.10081\FPGA\RTL\SP0557.vhd (N/A, 2026-02-28 01:49:13) <-- (may instantiate this module)
                        C:\FPGA work\PCBNo.10081\FPGA\RTL\SP0557\slv_com\slv_com_top.vhd (N/A, 2026-02-28 01:49:13) <-- (may instantiate this module)
                        C:\FPGA work\PCBNo.10081\FPGA\RTL\SP0557\slv_com\tx_com.vhd (N/A, 2026-02-28 01:49:13) <-- (may instantiate this module)
                        C:\FPGA work\PCBNo.10081\FPGA\RTL\SP0557\slv_com\tx_com\enc8b10b_wrapper.vhd (N/A, 2026-02-28 01:49:13) <-- (architecture and entity definition)
54       work.enc8b_10b.rtl may have changed because the following files changed:
                        C:\FPGA work\PCBNo.10081\FPGA\RTL\SP0557.vhd (N/A, 2026-02-28 01:49:13) <-- (may instantiate this module)
                        C:\FPGA work\PCBNo.10081\FPGA\RTL\SP0557\slv_com\slv_com_top.vhd (N/A, 2026-02-28 01:49:13) <-- (may instantiate this module)
                        C:\FPGA work\PCBNo.10081\FPGA\RTL\SP0557\slv_com\tx_com.vhd (N/A, 2026-02-28 01:49:13) <-- (may instantiate this module)
                        C:\FPGA work\PCBNo.10081\FPGA\RTL\SP0557\slv_com\tx_com\enc8b10b_new.vhd (N/A, 2026-02-28 01:49:13) <-- (may instantiate this module)
                        C:\FPGA work\PCBNo.10081\FPGA\RTL\SP0557\slv_com\tx_com\enc8b10b_wrapper.vhd (N/A, 2026-02-28 01:49:13) <-- (may instantiate this module)
                        C:\FPGA work\PCBNo.10081\FPGA\RTL\SP0557\slv_com\tx_com\enc8b_10b.vhd (N/A, 2026-02-28 01:49:13) <-- (architecture and entity definition)
56       work.enc_func_top.rtl may have changed because the following files changed:
                        C:\FPGA work\PCBNo.10081\FPGA\RTL\SP0557.vhd (N/A, 2026-02-28 01:49:13) <-- (may instantiate this module)
                        C:\FPGA work\PCBNo.10081\FPGA\RTL\SP0557\encoder\enc_func_top.vhd (N/A, 2026-02-28 01:49:13) <-- (architecture and entity definition)
58       work.enc_lmt.rtl may have changed because the following files changed:
                        C:\FPGA work\PCBNo.10081\FPGA\RTL\SP0557.vhd (N/A, 2026-02-28 01:49:13) <-- (may instantiate this module)
                        C:\FPGA work\PCBNo.10081\FPGA\RTL\SP0557\encoder\enc_func_top.vhd (N/A, 2026-02-28 01:49:13) <-- (may instantiate this module)
                        C:\FPGA work\PCBNo.10081\FPGA\RTL\SP0557\encoder\enc_lmt.vhd (N/A, 2026-02-28 01:49:13) <-- (architecture and entity definition)
                        C:\FPGA work\PCBNo.10081\FPGA\RTL\SP0557\encoder\enc_top.vhd (N/A, 2026-02-28 01:49:13) <-- (may instantiate this module)
60       work.enc_top.rtl may have changed because the following files changed:
                        C:\FPGA work\PCBNo.10081\FPGA\RTL\SP0557.vhd (N/A, 2026-02-28 01:49:13) <-- (may instantiate this module)
                        C:\FPGA work\PCBNo.10081\FPGA\RTL\SP0557\encoder\enc_func_top.vhd (N/A, 2026-02-28 01:49:13) <-- (may instantiate this module)
                        C:\FPGA work\PCBNo.10081\FPGA\RTL\SP0557\encoder\enc_top.vhd (N/A, 2026-02-28 01:49:13) <-- (architecture and entity definition)
62       work.encoder_2bit.rtl may have changed because the following files changed:
                        C:\FPGA work\PCBNo.10081\FPGA\RTL\SP0557.vhd (N/A, 2026-02-28 01:49:13) <-- (may instantiate this module)
                        C:\FPGA work\PCBNo.10081\FPGA\RTL\SP0557\encoder\enc_func_top.vhd (N/A, 2026-02-28 01:49:13) <-- (may instantiate this module)
                        C:\FPGA work\PCBNo.10081\FPGA\RTL\SP0557\encoder\enc_top.vhd (N/A, 2026-02-28 01:49:13) <-- (may instantiate this module)
                        C:\FPGA work\PCBNo.10081\FPGA\RTL\SP0557\encoder\encoder_2bit.vhd (N/A, 2026-02-28 01:49:13) <-- (architecture and entity definition)
64       work.fc_dec.rtl may have changed because the following files changed:
                        C:\FPGA work\PCBNo.10081\FPGA\RTL\SP0557.vhd (N/A, 2026-02-28 01:49:13) <-- (may instantiate this module)
                        C:\FPGA work\PCBNo.10081\FPGA\RTL\SP0557\compactppmc\ppmc_top_S118M.vhd (N/A, 2026-02-28 01:49:13) <-- (may instantiate this module)
                        C:\FPGA work\PCBNo.10081\FPGA\RTL\SP0557\gpio\gpio_top.vhd (N/A, 2026-02-28 01:49:13) <-- (may instantiate this module)
                        C:\FPGA work\PCBNo.10081\FPGA\RTL\SP0557\slaveid_top\slaveid_top.vhd (N/A, 2026-02-28 01:49:13) <-- (may instantiate this module)
                        C:\FPGA work\PCBNo.10081\FPGA\RTL\com\fc_dec.vhd (N/A, 2026-02-28 01:49:13) <-- (architecture and entity definition)
66       work.fc_sel.rtl may have changed because the following files changed:
                        C:\FPGA work\PCBNo.10081\FPGA\RTL\SP0557.vhd (N/A, 2026-02-28 01:49:13) <-- (may instantiate this module)
                        C:\FPGA work\PCBNo.10081\FPGA\RTL\SP0557\compactppmc\ppmc_top_S118M.vhd (N/A, 2026-02-28 01:49:13) <-- (may instantiate this module)
                        C:\FPGA work\PCBNo.10081\FPGA\RTL\SP0557\gpio\gpio_top.vhd (N/A, 2026-02-28 01:49:13) <-- (may instantiate this module)
                        C:\FPGA work\PCBNo.10081\FPGA\RTL\SP0557\slaveid_top\slaveid_top.vhd (N/A, 2026-02-28 01:49:13) <-- (may instantiate this module)
                        C:\FPGA work\PCBNo.10081\FPGA\RTL\com\fc_sel.vhd (N/A, 2026-02-28 01:49:13) <-- (architecture and entity definition)
68       work.gpio_id.rtl may have changed because the following files changed:
                        C:\FPGA work\PCBNo.10081\FPGA\RTL\SP0557.vhd (N/A, 2026-02-28 01:49:13) <-- (may instantiate this module)
                        C:\FPGA work\PCBNo.10081\FPGA\RTL\SP0557\gpio\gpio_id.vhd (N/A, 2026-02-28 01:49:13) <-- (architecture and entity definition)
                        C:\FPGA work\PCBNo.10081\FPGA\RTL\SP0557\gpio\gpio_top.vhd (N/A, 2026-02-28 01:49:13) <-- (may instantiate this module)
70       work.gpio_ip_reg.rtl may have changed because the following files changed:
                        C:\FPGA work\PCBNo.10081\FPGA\RTL\SP0557.vhd (N/A, 2026-02-28 01:49:13) <-- (may instantiate this module)
                        C:\FPGA work\PCBNo.10081\FPGA\RTL\SP0557\gpio\gpio_ip_reg.vhd (N/A, 2026-02-28 01:49:13) <-- (architecture and entity definition)
                        C:\FPGA work\PCBNo.10081\FPGA\RTL\SP0557\gpio\gpio_reg.vhd (N/A, 2026-02-28 01:49:13) <-- (may instantiate this module)
                        C:\FPGA work\PCBNo.10081\FPGA\RTL\SP0557\gpio\gpio_top.vhd (N/A, 2026-02-28 01:49:13) <-- (may instantiate this module)
72       work.gpio_op_reg.rtl may have changed because the following files changed:
                        C:\FPGA work\PCBNo.10081\FPGA\RTL\SP0557.vhd (N/A, 2026-02-28 01:49:13) <-- (may instantiate this module)
                        C:\FPGA work\PCBNo.10081\FPGA\RTL\SP0557\gpio\gpio_op_reg.vhd (N/A, 2026-02-28 01:49:13) <-- (architecture and entity definition)
                        C:\FPGA work\PCBNo.10081\FPGA\RTL\SP0557\gpio\gpio_reg.vhd (N/A, 2026-02-28 01:49:13) <-- (may instantiate this module)
                        C:\FPGA work\PCBNo.10081\FPGA\RTL\SP0557\gpio\gpio_top.vhd (N/A, 2026-02-28 01:49:13) <-- (may instantiate this module)
74       work.gpio_reg.rtl may have changed because the following files changed:
                        C:\FPGA work\PCBNo.10081\FPGA\RTL\SP0557.vhd (N/A, 2026-02-28 01:49:13) <-- (may instantiate this module)
                        C:\FPGA work\PCBNo.10081\FPGA\RTL\SP0557\gpio\gpio_reg.vhd (N/A, 2026-02-28 01:49:13) <-- (architecture and entity definition)
                        C:\FPGA work\PCBNo.10081\FPGA\RTL\SP0557\gpio\gpio_top.vhd (N/A, 2026-02-28 01:49:13) <-- (may instantiate this module)
76       work.gpio_top.rtl may have changed because the following files changed:
                        C:\FPGA work\PCBNo.10081\FPGA\RTL\SP0557.vhd (N/A, 2026-02-28 01:49:13) <-- (may instantiate this module)
                        C:\FPGA work\PCBNo.10081\FPGA\RTL\SP0557\gpio\gpio_top.vhd (N/A, 2026-02-28 01:49:13) <-- (architecture and entity definition)
78       work.i2c_master_bit_ctrl.arch may have changed because the following files changed:
                        C:\FPGA work\PCBNo.10081\FPGA\RTL\SP0557.vhd (N/A, 2026-02-28 01:49:13) <-- (may instantiate this module)
                        C:\FPGA work\PCBNo.10081\FPGA\RTL\SP0557\DAC43608\DAC43608_top.vhd (N/A, 2026-02-28 01:49:13) <-- (may instantiate this module)
                        C:\FPGA work\PCBNo.10081\FPGA\RTL\SP0557\DAC43608\i2c_master_bit_ctrl.vhd (N/A, 2026-02-28 01:49:13) <-- (architecture and entity definition)
                        C:\FPGA work\PCBNo.10081\FPGA\RTL\SP0557\DAC43608\i2c_master_wb_top.vhd (N/A, 2026-02-28 01:49:13) <-- (may instantiate this module)
80       work.i2c_master_byte_ctrl.arch may have changed because the following files changed:
                        C:\FPGA work\PCBNo.10081\FPGA\RTL\SP0557.vhd (N/A, 2026-02-28 01:49:13) <-- (may instantiate this module)
                        C:\FPGA work\PCBNo.10081\FPGA\RTL\SP0557\DAC43608\DAC43608_top.vhd (N/A, 2026-02-28 01:49:13) <-- (may instantiate this module)
                        C:\FPGA work\PCBNo.10081\FPGA\RTL\SP0557\DAC43608\i2c_master_byte_ctrl.vhd (N/A, 2026-02-28 01:49:13) <-- (architecture and entity definition)
                        C:\FPGA work\PCBNo.10081\FPGA\RTL\SP0557\DAC43608\i2c_master_wb_top.vhd (N/A, 2026-02-28 01:49:13) <-- (may instantiate this module)
82       work.i2c_master_registers.arch may have changed because the following files changed:
                        C:\FPGA work\PCBNo.10081\FPGA\RTL\SP0557.vhd (N/A, 2026-02-28 01:49:13) <-- (may instantiate this module)
                        C:\FPGA work\PCBNo.10081\FPGA\RTL\SP0557\DAC43608\DAC43608_top.vhd (N/A, 2026-02-28 01:49:13) <-- (may instantiate this module)
                        C:\FPGA work\PCBNo.10081\FPGA\RTL\SP0557\DAC43608\i2c_master_registers.vhd (N/A, 2026-02-28 01:49:13) <-- (architecture and entity definition)
                        C:\FPGA work\PCBNo.10081\FPGA\RTL\SP0557\DAC43608\i2c_master_wb_top.vhd (N/A, 2026-02-28 01:49:13) <-- (may instantiate this module)
84       work.i2c_master_wb_top.arch may have changed because the following files changed:
                        C:\FPGA work\PCBNo.10081\FPGA\RTL\SP0557.vhd (N/A, 2026-02-28 01:49:13) <-- (may instantiate this module)
                        C:\FPGA work\PCBNo.10081\FPGA\RTL\SP0557\DAC43608\DAC43608_top.vhd (N/A, 2026-02-28 01:49:13) <-- (may instantiate this module)
                        C:\FPGA work\PCBNo.10081\FPGA\RTL\SP0557\DAC43608\i2c_master_wb_top.vhd (N/A, 2026-02-28 01:49:13) <-- (architecture and entity definition)
86       work.ipcore.ipcore may have changed because the following files changed:
                        C:\FPGA work\PCBNo.10081\FPGA\RTL\IPcore\IPcore.vhd (N/A, 2026-02-28 01:49:13) <-- (architecture and entity definition)
88       work.ledlt_top.rtl may have changed because the following files changed:
                        C:\FPGA work\PCBNo.10081\FPGA\RTL\SP0557.vhd (N/A, 2026-02-28 01:49:13) <-- (may instantiate this module)
                        C:\FPGA work\PCBNo.10081\FPGA\RTL\SP0557\LEDLT\LEDLT_TOP.vhd (N/A, 2026-02-28 01:49:13) <-- (architecture and entity definition)
90       work.nd_sel.rtl may have changed because the following files changed:
                        C:\FPGA work\PCBNo.10081\FPGA\RTL\SP0557.vhd (N/A, 2026-02-28 01:49:13) <-- (may instantiate this module)
                        C:\FPGA work\PCBNo.10081\FPGA\RTL\SP0557\slv_com\slv_com_top.vhd (N/A, 2026-02-28 01:49:13) <-- (may instantiate this module)
                        C:\FPGA work\PCBNo.10081\FPGA\RTL\SP0557\slv_com\slv_ctrl\nd_sel.vhd (N/A, 2026-02-28 01:49:13) <-- (architecture and entity definition)
                        C:\FPGA work\PCBNo.10081\FPGA\RTL\SP0557\slv_com\slv_ctrl_top.vhd (N/A, 2026-02-28 01:49:13) <-- (may instantiate this module)
92       work.node_sel.rtl may have changed because the following files changed:
                        C:\FPGA work\PCBNo.10081\FPGA\RTL\SP0557.vhd (N/A, 2026-02-28 01:49:13) <-- (may instantiate this module)
                        C:\FPGA work\PCBNo.10081\FPGA\RTL\SP0557\slv_com\slv_com_top.vhd (N/A, 2026-02-28 01:49:13) <-- (may instantiate this module)
                        C:\FPGA work\PCBNo.10081\FPGA\RTL\SP0557\slv_com\slv_ctrl\node_sel.vhd (N/A, 2026-02-28 01:49:13) <-- (architecture and entity definition)
                        C:\FPGA work\PCBNo.10081\FPGA\RTL\SP0557\slv_com\slv_ctrl_top.vhd (N/A, 2026-02-28 01:49:13) <-- (may instantiate this module)
94       work.pll_gen.structure may have changed because the following files changed:
                        C:\FPGA work\PCBNo.10081\FPGA\RTL\IPcore\IPcore.vhd (N/A, 2026-02-28 01:49:13) <-- (may instantiate this module)
                        C:\FPGA work\PCBNo.10081\FPGA\RTL\IPcore\pll_gen\pll_gen.vhd (N/A, 2026-02-28 01:49:13) <-- (architecture and entity definition)
                        C:\FPGA work\PCBNo.10081\FPGA\RTL\SP0557.vhd (N/A, 2026-02-28 01:49:13) <-- (may instantiate this module)
                        C:\FPGA work\PCBNo.10081\FPGA\RTL\SP0557\slv_com\CLK_gen_S124M.vhd (N/A, 2026-02-28 01:49:13) <-- (may instantiate this module)
                        C:\FPGA work\PCBNo.10081\FPGA\RTL\SP0557\slv_com\slv_com_top.vhd (N/A, 2026-02-28 01:49:13) <-- (may instantiate this module)
96       work.pls_sens.rtl may have changed because the following files changed:
                        C:\FPGA work\PCBNo.10081\FPGA\RTL\SP0557.vhd (N/A, 2026-02-28 01:49:13) <-- (may instantiate this module)
                        C:\FPGA work\PCBNo.10081\FPGA\RTL\SP0557\pls_sens\pls_sens.vhd (N/A, 2026-02-28 01:49:13) <-- (architecture and entity definition)
98       work.ppmc_acc_tim_gen.rtl may have changed because the following files changed:
                        C:\FPGA work\PCBNo.10081\FPGA\RTL\SP0557.vhd (N/A, 2026-02-28 01:49:13) <-- (may instantiate this module)
                        C:\FPGA work\PCBNo.10081\FPGA\RTL\SP0557\compactppmc\ppmc_acc_tim_gen.vhd (N/A, 2026-02-28 01:49:13) <-- (architecture and entity definition)
                        C:\FPGA work\PCBNo.10081\FPGA\RTL\SP0557\compactppmc\ppmc_plsgen.vhd (N/A, 2026-02-28 01:49:13) <-- (may instantiate this module)
                        C:\FPGA work\PCBNo.10081\FPGA\RTL\SP0557\compactppmc\ppmc_reg_S118M.vhd (N/A, 2026-02-28 01:49:13) <-- (may instantiate this module)
                        C:\FPGA work\PCBNo.10081\FPGA\RTL\SP0557\compactppmc\ppmc_top_S118M.vhd (N/A, 2026-02-28 01:49:13) <-- (may instantiate this module)
100      work.ppmc_cmdchk.rtl may have changed because the following files changed:
                        C:\FPGA work\PCBNo.10081\FPGA\RTL\SP0557.vhd (N/A, 2026-02-28 01:49:13) <-- (may instantiate this module)
                        C:\FPGA work\PCBNo.10081\FPGA\RTL\SP0557\compactppmc\ppmc_cmdchk.vhd (N/A, 2026-02-28 01:49:13) <-- (architecture and entity definition)
                        C:\FPGA work\PCBNo.10081\FPGA\RTL\SP0557\compactppmc\ppmc_reg_S118M.vhd (N/A, 2026-02-28 01:49:13) <-- (may instantiate this module)
                        C:\FPGA work\PCBNo.10081\FPGA\RTL\SP0557\compactppmc\ppmc_top_S118M.vhd (N/A, 2026-02-28 01:49:13) <-- (may instantiate this module)
102      work.ppmc_ctrl.rtl may have changed because the following files changed:
                        C:\FPGA work\PCBNo.10081\FPGA\RTL\SP0557.vhd (N/A, 2026-02-28 01:49:13) <-- (may instantiate this module)
                        C:\FPGA work\PCBNo.10081\FPGA\RTL\SP0557\compactppmc\ppmc_ctrl.vhd (N/A, 2026-02-28 01:49:13) <-- (architecture and entity definition)
                        C:\FPGA work\PCBNo.10081\FPGA\RTL\SP0557\compactppmc\ppmc_reg_S118M.vhd (N/A, 2026-02-28 01:49:13) <-- (may instantiate this module)
                        C:\FPGA work\PCBNo.10081\FPGA\RTL\SP0557\compactppmc\ppmc_top_S118M.vhd (N/A, 2026-02-28 01:49:13) <-- (may instantiate this module)
104      work.ppmc_dec.rtl may have changed because the following files changed:
                        C:\FPGA work\PCBNo.10081\FPGA\RTL\SP0557.vhd (N/A, 2026-02-28 01:49:13) <-- (may instantiate this module)
                        C:\FPGA work\PCBNo.10081\FPGA\RTL\SP0557\compactppmc\ppmc_dec.vhd (N/A, 2026-02-28 01:49:13) <-- (architecture and entity definition)
                        C:\FPGA work\PCBNo.10081\FPGA\RTL\SP0557\compactppmc\ppmc_reg_S118M.vhd (N/A, 2026-02-28 01:49:13) <-- (may instantiate this module)
                        C:\FPGA work\PCBNo.10081\FPGA\RTL\SP0557\compactppmc\ppmc_top_S118M.vhd (N/A, 2026-02-28 01:49:13) <-- (may instantiate this module)
106      work.ppmc_enblr_s118m.rtl may have changed because the following files changed:
                        C:\FPGA work\PCBNo.10081\FPGA\RTL\SP0557.vhd (N/A, 2026-02-28 01:49:13) <-- (may instantiate this module)
                        C:\FPGA work\PCBNo.10081\FPGA\RTL\SP0557\compactppmc\ppmc_enblr_S118M.vhd (N/A, 2026-02-28 01:49:13) <-- (architecture and entity definition)
                        C:\FPGA work\PCBNo.10081\FPGA\RTL\SP0557\compactppmc\ppmc_reg_S118M.vhd (N/A, 2026-02-28 01:49:13) <-- (may instantiate this module)
                        C:\FPGA work\PCBNo.10081\FPGA\RTL\SP0557\compactppmc\ppmc_top_S118M.vhd (N/A, 2026-02-28 01:49:13) <-- (may instantiate this module)
108      work.ppmc_id.rtl may have changed because the following files changed:
                        C:\FPGA work\PCBNo.10081\FPGA\RTL\SP0557.vhd (N/A, 2026-02-28 01:49:13) <-- (may instantiate this module)
                        C:\FPGA work\PCBNo.10081\FPGA\RTL\SP0557\compactppmc\ppmc_id.vhd (N/A, 2026-02-28 01:49:13) <-- (architecture and entity definition)
                        C:\FPGA work\PCBNo.10081\FPGA\RTL\SP0557\compactppmc\ppmc_top_S118M.vhd (N/A, 2026-02-28 01:49:13) <-- (may instantiate this module)
110      work.ppmc_phgen.rtl may have changed because the following files changed:
                        C:\FPGA work\PCBNo.10081\FPGA\RTL\SP0557\compactppmc\ppmc_phgen.vhd (N/A, 2026-02-28 01:49:13) <-- (architecture and entity definition)
112      work.ppmc_pls_cnt.rtl may have changed because the following files changed:
                        C:\FPGA work\PCBNo.10081\FPGA\RTL\SP0557.vhd (N/A, 2026-02-28 01:49:13) <-- (may instantiate this module)
                        C:\FPGA work\PCBNo.10081\FPGA\RTL\SP0557\compactppmc\ppmc_pls_cnt.vhd (N/A, 2026-02-28 01:49:13) <-- (architecture and entity definition)
                        C:\FPGA work\PCBNo.10081\FPGA\RTL\SP0557\compactppmc\ppmc_plsgen.vhd (N/A, 2026-02-28 01:49:13) <-- (may instantiate this module)
                        C:\FPGA work\PCBNo.10081\FPGA\RTL\SP0557\compactppmc\ppmc_reg_S118M.vhd (N/A, 2026-02-28 01:49:13) <-- (may instantiate this module)
                        C:\FPGA work\PCBNo.10081\FPGA\RTL\SP0557\compactppmc\ppmc_top_S118M.vhd (N/A, 2026-02-28 01:49:13) <-- (may instantiate this module)
114      work.ppmc_plsgen.rtl may have changed because the following files changed:
                        C:\FPGA work\PCBNo.10081\FPGA\RTL\SP0557.vhd (N/A, 2026-02-28 01:49:13) <-- (may instantiate this module)
                        C:\FPGA work\PCBNo.10081\FPGA\RTL\SP0557\compactppmc\ppmc_plsgen.vhd (N/A, 2026-02-28 01:49:13) <-- (architecture and entity definition)
                        C:\FPGA work\PCBNo.10081\FPGA\RTL\SP0557\compactppmc\ppmc_reg_S118M.vhd (N/A, 2026-02-28 01:49:13) <-- (may instantiate this module)
                        C:\FPGA work\PCBNo.10081\FPGA\RTL\SP0557\compactppmc\ppmc_top_S118M.vhd (N/A, 2026-02-28 01:49:13) <-- (may instantiate this module)
116      work.ppmc_reg_s118m.rtl may have changed because the following files changed:
                        C:\FPGA work\PCBNo.10081\FPGA\RTL\SP0557.vhd (N/A, 2026-02-28 01:49:13) <-- (may instantiate this module)
                        C:\FPGA work\PCBNo.10081\FPGA\RTL\SP0557\compactppmc\ppmc_reg_S118M.vhd (N/A, 2026-02-28 01:49:13) <-- (architecture and entity definition)
                        C:\FPGA work\PCBNo.10081\FPGA\RTL\SP0557\compactppmc\ppmc_top_S118M.vhd (N/A, 2026-02-28 01:49:13) <-- (may instantiate this module)
118      work.ppmc_rgstr.rtl may have changed because the following files changed:
                        C:\FPGA work\PCBNo.10081\FPGA\RTL\SP0557.vhd (N/A, 2026-02-28 01:49:13) <-- (may instantiate this module)
                        C:\FPGA work\PCBNo.10081\FPGA\RTL\SP0557\compactppmc\ppmc_reg_S118M.vhd (N/A, 2026-02-28 01:49:13) <-- (may instantiate this module)
                        C:\FPGA work\PCBNo.10081\FPGA\RTL\SP0557\compactppmc\ppmc_rgstr.vhd (N/A, 2026-02-28 01:49:13) <-- (architecture and entity definition)
                        C:\FPGA work\PCBNo.10081\FPGA\RTL\SP0557\compactppmc\ppmc_top_S118M.vhd (N/A, 2026-02-28 01:49:13) <-- (may instantiate this module)
120      work.ppmc_speed_cnt.rtl may have changed because the following files changed:
                        C:\FPGA work\PCBNo.10081\FPGA\RTL\SP0557.vhd (N/A, 2026-02-28 01:49:13) <-- (may instantiate this module)
                        C:\FPGA work\PCBNo.10081\FPGA\RTL\SP0557\compactppmc\ppmc_plsgen.vhd (N/A, 2026-02-28 01:49:13) <-- (may instantiate this module)
                        C:\FPGA work\PCBNo.10081\FPGA\RTL\SP0557\compactppmc\ppmc_reg_S118M.vhd (N/A, 2026-02-28 01:49:13) <-- (may instantiate this module)
                        C:\FPGA work\PCBNo.10081\FPGA\RTL\SP0557\compactppmc\ppmc_speed_cnt.vhd (N/A, 2026-02-28 01:49:13) <-- (architecture and entity definition)
                        C:\FPGA work\PCBNo.10081\FPGA\RTL\SP0557\compactppmc\ppmc_top_S118M.vhd (N/A, 2026-02-28 01:49:13) <-- (may instantiate this module)
122      work.ppmc_timer_cnt.rtl may have changed because the following files changed:
                        C:\FPGA work\PCBNo.10081\FPGA\RTL\SP0557.vhd (N/A, 2026-02-28 01:49:13) <-- (may instantiate this module)
                        C:\FPGA work\PCBNo.10081\FPGA\RTL\SP0557\compactppmc\ppmc_plsgen.vhd (N/A, 2026-02-28 01:49:13) <-- (may instantiate this module)
                        C:\FPGA work\PCBNo.10081\FPGA\RTL\SP0557\compactppmc\ppmc_reg_S118M.vhd (N/A, 2026-02-28 01:49:13) <-- (may instantiate this module)
                        C:\FPGA work\PCBNo.10081\FPGA\RTL\SP0557\compactppmc\ppmc_timer_cnt.vhd (N/A, 2026-02-28 01:49:13) <-- (architecture and entity definition)
                        C:\FPGA work\PCBNo.10081\FPGA\RTL\SP0557\compactppmc\ppmc_top_S118M.vhd (N/A, 2026-02-28 01:49:13) <-- (may instantiate this module)
124      work.ppmc_top_s118m.rtl may have changed because the following files changed:
                        C:\FPGA work\PCBNo.10081\FPGA\RTL\SP0557.vhd (N/A, 2026-02-28 01:49:13) <-- (may instantiate this module)
                        C:\FPGA work\PCBNo.10081\FPGA\RTL\SP0557\compactppmc\ppmc_top_S118M.vhd (N/A, 2026-02-28 01:49:13) <-- (architecture and entity definition)
126      work.ppmc_u_step_ext.rtl may have changed because the following files changed:
                        C:\FPGA work\PCBNo.10081\FPGA\RTL\SP0557.vhd (N/A, 2026-02-28 01:49:13) <-- (may instantiate this module)
                        C:\FPGA work\PCBNo.10081\FPGA\RTL\SP0557\compactppmc\ppmc_reg_S118M.vhd (N/A, 2026-02-28 01:49:13) <-- (may instantiate this module)
                        C:\FPGA work\PCBNo.10081\FPGA\RTL\SP0557\compactppmc\ppmc_top_S118M.vhd (N/A, 2026-02-28 01:49:13) <-- (may instantiate this module)
                        C:\FPGA work\PCBNo.10081\FPGA\RTL\SP0557\compactppmc\ppmc_u_step_ext.vhd (N/A, 2026-02-28 01:49:13) <-- (architecture and entity definition)
128      work.rst_cnt.rtl may have changed because the following files changed:
                        C:\FPGA work\PCBNo.10081\FPGA\RTL\SP0557.vhd (N/A, 2026-02-28 01:49:13) <-- (may instantiate this module)
                        C:\FPGA work\PCBNo.10081\FPGA\RTL\SP0557\slv_com\rst_cnt.vhd (N/A, 2026-02-28 01:49:13) <-- (architecture and entity definition)
                        C:\FPGA work\PCBNo.10081\FPGA\RTL\SP0557\slv_com\slv_com_top.vhd (N/A, 2026-02-28 01:49:13) <-- (may instantiate this module)
130      work.rx_com.rtl may have changed because the following files changed:
                        C:\FPGA work\PCBNo.10081\FPGA\RTL\SP0557.vhd (N/A, 2026-02-28 01:49:13) <-- (may instantiate this module)
                        C:\FPGA work\PCBNo.10081\FPGA\RTL\SP0557\slv_com\rx_com.vhd (N/A, 2026-02-28 01:49:13) <-- (architecture and entity definition)
                        C:\FPGA work\PCBNo.10081\FPGA\RTL\SP0557\slv_com\slv_com_top.vhd (N/A, 2026-02-28 01:49:13) <-- (may instantiate this module)
132      work.rx_cont_b1.rtl may have changed because the following files changed:
                        C:\FPGA work\PCBNo.10081\FPGA\RTL\SP0557.vhd (N/A, 2026-02-28 01:49:13) <-- (may instantiate this module)
                        C:\FPGA work\PCBNo.10081\FPGA\RTL\SP0557\slv_com\rx_com.vhd (N/A, 2026-02-28 01:49:13) <-- (may instantiate this module)
                        C:\FPGA work\PCBNo.10081\FPGA\RTL\SP0557\slv_com\rx_com\rx_cont_b1.vhd (N/A, 2026-02-28 01:49:13) <-- (architecture and entity definition)
                        C:\FPGA work\PCBNo.10081\FPGA\RTL\SP0557\slv_com\slv_com_top.vhd (N/A, 2026-02-28 01:49:13) <-- (may instantiate this module)
134      work.rx_cont_b2.rtl may have changed because the following files changed:
                        C:\FPGA work\PCBNo.10081\FPGA\RTL\SP0557.vhd (N/A, 2026-02-28 01:49:13) <-- (may instantiate this module)
                        C:\FPGA work\PCBNo.10081\FPGA\RTL\SP0557\slv_com\rx_com.vhd (N/A, 2026-02-28 01:49:13) <-- (may instantiate this module)
                        C:\FPGA work\PCBNo.10081\FPGA\RTL\SP0557\slv_com\rx_com\rx_cont_b2.vhd (N/A, 2026-02-28 01:49:13) <-- (architecture and entity definition)
                        C:\FPGA work\PCBNo.10081\FPGA\RTL\SP0557\slv_com\slv_com_top.vhd (N/A, 2026-02-28 01:49:13) <-- (may instantiate this module)
136      work.rx_ctl_1st.rtl may have changed because the following files changed:
                        C:\FPGA work\PCBNo.10081\FPGA\RTL\SP0557.vhd (N/A, 2026-02-28 01:49:13) <-- (may instantiate this module)
                        C:\FPGA work\PCBNo.10081\FPGA\RTL\SP0557\slv_com\rx_com.vhd (N/A, 2026-02-28 01:49:13) <-- (may instantiate this module)
                        C:\FPGA work\PCBNo.10081\FPGA\RTL\SP0557\slv_com\rx_com\rx_cont_b1.vhd (N/A, 2026-02-28 01:49:13) <-- (may instantiate this module)
                        C:\FPGA work\PCBNo.10081\FPGA\RTL\SP0557\slv_com\rx_com\rx_ctl_1st.vhd (N/A, 2026-02-28 01:49:13) <-- (architecture and entity definition)
                        C:\FPGA work\PCBNo.10081\FPGA\RTL\SP0557\slv_com\slv_com_top.vhd (N/A, 2026-02-28 01:49:13) <-- (may instantiate this module)
138      work.rx_ctl_3rd.rtl may have changed because the following files changed:
                        C:\FPGA work\PCBNo.10081\FPGA\RTL\SP0557.vhd (N/A, 2026-02-28 01:49:13) <-- (may instantiate this module)
                        C:\FPGA work\PCBNo.10081\FPGA\RTL\SP0557\slv_com\rx_com.vhd (N/A, 2026-02-28 01:49:13) <-- (may instantiate this module)
                        C:\FPGA work\PCBNo.10081\FPGA\RTL\SP0557\slv_com\rx_com\rx_cont_b2.vhd (N/A, 2026-02-28 01:49:13) <-- (may instantiate this module)
                        C:\FPGA work\PCBNo.10081\FPGA\RTL\SP0557\slv_com\rx_com\rx_ctl_3rd.vhd (N/A, 2026-02-28 01:49:13) <-- (architecture and entity definition)
                        C:\FPGA work\PCBNo.10081\FPGA\RTL\SP0557\slv_com\slv_com_top.vhd (N/A, 2026-02-28 01:49:13) <-- (may instantiate this module)
140      work.shiftreg12bit.rtl may have changed because the following files changed:
                        C:\FPGA work\PCBNo.10081\FPGA\RTL\SP0557.vhd (N/A, 2026-02-28 01:49:13) <-- (may instantiate this module)
                        C:\FPGA work\PCBNo.10081\FPGA\RTL\SP0557\ad_ctrl\ad_ctrl.vhd (N/A, 2026-02-28 01:49:13) <-- (may instantiate this module)
                        C:\FPGA work\PCBNo.10081\FPGA\RTL\SP0557\ad_ctrl\shiftreg12bit.vhd (N/A, 2026-02-28 01:49:13) <-- (architecture and entity definition)
142      work.sio_ctrl2.rtl may have changed because the following files changed:
                        C:\FPGA work\PCBNo.10081\FPGA\RTL\SP0557.vhd (N/A, 2026-02-28 01:49:13) <-- (may instantiate this module)
                        C:\FPGA work\PCBNo.10081\FPGA\RTL\SP0557\sp_conv\SIO_ctrl2.vhd (N/A, 2026-02-28 01:49:13) <-- (architecture and entity definition)
                        C:\FPGA work\PCBNo.10081\FPGA\RTL\SP0557\sp_conv\sp_conv.vhd (N/A, 2026-02-28 01:49:13) <-- (may instantiate this module)
144      work.slaveid_id.rtl may have changed because the following files changed:
                        C:\FPGA work\PCBNo.10081\FPGA\RTL\SP0557\slaveid_top\slaveid_id.vhd (N/A, 2026-02-28 01:49:13) <-- (architecture and entity definition)
                        C:\FPGA work\PCBNo.10081\FPGA\RTL\SP0557\slaveid_top\slaveid_top.vhd (N/A, 2026-02-28 01:49:13) <-- (may instantiate this module)
146      work.slaveid_top.rtl may have changed because the following files changed:
                        C:\FPGA work\PCBNo.10081\FPGA\RTL\SP0557\slaveid_top\slaveid_top.vhd (N/A, 2026-02-28 01:49:13) <-- (architecture and entity definition)
148      work.slv_clk_gen.rtl may have changed because the following files changed:
                        C:\FPGA work\PCBNo.10081\FPGA\RTL\SP0557.vhd (N/A, 2026-02-28 01:49:13) <-- (may instantiate this module)
                        C:\FPGA work\PCBNo.10081\FPGA\RTL\SP0557\slv_clk_gen.vhd (N/A, 2026-02-28 01:49:13) <-- (architecture and entity definition)
150      work.slv_com_top.rtl may have changed because the following files changed:
                        C:\FPGA work\PCBNo.10081\FPGA\RTL\SP0557.vhd (N/A, 2026-02-28 01:49:13) <-- (may instantiate this module)
                        C:\FPGA work\PCBNo.10081\FPGA\RTL\SP0557\slv_com\slv_com_top.vhd (N/A, 2026-02-28 01:49:13) <-- (architecture and entity definition)
152      work.slv_ctrl_top.rtl may have changed because the following files changed:
                        C:\FPGA work\PCBNo.10081\FPGA\RTL\SP0557.vhd (N/A, 2026-02-28 01:49:13) <-- (may instantiate this module)
                        C:\FPGA work\PCBNo.10081\FPGA\RTL\SP0557\slv_com\slv_com_top.vhd (N/A, 2026-02-28 01:49:13) <-- (may instantiate this module)
                        C:\FPGA work\PCBNo.10081\FPGA\RTL\SP0557\slv_com\slv_ctrl_top.vhd (N/A, 2026-02-28 01:49:13) <-- (architecture and entity definition)
154      work.slv_rx_ctrl.rtl may have changed because the following files changed:
                        C:\FPGA work\PCBNo.10081\FPGA\RTL\SP0557.vhd (N/A, 2026-02-28 01:49:13) <-- (may instantiate this module)
                        C:\FPGA work\PCBNo.10081\FPGA\RTL\SP0557\slv_com\slv_com_top.vhd (N/A, 2026-02-28 01:49:13) <-- (may instantiate this module)
                        C:\FPGA work\PCBNo.10081\FPGA\RTL\SP0557\slv_com\slv_ctrl\slv_rx_ctrl.vhd (N/A, 2026-02-28 01:49:13) <-- (architecture and entity definition)
                        C:\FPGA work\PCBNo.10081\FPGA\RTL\SP0557\slv_com\slv_ctrl_top.vhd (N/A, 2026-02-28 01:49:13) <-- (may instantiate this module)
156      work.slv_tx_ctrl.rtl may have changed because the following files changed:
                        C:\FPGA work\PCBNo.10081\FPGA\RTL\SP0557.vhd (N/A, 2026-02-28 01:49:13) <-- (may instantiate this module)
                        C:\FPGA work\PCBNo.10081\FPGA\RTL\SP0557\slv_com\slv_com_top.vhd (N/A, 2026-02-28 01:49:13) <-- (may instantiate this module)
                        C:\FPGA work\PCBNo.10081\FPGA\RTL\SP0557\slv_com\slv_ctrl\slv_tx_ctrl.vhd (N/A, 2026-02-28 01:49:13) <-- (architecture and entity definition)
                        C:\FPGA work\PCBNo.10081\FPGA\RTL\SP0557\slv_com\slv_ctrl_top.vhd (N/A, 2026-02-28 01:49:13) <-- (may instantiate this module)
158      work.slvadr_cnv.rtl may have changed because the following files changed:
                        C:\FPGA work\PCBNo.10081\FPGA\RTL\SP0557.vhd (N/A, 2026-02-28 01:49:13) <-- (may instantiate this module)
                        C:\FPGA work\PCBNo.10081\FPGA\RTL\SP0557\slv_com\slv_com_top.vhd (N/A, 2026-02-28 01:49:13) <-- (may instantiate this module)
                        C:\FPGA work\PCBNo.10081\FPGA\RTL\SP0557\slv_com\slvadr_cnv.vhd (N/A, 2026-02-28 01:49:13) <-- (architecture and entity definition)
160      work.sp0557.rtl may have changed because the following files changed:
                        C:\FPGA work\PCBNo.10081\FPGA\RTL\SP0557.vhd (N/A, 2026-02-28 01:49:13) <-- (architecture and entity definition)
162      work.sp_conv.rtl may have changed because the following files changed:
                        C:\FPGA work\PCBNo.10081\FPGA\RTL\SP0557.vhd (N/A, 2026-02-28 01:49:13) <-- (may instantiate this module)
                        C:\FPGA work\PCBNo.10081\FPGA\RTL\SP0557\sp_conv\sp_conv.vhd (N/A, 2026-02-28 01:49:13) <-- (architecture and entity definition)
164      work.spi_master2.rtl may have changed because the following files changed:
                        C:\FPGA work\PCBNo.10081\FPGA\RTL\SP0557.vhd (N/A, 2026-02-28 01:49:13) <-- (may instantiate this module)
                        C:\FPGA work\PCBNo.10081\FPGA\RTL\SP0557\sp_conv\SIO_ctrl2.vhd (N/A, 2026-02-28 01:49:13) <-- (may instantiate this module)
                        C:\FPGA work\PCBNo.10081\FPGA\RTL\SP0557\sp_conv\SPI_master2.vhd (N/A, 2026-02-28 01:49:13) <-- (architecture and entity definition)
                        C:\FPGA work\PCBNo.10081\FPGA\RTL\SP0557\sp_conv\sp_conv.vhd (N/A, 2026-02-28 01:49:13) <-- (may instantiate this module)
166      work.tlc5916_ctrl.rtl may have changed because the following files changed:
                        C:\FPGA work\PCBNo.10081\FPGA\RTL\SP0557.vhd (N/A, 2026-02-28 01:49:13) <-- (may instantiate this module)
                        C:\FPGA work\PCBNo.10081\FPGA\RTL\SP0557\LEDLT\LEDLT_TOP.vhd (N/A, 2026-02-28 01:49:13) <-- (may instantiate this module)
                        C:\FPGA work\PCBNo.10081\FPGA\RTL\SP0557\LEDLT\TLC5916_CTRL.vhd (N/A, 2026-02-28 01:49:13) <-- (architecture and entity definition)
168      work.tx_com.rtl may have changed because the following files changed:
                        C:\FPGA work\PCBNo.10081\FPGA\RTL\SP0557.vhd (N/A, 2026-02-28 01:49:13) <-- (may instantiate this module)
                        C:\FPGA work\PCBNo.10081\FPGA\RTL\SP0557\slv_com\slv_com_top.vhd (N/A, 2026-02-28 01:49:13) <-- (may instantiate this module)
                        C:\FPGA work\PCBNo.10081\FPGA\RTL\SP0557\slv_com\tx_com.vhd (N/A, 2026-02-28 01:49:13) <-- (architecture and entity definition)
170      work.tx_cont_b1.rtl may have changed because the following files changed:
                        C:\FPGA work\PCBNo.10081\FPGA\RTL\SP0557.vhd (N/A, 2026-02-28 01:49:13) <-- (may instantiate this module)
                        C:\FPGA work\PCBNo.10081\FPGA\RTL\SP0557\slv_com\slv_com_top.vhd (N/A, 2026-02-28 01:49:13) <-- (may instantiate this module)
                        C:\FPGA work\PCBNo.10081\FPGA\RTL\SP0557\slv_com\tx_com.vhd (N/A, 2026-02-28 01:49:13) <-- (may instantiate this module)
                        C:\FPGA work\PCBNo.10081\FPGA\RTL\SP0557\slv_com\tx_com\tx_cont_b1.vhd (N/A, 2026-02-28 01:49:13) <-- (architecture and entity definition)
172      work.tx_cont_b2.rtl may have changed because the following files changed:
                        C:\FPGA work\PCBNo.10081\FPGA\RTL\SP0557.vhd (N/A, 2026-02-28 01:49:13) <-- (may instantiate this module)
                        C:\FPGA work\PCBNo.10081\FPGA\RTL\SP0557\slv_com\slv_com_top.vhd (N/A, 2026-02-28 01:49:13) <-- (may instantiate this module)
                        C:\FPGA work\PCBNo.10081\FPGA\RTL\SP0557\slv_com\tx_com.vhd (N/A, 2026-02-28 01:49:13) <-- (may instantiate this module)
                        C:\FPGA work\PCBNo.10081\FPGA\RTL\SP0557\slv_com\tx_com\tx_cont_b2.vhd (N/A, 2026-02-28 01:49:13) <-- (architecture and entity definition)
174      work.tx_ctl_1st.rtl may have changed because the following files changed:
                        C:\FPGA work\PCBNo.10081\FPGA\RTL\SP0557.vhd (N/A, 2026-02-28 01:49:13) <-- (may instantiate this module)
                        C:\FPGA work\PCBNo.10081\FPGA\RTL\SP0557\slv_com\slv_com_top.vhd (N/A, 2026-02-28 01:49:13) <-- (may instantiate this module)
                        C:\FPGA work\PCBNo.10081\FPGA\RTL\SP0557\slv_com\tx_com.vhd (N/A, 2026-02-28 01:49:13) <-- (may instantiate this module)
                        C:\FPGA work\PCBNo.10081\FPGA\RTL\SP0557\slv_com\tx_com\tx_cont_b1.vhd (N/A, 2026-02-28 01:49:13) <-- (may instantiate this module)
                        C:\FPGA work\PCBNo.10081\FPGA\RTL\SP0557\slv_com\tx_com\tx_ctl_1st.vhd (N/A, 2026-02-28 01:49:13) <-- (architecture and entity definition)
176      work.tx_ctl_3rd.rtl may have changed because the following files changed:
                        C:\FPGA work\PCBNo.10081\FPGA\RTL\SP0557.vhd (N/A, 2026-02-28 01:49:13) <-- (may instantiate this module)
                        C:\FPGA work\PCBNo.10081\FPGA\RTL\SP0557\slv_com\slv_com_top.vhd (N/A, 2026-02-28 01:49:13) <-- (may instantiate this module)
                        C:\FPGA work\PCBNo.10081\FPGA\RTL\SP0557\slv_com\tx_com.vhd (N/A, 2026-02-28 01:49:13) <-- (may instantiate this module)
                        C:\FPGA work\PCBNo.10081\FPGA\RTL\SP0557\slv_com\tx_com\tx_cont_b2.vhd (N/A, 2026-02-28 01:49:13) <-- (may instantiate this module)
                        C:\FPGA work\PCBNo.10081\FPGA\RTL\SP0557\slv_com\tx_com\tx_ctl_3rd.vhd (N/A, 2026-02-28 01:49:13) <-- (architecture and entity definition)

*******************************************************************
Unmodified files: 0
FID:  path (timestamp)

*******************************************************************
Unchanged modules: 0
MID:  lib.cell.view
