
Copyright (C) 1994-2023 Synopsys, Inc.
This Synopsys software and all associated documentation are proprietary to Synopsys, Inc.
and may only be used pursuant to the terms and conditions of a written license agreement
with Synopsys, Inc. All other use, reproduction, modification, or distribution of the
Synopsys software or the associated documentation is strictly prohibited.
Tool: Synplify Pro (R)
Build: V-2023.09L-2
Install: C:\lscc\diamond\3.14\synpbase
OS: Windows 10 or later
Hostname: TSURUMI

Implementation : SP0557
Synopsys HDL compiler and linker, Version comp202309synp1, Build 349R, Built Sep 17 2024 08:16:26, @

Modified Files: 206
FID:  path (prevtimestamp, timestamp)
193      C:\FPGA work\PCBNo.10081\PCBNo.10081\RTL\IPcore\IPcore.vhd (N/A, 2026-02-28 01:00:03)
194      C:\FPGA work\PCBNo.10081\PCBNo.10081\RTL\IPcore\dcfifo_rx_b1\dcfifo_rx_b1.vhd (N/A, 2026-02-28 01:00:03)
195      C:\FPGA work\PCBNo.10081\PCBNo.10081\RTL\IPcore\dcfifo_rx_b2\dcfifo_rx_b2.vhd (N/A, 2026-02-28 01:00:03)
196      C:\FPGA work\PCBNo.10081\PCBNo.10081\RTL\IPcore\dcfifo_tx_b1\dcfifo_tx_b1.vhd (N/A, 2026-02-28 01:00:03)
197      C:\FPGA work\PCBNo.10081\PCBNo.10081\RTL\IPcore\dcfifo_tx_b2\dcfifo_tx_b2.vhd (N/A, 2026-02-28 01:00:03)
198      C:\FPGA work\PCBNo.10081\PCBNo.10081\RTL\IPcore\pll_gen\pll_gen.vhd (N/A, 2026-02-28 01:00:03)
199      C:\FPGA work\PCBNo.10081\PCBNo.10081\RTL\SP0557.vhd (N/A, 2026-02-28 01:00:03)
200      C:\FPGA work\PCBNo.10081\PCBNo.10081\RTL\SP0557\DAC43608\CTRL_32CH.vhd (N/A, 2026-02-28 01:00:03)
201      C:\FPGA work\PCBNo.10081\PCBNo.10081\RTL\SP0557\DAC43608\DAC43608_top.vhd (N/A, 2026-02-28 01:00:03)
202      C:\FPGA work\PCBNo.10081\PCBNo.10081\RTL\SP0557\DAC43608\DAC_CTRL_1CH.vhd (N/A, 2026-02-28 01:00:03)
203      C:\FPGA work\PCBNo.10081\PCBNo.10081\RTL\SP0557\DAC43608\i2c_master_bit_ctrl.vhd (N/A, 2026-02-28 01:00:03)
204      C:\FPGA work\PCBNo.10081\PCBNo.10081\RTL\SP0557\DAC43608\i2c_master_byte_ctrl.vhd (N/A, 2026-02-28 01:00:03)
205      C:\FPGA work\PCBNo.10081\PCBNo.10081\RTL\SP0557\DAC43608\i2c_master_registers.vhd (N/A, 2026-02-28 01:00:03)
206      C:\FPGA work\PCBNo.10081\PCBNo.10081\RTL\SP0557\DAC43608\i2c_master_wb_top.vhd (N/A, 2026-02-28 01:00:03)
207      C:\FPGA work\PCBNo.10081\PCBNo.10081\RTL\SP0557\EFUSE_CTRL\EFUSE_CTRL.vhd (N/A, 2026-02-28 01:00:03)
208      C:\FPGA work\PCBNo.10081\PCBNo.10081\RTL\SP0557\LEDLT\AD8402_CTRL\AD8402_CTRL.vhd (N/A, 2026-02-28 01:00:03)
209      C:\FPGA work\PCBNo.10081\PCBNo.10081\RTL\SP0557\LEDLT\AD8402_CTRL\ad8402.vhd (N/A, 2026-02-28 01:00:03)
210      C:\FPGA work\PCBNo.10081\PCBNo.10081\RTL\SP0557\LEDLT\LEDLT_TOP.vhd (N/A, 2026-02-28 01:00:03)
211      C:\FPGA work\PCBNo.10081\PCBNo.10081\RTL\SP0557\LEDLT\TLC5916_CTRL.vhd (N/A, 2026-02-28 01:00:03)
212      C:\FPGA work\PCBNo.10081\PCBNo.10081\RTL\SP0557\ad_ctrl\ad_ctrl.vhd (N/A, 2026-02-28 01:00:03)
213      C:\FPGA work\PCBNo.10081\PCBNo.10081\RTL\SP0557\ad_ctrl\adc_reg.vhd (N/A, 2026-02-28 01:00:03)
214      C:\FPGA work\PCBNo.10081\PCBNo.10081\RTL\SP0557\ad_ctrl\adclk_gen.vhd (N/A, 2026-02-28 01:00:03)
215      C:\FPGA work\PCBNo.10081\PCBNo.10081\RTL\SP0557\ad_ctrl\adif_seq.vhd (N/A, 2026-02-28 01:00:03)
216      C:\FPGA work\PCBNo.10081\PCBNo.10081\RTL\SP0557\ad_ctrl\shiftreg12bit.vhd (N/A, 2026-02-28 01:00:03)
217      C:\FPGA work\PCBNo.10081\PCBNo.10081\RTL\SP0557\compactppmc\ppmc_acc_tim_gen.vhd (N/A, 2026-02-28 01:00:03)
218      C:\FPGA work\PCBNo.10081\PCBNo.10081\RTL\SP0557\compactppmc\ppmc_cmdchk.vhd (N/A, 2026-02-28 01:00:03)
219      C:\FPGA work\PCBNo.10081\PCBNo.10081\RTL\SP0557\compactppmc\ppmc_ctrl.vhd (N/A, 2026-02-28 01:00:03)
220      C:\FPGA work\PCBNo.10081\PCBNo.10081\RTL\SP0557\compactppmc\ppmc_dec.vhd (N/A, 2026-02-28 01:00:03)
221      C:\FPGA work\PCBNo.10081\PCBNo.10081\RTL\SP0557\compactppmc\ppmc_enblr_S118M.vhd (N/A, 2026-02-28 01:00:03)
222      C:\FPGA work\PCBNo.10081\PCBNo.10081\RTL\SP0557\compactppmc\ppmc_id.vhd (N/A, 2026-02-28 01:00:03)
223      C:\FPGA work\PCBNo.10081\PCBNo.10081\RTL\SP0557\compactppmc\ppmc_phgen.vhd (N/A, 2026-02-28 01:00:03)
224      C:\FPGA work\PCBNo.10081\PCBNo.10081\RTL\SP0557\compactppmc\ppmc_pls_cnt.vhd (N/A, 2026-02-28 01:00:03)
225      C:\FPGA work\PCBNo.10081\PCBNo.10081\RTL\SP0557\compactppmc\ppmc_plsgen.vhd (N/A, 2026-02-28 01:00:03)
226      C:\FPGA work\PCBNo.10081\PCBNo.10081\RTL\SP0557\compactppmc\ppmc_reg_S118M.vhd (N/A, 2026-02-28 01:00:03)
227      C:\FPGA work\PCBNo.10081\PCBNo.10081\RTL\SP0557\compactppmc\ppmc_rgstr.vhd (N/A, 2026-02-28 01:00:03)
228      C:\FPGA work\PCBNo.10081\PCBNo.10081\RTL\SP0557\compactppmc\ppmc_speed_cnt.vhd (N/A, 2026-02-28 01:00:03)
229      C:\FPGA work\PCBNo.10081\PCBNo.10081\RTL\SP0557\compactppmc\ppmc_timer_cnt.vhd (N/A, 2026-02-28 01:00:03)
230      C:\FPGA work\PCBNo.10081\PCBNo.10081\RTL\SP0557\compactppmc\ppmc_top_S118M.vhd (N/A, 2026-02-28 01:00:03)
231      C:\FPGA work\PCBNo.10081\PCBNo.10081\RTL\SP0557\compactppmc\ppmc_u_step_ext.vhd (N/A, 2026-02-28 01:00:03)
232      C:\FPGA work\PCBNo.10081\PCBNo.10081\RTL\SP0557\encoder\enc_func_top.vhd (N/A, 2026-02-28 01:00:03)
233      C:\FPGA work\PCBNo.10081\PCBNo.10081\RTL\SP0557\encoder\enc_lmt.vhd (N/A, 2026-02-28 01:00:03)
234      C:\FPGA work\PCBNo.10081\PCBNo.10081\RTL\SP0557\encoder\enc_top.vhd (N/A, 2026-02-28 01:00:03)
235      C:\FPGA work\PCBNo.10081\PCBNo.10081\RTL\SP0557\encoder\encoder_2bit.vhd (N/A, 2026-02-28 01:00:03)
236      C:\FPGA work\PCBNo.10081\PCBNo.10081\RTL\SP0557\gpio\gpio_id.vhd (N/A, 2026-02-28 01:00:03)
237      C:\FPGA work\PCBNo.10081\PCBNo.10081\RTL\SP0557\gpio\gpio_ip_reg.vhd (N/A, 2026-02-28 01:00:03)
238      C:\FPGA work\PCBNo.10081\PCBNo.10081\RTL\SP0557\gpio\gpio_op_reg.vhd (N/A, 2026-02-28 01:00:03)
239      C:\FPGA work\PCBNo.10081\PCBNo.10081\RTL\SP0557\gpio\gpio_reg.vhd (N/A, 2026-02-28 01:00:03)
240      C:\FPGA work\PCBNo.10081\PCBNo.10081\RTL\SP0557\gpio\gpio_top.vhd (N/A, 2026-02-28 01:00:03)
241      C:\FPGA work\PCBNo.10081\PCBNo.10081\RTL\SP0557\pls_sens\pls_sens.vhd (N/A, 2026-02-28 01:00:03)
242      C:\FPGA work\PCBNo.10081\PCBNo.10081\RTL\SP0557\slaveid_top\slaveid_id.vhd (N/A, 2026-02-28 01:00:03)
243      C:\FPGA work\PCBNo.10081\PCBNo.10081\RTL\SP0557\slaveid_top\slaveid_top.vhd (N/A, 2026-02-28 01:00:03)
244      C:\FPGA work\PCBNo.10081\PCBNo.10081\RTL\SP0557\slv_clk_gen.vhd (N/A, 2026-02-28 01:00:03)
245      C:\FPGA work\PCBNo.10081\PCBNo.10081\RTL\SP0557\slv_com\CLK_gen_S124M.vhd (N/A, 2026-02-28 01:00:03)
246      C:\FPGA work\PCBNo.10081\PCBNo.10081\RTL\SP0557\slv_com\cds.vhd (N/A, 2026-02-28 01:00:03)
247      C:\FPGA work\PCBNo.10081\PCBNo.10081\RTL\SP0557\slv_com\rst_cnt.vhd (N/A, 2026-02-28 01:00:03)
248      C:\FPGA work\PCBNo.10081\PCBNo.10081\RTL\SP0557\slv_com\rx_com.vhd (N/A, 2026-02-28 01:00:03)
249      C:\FPGA work\PCBNo.10081\PCBNo.10081\RTL\SP0557\slv_com\rx_com\crc_check.vhd (N/A, 2026-02-28 01:00:03)
250      C:\FPGA work\PCBNo.10081\PCBNo.10081\RTL\SP0557\slv_com\rx_com\dec4b_3b.vhd (N/A, 2026-02-28 01:00:03)
251      C:\FPGA work\PCBNo.10081\PCBNo.10081\RTL\SP0557\slv_com\rx_com\dec6b_5b.vhd (N/A, 2026-02-28 01:00:03)
252      C:\FPGA work\PCBNo.10081\PCBNo.10081\RTL\SP0557\slv_com\rx_com\dec8b10b_new.vhd (N/A, 2026-02-28 01:00:03)
253      C:\FPGA work\PCBNo.10081\PCBNo.10081\RTL\SP0557\slv_com\rx_com\dec8b10b_wrapper.vhd (N/A, 2026-02-28 01:00:03)
254      C:\FPGA work\PCBNo.10081\PCBNo.10081\RTL\SP0557\slv_com\rx_com\rx_cont_b1.vhd (N/A, 2026-02-28 01:00:03)
255      C:\FPGA work\PCBNo.10081\PCBNo.10081\RTL\SP0557\slv_com\rx_com\rx_cont_b2.vhd (N/A, 2026-02-28 01:00:03)
256      C:\FPGA work\PCBNo.10081\PCBNo.10081\RTL\SP0557\slv_com\rx_com\rx_ctl_1st.vhd (N/A, 2026-02-28 01:00:03)
257      C:\FPGA work\PCBNo.10081\PCBNo.10081\RTL\SP0557\slv_com\rx_com\rx_ctl_3rd.vhd (N/A, 2026-02-28 01:00:03)
258      C:\FPGA work\PCBNo.10081\PCBNo.10081\RTL\SP0557\slv_com\slv_com_top.vhd (N/A, 2026-02-28 01:00:03)
259      C:\FPGA work\PCBNo.10081\PCBNo.10081\RTL\SP0557\slv_com\slv_ctrl\adr_sel.vhd (N/A, 2026-02-28 01:00:03)
260      C:\FPGA work\PCBNo.10081\PCBNo.10081\RTL\SP0557\slv_com\slv_ctrl\nd_sel.vhd (N/A, 2026-02-28 01:00:03)
261      C:\FPGA work\PCBNo.10081\PCBNo.10081\RTL\SP0557\slv_com\slv_ctrl\node_sel.vhd (N/A, 2026-02-28 01:00:03)
262      C:\FPGA work\PCBNo.10081\PCBNo.10081\RTL\SP0557\slv_com\slv_ctrl\slv_rx_ctrl.vhd (N/A, 2026-02-28 01:00:03)
263      C:\FPGA work\PCBNo.10081\PCBNo.10081\RTL\SP0557\slv_com\slv_ctrl\slv_tx_ctrl.vhd (N/A, 2026-02-28 01:00:03)
264      C:\FPGA work\PCBNo.10081\PCBNo.10081\RTL\SP0557\slv_com\slv_ctrl_top.vhd (N/A, 2026-02-28 01:00:03)
265      C:\FPGA work\PCBNo.10081\PCBNo.10081\RTL\SP0557\slv_com\slvadr_cnv.vhd (N/A, 2026-02-28 01:00:03)
266      C:\FPGA work\PCBNo.10081\PCBNo.10081\RTL\SP0557\slv_com\tx_com.vhd (N/A, 2026-02-28 01:00:03)
267      C:\FPGA work\PCBNo.10081\PCBNo.10081\RTL\SP0557\slv_com\tx_com\crc_gen.vhd (N/A, 2026-02-28 01:00:03)
268      C:\FPGA work\PCBNo.10081\PCBNo.10081\RTL\SP0557\slv_com\tx_com\enc3b_4b.vhd (N/A, 2026-02-28 01:00:03)
269      C:\FPGA work\PCBNo.10081\PCBNo.10081\RTL\SP0557\slv_com\tx_com\enc5b_6b.vhd (N/A, 2026-02-28 01:00:03)
270      C:\FPGA work\PCBNo.10081\PCBNo.10081\RTL\SP0557\slv_com\tx_com\enc8b10b_new.vhd (N/A, 2026-02-28 01:00:03)
271      C:\FPGA work\PCBNo.10081\PCBNo.10081\RTL\SP0557\slv_com\tx_com\enc8b10b_wrapper.vhd (N/A, 2026-02-28 01:00:03)
272      C:\FPGA work\PCBNo.10081\PCBNo.10081\RTL\SP0557\slv_com\tx_com\enc8b_10b.vhd (N/A, 2026-02-28 01:00:03)
273      C:\FPGA work\PCBNo.10081\PCBNo.10081\RTL\SP0557\slv_com\tx_com\tx_cont_b1.vhd (N/A, 2026-02-28 01:00:03)
274      C:\FPGA work\PCBNo.10081\PCBNo.10081\RTL\SP0557\slv_com\tx_com\tx_cont_b2.vhd (N/A, 2026-02-28 01:00:03)
275      C:\FPGA work\PCBNo.10081\PCBNo.10081\RTL\SP0557\slv_com\tx_com\tx_ctl_1st.vhd (N/A, 2026-02-28 01:00:03)
276      C:\FPGA work\PCBNo.10081\PCBNo.10081\RTL\SP0557\slv_com\tx_com\tx_ctl_3rd.vhd (N/A, 2026-02-28 01:00:03)
277      C:\FPGA work\PCBNo.10081\PCBNo.10081\RTL\SP0557\sp_conv\SIO_ctrl2.vhd (N/A, 2026-02-28 01:00:03)
278      C:\FPGA work\PCBNo.10081\PCBNo.10081\RTL\SP0557\sp_conv\SPI_master2.vhd (N/A, 2026-02-28 01:00:03)
279      C:\FPGA work\PCBNo.10081\PCBNo.10081\RTL\SP0557\sp_conv\sp_conv.vhd (N/A, 2026-02-28 01:00:03)
280      C:\FPGA work\PCBNo.10081\PCBNo.10081\RTL\com\fc_dec.vhd (N/A, 2026-02-28 01:00:03)
281      C:\FPGA work\PCBNo.10081\PCBNo.10081\RTL\com\fc_sel.vhd (N/A, 2026-02-28 01:00:03)
282      C:\FPGA work\PCBNo.10081\PCBNo.10081\RTL\com\w_pack.vhd (N/A, 2026-02-28 01:00:03)
0        C:\lscc\diamond\3.13\cae_library\synthesis\vhdl\ecp5u.vhd (2021-02-25 00:38:14, N/A)
1        C:\lscc\diamond\3.13\synpbase\lib\lucent\ecp5u.vhd (2023-08-10 11:56:40, N/A)
2        C:\lscc\diamond\3.13\synpbase\lib\vhd2008\arith.vhd (2023-08-10 09:32:12, N/A)
3        C:\lscc\diamond\3.13\synpbase\lib\vhd2008\location.map (2023-08-30 16:00:02, N/A)
4        C:\lscc\diamond\3.13\synpbase\lib\vhd2008\misc.vhd (2023-08-10 09:32:12, N/A)
5        C:\lscc\diamond\3.13\synpbase\lib\vhd2008\numeric.vhd (2023-08-10 09:55:24, N/A)
6        C:\lscc\diamond\3.13\synpbase\lib\vhd2008\std.vhd (2023-08-10 09:32:12, N/A)
7        C:\lscc\diamond\3.13\synpbase\lib\vhd2008\std1164.vhd (2023-08-10 09:32:12, N/A)
8        C:\lscc\diamond\3.13\synpbase\lib\vhd2008\std_textio.vhd (2023-08-10 09:32:12, N/A)
9        C:\lscc\diamond\3.13\synpbase\lib\vhd2008\unsigned.vhd (2023-08-10 09:32:12, N/A)
10       C:\lscc\diamond\3.13\synpbase\lib\vhd\hyperents.vhd (2023-08-10 09:32:12, N/A)
11       C:\lscc\diamond\3.13\synpbase\lib\vhd\snps_haps_pkg.vhd (2023-08-10 09:32:12, N/A)
12       C:\lscc\diamond\3.13\synpbase\lib\vhd\umr_capim.vhd (2023-08-10 09:32:12, N/A)
283      C:\lscc\diamond\3.14\cae_library\synthesis\vhdl\ecp5u.vhd (N/A, 2021-02-25 16:38:14)
284      C:\lscc\diamond\3.14\synpbase\lib\lucent\ecp5u.vhd (N/A, 2024-08-23 05:48:19)
285      C:\lscc\diamond\3.14\synpbase\lib\vhd2008\arith.vhd (N/A, 2024-09-24 08:33:34)
286      C:\lscc\diamond\3.14\synpbase\lib\vhd2008\location.map (N/A, 2024-09-24 08:33:34)
287      C:\lscc\diamond\3.14\synpbase\lib\vhd2008\misc.vhd (N/A, 2024-09-24 08:33:34)
288      C:\lscc\diamond\3.14\synpbase\lib\vhd2008\numeric.vhd (N/A, 2024-09-24 08:33:34)
289      C:\lscc\diamond\3.14\synpbase\lib\vhd2008\std.vhd (N/A, 2024-09-24 08:33:34)
290      C:\lscc\diamond\3.14\synpbase\lib\vhd2008\std1164.vhd (N/A, 2024-09-24 08:33:34)
291      C:\lscc\diamond\3.14\synpbase\lib\vhd2008\std_textio.vhd (N/A, 2024-09-24 08:33:34)
292      C:\lscc\diamond\3.14\synpbase\lib\vhd2008\unsigned.vhd (N/A, 2024-09-24 08:33:34)
293      C:\lscc\diamond\3.14\synpbase\lib\vhd\hyperents.vhd (N/A, 2024-09-24 08:33:34)
294      C:\lscc\diamond\3.14\synpbase\lib\vhd\snps_haps_pkg.vhd (N/A, 2024-09-24 08:33:34)
295      C:\lscc\diamond\3.14\synpbase\lib\vhd\umr_capim.vhd (N/A, 2024-09-24 08:33:34)
103      C:\work\S127M\PCBNo_10081\SP0557_rev02_00_AI\RTL\IPcore\IPcore.vhd (2026-02-13 17:18:04, N/A)
104      C:\work\S127M\PCBNo_10081\SP0557_rev02_00_AI\RTL\IPcore\dcfifo_rx_b1\dcfifo_rx_b1.vhd (2026-02-13 17:18:04, N/A)
105      C:\work\S127M\PCBNo_10081\SP0557_rev02_00_AI\RTL\IPcore\dcfifo_rx_b2\dcfifo_rx_b2.vhd (2026-02-13 17:18:04, N/A)
106      C:\work\S127M\PCBNo_10081\SP0557_rev02_00_AI\RTL\IPcore\dcfifo_tx_b1\dcfifo_tx_b1.vhd (2026-02-13 17:18:04, N/A)
107      C:\work\S127M\PCBNo_10081\SP0557_rev02_00_AI\RTL\IPcore\dcfifo_tx_b2\dcfifo_tx_b2.vhd (2026-02-13 17:18:04, N/A)
108      C:\work\S127M\PCBNo_10081\SP0557_rev02_00_AI\RTL\IPcore\pll_gen\pll_gen.vhd (2026-02-13 17:18:04, N/A)
109      C:\work\S127M\PCBNo_10081\SP0557_rev02_00_AI\RTL\SP0557.vhd (2026-02-13 17:18:04, N/A)
110      C:\work\S127M\PCBNo_10081\SP0557_rev02_00_AI\RTL\SP0557\DAC43608\CTRL_32CH.vhd (2026-02-13 17:18:04, N/A)
111      C:\work\S127M\PCBNo_10081\SP0557_rev02_00_AI\RTL\SP0557\DAC43608\DAC43608_top.vhd (2026-02-13 17:18:04, N/A)
112      C:\work\S127M\PCBNo_10081\SP0557_rev02_00_AI\RTL\SP0557\DAC43608\DAC_CTRL_1CH.vhd (2026-02-13 17:18:04, N/A)
113      C:\work\S127M\PCBNo_10081\SP0557_rev02_00_AI\RTL\SP0557\DAC43608\i2c_master_bit_ctrl.vhd (2026-02-13 17:18:04, N/A)
114      C:\work\S127M\PCBNo_10081\SP0557_rev02_00_AI\RTL\SP0557\DAC43608\i2c_master_byte_ctrl.vhd (2026-02-13 17:18:04, N/A)
115      C:\work\S127M\PCBNo_10081\SP0557_rev02_00_AI\RTL\SP0557\DAC43608\i2c_master_registers.vhd (2026-02-13 17:18:04, N/A)
116      C:\work\S127M\PCBNo_10081\SP0557_rev02_00_AI\RTL\SP0557\DAC43608\i2c_master_wb_top.vhd (2026-02-13 17:18:04, N/A)
117      C:\work\S127M\PCBNo_10081\SP0557_rev02_00_AI\RTL\SP0557\EFUSE_CTRL\EFUSE_CTRL.vhd (2026-02-13 17:18:04, N/A)
118      C:\work\S127M\PCBNo_10081\SP0557_rev02_00_AI\RTL\SP0557\LEDLT\AD8402_CTRL\AD8402_CTRL.vhd (2026-02-13 17:18:04, N/A)
119      C:\work\S127M\PCBNo_10081\SP0557_rev02_00_AI\RTL\SP0557\LEDLT\AD8402_CTRL\ad8402.vhd (2026-02-13 17:18:04, N/A)
120      C:\work\S127M\PCBNo_10081\SP0557_rev02_00_AI\RTL\SP0557\LEDLT\LEDLT_TOP.vhd (2026-02-13 17:18:04, N/A)
121      C:\work\S127M\PCBNo_10081\SP0557_rev02_00_AI\RTL\SP0557\LEDLT\TLC5916_CTRL.vhd (2026-02-13 17:18:04, N/A)
122      C:\work\S127M\PCBNo_10081\SP0557_rev02_00_AI\RTL\SP0557\ad_ctrl\ad_ctrl.vhd (2026-02-13 17:18:04, N/A)
123      C:\work\S127M\PCBNo_10081\SP0557_rev02_00_AI\RTL\SP0557\ad_ctrl\adc_reg.vhd (2026-02-20 15:15:35, N/A)
124      C:\work\S127M\PCBNo_10081\SP0557_rev02_00_AI\RTL\SP0557\ad_ctrl\adclk_gen.vhd (2026-02-13 17:18:04, N/A)
125      C:\work\S127M\PCBNo_10081\SP0557_rev02_00_AI\RTL\SP0557\ad_ctrl\adif_seq.vhd (2026-02-13 17:18:04, N/A)
126      C:\work\S127M\PCBNo_10081\SP0557_rev02_00_AI\RTL\SP0557\ad_ctrl\shiftreg12bit.vhd (2026-02-13 17:18:04, N/A)
127      C:\work\S127M\PCBNo_10081\SP0557_rev02_00_AI\RTL\SP0557\compactppmc\ppmc_acc_tim_gen.vhd (2026-02-13 17:18:04, N/A)
128      C:\work\S127M\PCBNo_10081\SP0557_rev02_00_AI\RTL\SP0557\compactppmc\ppmc_cmdchk.vhd (2026-02-13 17:18:04, N/A)
129      C:\work\S127M\PCBNo_10081\SP0557_rev02_00_AI\RTL\SP0557\compactppmc\ppmc_ctrl.vhd (2026-02-13 17:18:04, N/A)
130      C:\work\S127M\PCBNo_10081\SP0557_rev02_00_AI\RTL\SP0557\compactppmc\ppmc_dec.vhd (2026-02-13 17:18:04, N/A)
131      C:\work\S127M\PCBNo_10081\SP0557_rev02_00_AI\RTL\SP0557\compactppmc\ppmc_enblr_S118M.vhd (2026-02-20 15:15:35, N/A)
132      C:\work\S127M\PCBNo_10081\SP0557_rev02_00_AI\RTL\SP0557\compactppmc\ppmc_id.vhd (2026-02-13 17:18:04, N/A)
133      C:\work\S127M\PCBNo_10081\SP0557_rev02_00_AI\RTL\SP0557\compactppmc\ppmc_phgen.vhd (2026-02-13 17:18:04, N/A)
134      C:\work\S127M\PCBNo_10081\SP0557_rev02_00_AI\RTL\SP0557\compactppmc\ppmc_pls_cnt.vhd (2026-02-13 17:18:04, N/A)
135      C:\work\S127M\PCBNo_10081\SP0557_rev02_00_AI\RTL\SP0557\compactppmc\ppmc_plsgen.vhd (2026-02-13 17:18:04, N/A)
136      C:\work\S127M\PCBNo_10081\SP0557_rev02_00_AI\RTL\SP0557\compactppmc\ppmc_reg_S118M.vhd (2026-02-20 15:15:35, N/A)
137      C:\work\S127M\PCBNo_10081\SP0557_rev02_00_AI\RTL\SP0557\compactppmc\ppmc_rgstr.vhd (2026-02-20 15:15:35, N/A)
138      C:\work\S127M\PCBNo_10081\SP0557_rev02_00_AI\RTL\SP0557\compactppmc\ppmc_speed_cnt.vhd (2026-02-13 17:18:04, N/A)
139      C:\work\S127M\PCBNo_10081\SP0557_rev02_00_AI\RTL\SP0557\compactppmc\ppmc_timer_cnt.vhd (2026-02-13 17:18:04, N/A)
140      C:\work\S127M\PCBNo_10081\SP0557_rev02_00_AI\RTL\SP0557\compactppmc\ppmc_top_S118M.vhd (2026-02-20 15:15:35, N/A)
141      C:\work\S127M\PCBNo_10081\SP0557_rev02_00_AI\RTL\SP0557\compactppmc\ppmc_u_step_ext.vhd (2026-02-13 17:18:04, N/A)
142      C:\work\S127M\PCBNo_10081\SP0557_rev02_00_AI\RTL\SP0557\encoder\enc_func_top.vhd (2026-02-13 17:18:04, N/A)
143      C:\work\S127M\PCBNo_10081\SP0557_rev02_00_AI\RTL\SP0557\encoder\enc_lmt.vhd (2026-02-13 17:18:04, N/A)
144      C:\work\S127M\PCBNo_10081\SP0557_rev02_00_AI\RTL\SP0557\encoder\enc_top.vhd (2026-02-13 17:18:04, N/A)
145      C:\work\S127M\PCBNo_10081\SP0557_rev02_00_AI\RTL\SP0557\encoder\encoder_2bit.vhd (2026-02-13 17:18:04, N/A)
146      C:\work\S127M\PCBNo_10081\SP0557_rev02_00_AI\RTL\SP0557\gpio\gpio_id.vhd (2026-02-13 17:18:04, N/A)
147      C:\work\S127M\PCBNo_10081\SP0557_rev02_00_AI\RTL\SP0557\gpio\gpio_ip_reg.vhd (2026-02-13 17:18:04, N/A)
148      C:\work\S127M\PCBNo_10081\SP0557_rev02_00_AI\RTL\SP0557\gpio\gpio_op_reg.vhd (2026-02-13 17:18:04, N/A)
149      C:\work\S127M\PCBNo_10081\SP0557_rev02_00_AI\RTL\SP0557\gpio\gpio_reg.vhd (2026-02-20 15:15:35, N/A)
150      C:\work\S127M\PCBNo_10081\SP0557_rev02_00_AI\RTL\SP0557\gpio\gpio_top.vhd (2026-02-13 17:18:04, N/A)
151      C:\work\S127M\PCBNo_10081\SP0557_rev02_00_AI\RTL\SP0557\pls_sens\pls_sens.vhd (2026-02-13 17:18:04, N/A)
152      C:\work\S127M\PCBNo_10081\SP0557_rev02_00_AI\RTL\SP0557\slaveid_top\slaveid_id.vhd (2026-02-13 17:18:04, N/A)
153      C:\work\S127M\PCBNo_10081\SP0557_rev02_00_AI\RTL\SP0557\slaveid_top\slaveid_top.vhd (2026-02-13 17:18:04, N/A)
154      C:\work\S127M\PCBNo_10081\SP0557_rev02_00_AI\RTL\SP0557\slv_clk_gen.vhd (2026-02-13 17:18:04, N/A)
155      C:\work\S127M\PCBNo_10081\SP0557_rev02_00_AI\RTL\SP0557\slv_com\CLK_gen_S124M.vhd (2026-02-13 17:18:04, N/A)
156      C:\work\S127M\PCBNo_10081\SP0557_rev02_00_AI\RTL\SP0557\slv_com\cds.vhd (2026-02-20 15:15:35, N/A)
157      C:\work\S127M\PCBNo_10081\SP0557_rev02_00_AI\RTL\SP0557\slv_com\rst_cnt.vhd (2026-02-13 17:18:04, N/A)
158      C:\work\S127M\PCBNo_10081\SP0557_rev02_00_AI\RTL\SP0557\slv_com\rx_com.vhd (2026-02-13 17:18:04, N/A)
159      C:\work\S127M\PCBNo_10081\SP0557_rev02_00_AI\RTL\SP0557\slv_com\rx_com\crc_check.vhd (2026-02-13 17:18:04, N/A)
160      C:\work\S127M\PCBNo_10081\SP0557_rev02_00_AI\RTL\SP0557\slv_com\rx_com\dec4b_3b.vhd (2026-02-13 17:18:04, N/A)
161      C:\work\S127M\PCBNo_10081\SP0557_rev02_00_AI\RTL\SP0557\slv_com\rx_com\dec6b_5b.vhd (2026-02-13 17:18:04, N/A)
162      C:\work\S127M\PCBNo_10081\SP0557_rev02_00_AI\RTL\SP0557\slv_com\rx_com\dec8b10b_new.vhd (2026-02-13 17:18:04, N/A)
163      C:\work\S127M\PCBNo_10081\SP0557_rev02_00_AI\RTL\SP0557\slv_com\rx_com\dec8b10b_wrapper.vhd (2026-02-13 17:18:04, N/A)
164      C:\work\S127M\PCBNo_10081\SP0557_rev02_00_AI\RTL\SP0557\slv_com\rx_com\rx_cont_b1.vhd (2026-02-13 17:18:04, N/A)
165      C:\work\S127M\PCBNo_10081\SP0557_rev02_00_AI\RTL\SP0557\slv_com\rx_com\rx_cont_b2.vhd (2026-02-13 17:18:04, N/A)
166      C:\work\S127M\PCBNo_10081\SP0557_rev02_00_AI\RTL\SP0557\slv_com\rx_com\rx_ctl_1st.vhd (2026-02-13 17:18:04, N/A)
167      C:\work\S127M\PCBNo_10081\SP0557_rev02_00_AI\RTL\SP0557\slv_com\rx_com\rx_ctl_3rd.vhd (2026-02-13 17:18:04, N/A)
168      C:\work\S127M\PCBNo_10081\SP0557_rev02_00_AI\RTL\SP0557\slv_com\slv_com_top.vhd (2026-02-13 17:18:04, N/A)
169      C:\work\S127M\PCBNo_10081\SP0557_rev02_00_AI\RTL\SP0557\slv_com\slv_ctrl\adr_sel.vhd (2026-02-13 17:18:04, N/A)
170      C:\work\S127M\PCBNo_10081\SP0557_rev02_00_AI\RTL\SP0557\slv_com\slv_ctrl\nd_sel.vhd (2026-02-13 17:18:04, N/A)
171      C:\work\S127M\PCBNo_10081\SP0557_rev02_00_AI\RTL\SP0557\slv_com\slv_ctrl\node_sel.vhd (2026-02-13 17:18:04, N/A)
172      C:\work\S127M\PCBNo_10081\SP0557_rev02_00_AI\RTL\SP0557\slv_com\slv_ctrl\slv_rx_ctrl.vhd (2026-02-13 17:18:04, N/A)
173      C:\work\S127M\PCBNo_10081\SP0557_rev02_00_AI\RTL\SP0557\slv_com\slv_ctrl\slv_tx_ctrl.vhd (2026-02-13 17:18:04, N/A)
174      C:\work\S127M\PCBNo_10081\SP0557_rev02_00_AI\RTL\SP0557\slv_com\slv_ctrl_top.vhd (2026-02-13 17:18:04, N/A)
175      C:\work\S127M\PCBNo_10081\SP0557_rev02_00_AI\RTL\SP0557\slv_com\slvadr_cnv.vhd (2026-02-13 17:18:04, N/A)
176      C:\work\S127M\PCBNo_10081\SP0557_rev02_00_AI\RTL\SP0557\slv_com\tx_com.vhd (2026-02-13 17:18:04, N/A)
177      C:\work\S127M\PCBNo_10081\SP0557_rev02_00_AI\RTL\SP0557\slv_com\tx_com\crc_gen.vhd (2026-02-13 17:18:04, N/A)
178      C:\work\S127M\PCBNo_10081\SP0557_rev02_00_AI\RTL\SP0557\slv_com\tx_com\enc3b_4b.vhd (2026-02-13 17:18:04, N/A)
179      C:\work\S127M\PCBNo_10081\SP0557_rev02_00_AI\RTL\SP0557\slv_com\tx_com\enc5b_6b.vhd (2026-02-13 17:18:04, N/A)
180      C:\work\S127M\PCBNo_10081\SP0557_rev02_00_AI\RTL\SP0557\slv_com\tx_com\enc8b10b_new.vhd (2026-02-13 17:18:04, N/A)
181      C:\work\S127M\PCBNo_10081\SP0557_rev02_00_AI\RTL\SP0557\slv_com\tx_com\enc8b10b_wrapper.vhd (2026-02-13 17:18:04, N/A)
182      C:\work\S127M\PCBNo_10081\SP0557_rev02_00_AI\RTL\SP0557\slv_com\tx_com\enc8b_10b.vhd (2026-02-13 17:18:04, N/A)
183      C:\work\S127M\PCBNo_10081\SP0557_rev02_00_AI\RTL\SP0557\slv_com\tx_com\tx_cont_b1.vhd (2026-02-13 17:18:04, N/A)
184      C:\work\S127M\PCBNo_10081\SP0557_rev02_00_AI\RTL\SP0557\slv_com\tx_com\tx_cont_b2.vhd (2026-02-13 17:18:04, N/A)
185      C:\work\S127M\PCBNo_10081\SP0557_rev02_00_AI\RTL\SP0557\slv_com\tx_com\tx_ctl_1st.vhd (2026-02-13 17:18:04, N/A)
186      C:\work\S127M\PCBNo_10081\SP0557_rev02_00_AI\RTL\SP0557\slv_com\tx_com\tx_ctl_3rd.vhd (2026-02-13 17:18:04, N/A)
187      C:\work\S127M\PCBNo_10081\SP0557_rev02_00_AI\RTL\SP0557\sp_conv\SIO_ctrl2.vhd (2026-02-13 17:18:04, N/A)
188      C:\work\S127M\PCBNo_10081\SP0557_rev02_00_AI\RTL\SP0557\sp_conv\SPI_master2.vhd (2026-02-13 17:18:04, N/A)
189      C:\work\S127M\PCBNo_10081\SP0557_rev02_00_AI\RTL\SP0557\sp_conv\sp_conv.vhd (2026-02-13 17:18:04, N/A)
190      C:\work\S127M\PCBNo_10081\SP0557_rev02_00_AI\RTL\com\fc_dec.vhd (2026-02-13 17:18:04, N/A)
191      C:\work\S127M\PCBNo_10081\SP0557_rev02_00_AI\RTL\com\fc_sel.vhd (2026-02-13 17:18:04, N/A)
192      C:\work\S127M\PCBNo_10081\SP0557_rev02_00_AI\RTL\com\w_pack.vhd (2026-02-13 17:18:04, N/A)

*******************************************************************
Modules that may have changed as a result of file changes: 89
MID:  lib.cell.view
0        work.ad8402.rtl may have changed because the following files changed:
                        C:\FPGA work\PCBNo.10081\PCBNo.10081\RTL\SP0557.vhd (N/A, 2026-02-28 01:00:03) <-- (may instantiate this module)
                        C:\FPGA work\PCBNo.10081\PCBNo.10081\RTL\SP0557\LEDLT\AD8402_CTRL\AD8402_CTRL.vhd (N/A, 2026-02-28 01:00:03) <-- (may instantiate this module)
                        C:\FPGA work\PCBNo.10081\PCBNo.10081\RTL\SP0557\LEDLT\AD8402_CTRL\ad8402.vhd (N/A, 2026-02-28 01:00:03) <-- (architecture and entity definition)
                        C:\FPGA work\PCBNo.10081\PCBNo.10081\RTL\SP0557\LEDLT\LEDLT_TOP.vhd (N/A, 2026-02-28 01:00:03) <-- (may instantiate this module)
2        work.ad8402_ctrl.rtl may have changed because the following files changed:
                        C:\FPGA work\PCBNo.10081\PCBNo.10081\RTL\SP0557.vhd (N/A, 2026-02-28 01:00:03) <-- (may instantiate this module)
                        C:\FPGA work\PCBNo.10081\PCBNo.10081\RTL\SP0557\LEDLT\AD8402_CTRL\AD8402_CTRL.vhd (N/A, 2026-02-28 01:00:03) <-- (architecture and entity definition)
                        C:\FPGA work\PCBNo.10081\PCBNo.10081\RTL\SP0557\LEDLT\LEDLT_TOP.vhd (N/A, 2026-02-28 01:00:03) <-- (may instantiate this module)
4        work.ad_ctrl.rtl may have changed because the following files changed:
                        C:\FPGA work\PCBNo.10081\PCBNo.10081\RTL\SP0557.vhd (N/A, 2026-02-28 01:00:03) <-- (may instantiate this module)
                        C:\FPGA work\PCBNo.10081\PCBNo.10081\RTL\SP0557\ad_ctrl\ad_ctrl.vhd (N/A, 2026-02-28 01:00:03) <-- (architecture and entity definition)
6        work.adc_reg.rtl may have changed because the following files changed:
                        C:\FPGA work\PCBNo.10081\PCBNo.10081\RTL\SP0557.vhd (N/A, 2026-02-28 01:00:03) <-- (may instantiate this module)
                        C:\FPGA work\PCBNo.10081\PCBNo.10081\RTL\SP0557\ad_ctrl\ad_ctrl.vhd (N/A, 2026-02-28 01:00:03) <-- (may instantiate this module)
                        C:\FPGA work\PCBNo.10081\PCBNo.10081\RTL\SP0557\ad_ctrl\adc_reg.vhd (N/A, 2026-02-28 01:00:03) <-- (architecture and entity definition)
8        work.adclk_gen.rtl may have changed because the following files changed:
                        C:\FPGA work\PCBNo.10081\PCBNo.10081\RTL\SP0557.vhd (N/A, 2026-02-28 01:00:03) <-- (may instantiate this module)
                        C:\FPGA work\PCBNo.10081\PCBNo.10081\RTL\SP0557\ad_ctrl\ad_ctrl.vhd (N/A, 2026-02-28 01:00:03) <-- (may instantiate this module)
                        C:\FPGA work\PCBNo.10081\PCBNo.10081\RTL\SP0557\ad_ctrl\adclk_gen.vhd (N/A, 2026-02-28 01:00:03) <-- (architecture and entity definition)
10       work.adif_seq.rtl may have changed because the following files changed:
                        C:\FPGA work\PCBNo.10081\PCBNo.10081\RTL\SP0557.vhd (N/A, 2026-02-28 01:00:03) <-- (may instantiate this module)
                        C:\FPGA work\PCBNo.10081\PCBNo.10081\RTL\SP0557\ad_ctrl\ad_ctrl.vhd (N/A, 2026-02-28 01:00:03) <-- (may instantiate this module)
                        C:\FPGA work\PCBNo.10081\PCBNo.10081\RTL\SP0557\ad_ctrl\adif_seq.vhd (N/A, 2026-02-28 01:00:03) <-- (architecture and entity definition)
12       work.adr_sel.rtl may have changed because the following files changed:
                        C:\FPGA work\PCBNo.10081\PCBNo.10081\RTL\SP0557.vhd (N/A, 2026-02-28 01:00:03) <-- (may instantiate this module)
                        C:\FPGA work\PCBNo.10081\PCBNo.10081\RTL\SP0557\slv_com\slv_com_top.vhd (N/A, 2026-02-28 01:00:03) <-- (may instantiate this module)
                        C:\FPGA work\PCBNo.10081\PCBNo.10081\RTL\SP0557\slv_com\slv_ctrl\adr_sel.vhd (N/A, 2026-02-28 01:00:03) <-- (architecture and entity definition)
                        C:\FPGA work\PCBNo.10081\PCBNo.10081\RTL\SP0557\slv_com\slv_ctrl_top.vhd (N/A, 2026-02-28 01:00:03) <-- (may instantiate this module)
14       work.cds.rtl may have changed because the following files changed:
                        C:\FPGA work\PCBNo.10081\PCBNo.10081\RTL\SP0557.vhd (N/A, 2026-02-28 01:00:03) <-- (may instantiate this module)
                        C:\FPGA work\PCBNo.10081\PCBNo.10081\RTL\SP0557\slv_com\cds.vhd (N/A, 2026-02-28 01:00:03) <-- (architecture and entity definition)
                        C:\FPGA work\PCBNo.10081\PCBNo.10081\RTL\SP0557\slv_com\slv_com_top.vhd (N/A, 2026-02-28 01:00:03) <-- (may instantiate this module)
16       work.clk_gen_s124m.rtl may have changed because the following files changed:
                        C:\FPGA work\PCBNo.10081\PCBNo.10081\RTL\SP0557.vhd (N/A, 2026-02-28 01:00:03) <-- (may instantiate this module)
                        C:\FPGA work\PCBNo.10081\PCBNo.10081\RTL\SP0557\slv_com\CLK_gen_S124M.vhd (N/A, 2026-02-28 01:00:03) <-- (architecture and entity definition)
                        C:\FPGA work\PCBNo.10081\PCBNo.10081\RTL\SP0557\slv_com\slv_com_top.vhd (N/A, 2026-02-28 01:00:03) <-- (may instantiate this module)
18       work.crc_check.rtl may have changed because the following files changed:
                        C:\FPGA work\PCBNo.10081\PCBNo.10081\RTL\SP0557.vhd (N/A, 2026-02-28 01:00:03) <-- (may instantiate this module)
                        C:\FPGA work\PCBNo.10081\PCBNo.10081\RTL\SP0557\slv_com\rx_com.vhd (N/A, 2026-02-28 01:00:03) <-- (may instantiate this module)
                        C:\FPGA work\PCBNo.10081\PCBNo.10081\RTL\SP0557\slv_com\rx_com\crc_check.vhd (N/A, 2026-02-28 01:00:03) <-- (architecture and entity definition)
                        C:\FPGA work\PCBNo.10081\PCBNo.10081\RTL\SP0557\slv_com\rx_com\rx_cont_b2.vhd (N/A, 2026-02-28 01:00:03) <-- (may instantiate this module)
                        C:\FPGA work\PCBNo.10081\PCBNo.10081\RTL\SP0557\slv_com\slv_com_top.vhd (N/A, 2026-02-28 01:00:03) <-- (may instantiate this module)
20       work.crc_gen.rtl may have changed because the following files changed:
                        C:\FPGA work\PCBNo.10081\PCBNo.10081\RTL\SP0557.vhd (N/A, 2026-02-28 01:00:03) <-- (may instantiate this module)
                        C:\FPGA work\PCBNo.10081\PCBNo.10081\RTL\SP0557\slv_com\slv_com_top.vhd (N/A, 2026-02-28 01:00:03) <-- (may instantiate this module)
                        C:\FPGA work\PCBNo.10081\PCBNo.10081\RTL\SP0557\slv_com\tx_com.vhd (N/A, 2026-02-28 01:00:03) <-- (may instantiate this module)
                        C:\FPGA work\PCBNo.10081\PCBNo.10081\RTL\SP0557\slv_com\tx_com\crc_gen.vhd (N/A, 2026-02-28 01:00:03) <-- (architecture and entity definition)
                        C:\FPGA work\PCBNo.10081\PCBNo.10081\RTL\SP0557\slv_com\tx_com\tx_cont_b1.vhd (N/A, 2026-02-28 01:00:03) <-- (may instantiate this module)
22       work.ctrl_32ch.rtl may have changed because the following files changed:
                        C:\FPGA work\PCBNo.10081\PCBNo.10081\RTL\SP0557.vhd (N/A, 2026-02-28 01:00:03) <-- (may instantiate this module)
                        C:\FPGA work\PCBNo.10081\PCBNo.10081\RTL\SP0557\DAC43608\CTRL_32CH.vhd (N/A, 2026-02-28 01:00:03) <-- (architecture and entity definition)
                        C:\FPGA work\PCBNo.10081\PCBNo.10081\RTL\SP0557\DAC43608\DAC43608_top.vhd (N/A, 2026-02-28 01:00:03) <-- (may instantiate this module)
24       work.dac43608_top.rtl may have changed because the following files changed:
                        C:\FPGA work\PCBNo.10081\PCBNo.10081\RTL\SP0557.vhd (N/A, 2026-02-28 01:00:03) <-- (may instantiate this module)
                        C:\FPGA work\PCBNo.10081\PCBNo.10081\RTL\SP0557\DAC43608\DAC43608_top.vhd (N/A, 2026-02-28 01:00:03) <-- (architecture and entity definition)
26       work.dac_ctrl_1ch.rtl may have changed because the following files changed:
                        C:\FPGA work\PCBNo.10081\PCBNo.10081\RTL\SP0557.vhd (N/A, 2026-02-28 01:00:03) <-- (may instantiate this module)
                        C:\FPGA work\PCBNo.10081\PCBNo.10081\RTL\SP0557\DAC43608\DAC43608_top.vhd (N/A, 2026-02-28 01:00:03) <-- (may instantiate this module)
                        C:\FPGA work\PCBNo.10081\PCBNo.10081\RTL\SP0557\DAC43608\DAC_CTRL_1CH.vhd (N/A, 2026-02-28 01:00:03) <-- (architecture and entity definition)
28       work.dcfifo_rx_b1.structure may have changed because the following files changed:
                        C:\FPGA work\PCBNo.10081\PCBNo.10081\RTL\IPcore\IPcore.vhd (N/A, 2026-02-28 01:00:03) <-- (may instantiate this module)
                        C:\FPGA work\PCBNo.10081\PCBNo.10081\RTL\IPcore\dcfifo_rx_b1\dcfifo_rx_b1.vhd (N/A, 2026-02-28 01:00:03) <-- (architecture and entity definition)
                        C:\FPGA work\PCBNo.10081\PCBNo.10081\RTL\SP0557.vhd (N/A, 2026-02-28 01:00:03) <-- (may instantiate this module)
                        C:\FPGA work\PCBNo.10081\PCBNo.10081\RTL\SP0557\slv_com\rx_com.vhd (N/A, 2026-02-28 01:00:03) <-- (may instantiate this module)
                        C:\FPGA work\PCBNo.10081\PCBNo.10081\RTL\SP0557\slv_com\rx_com\rx_cont_b1.vhd (N/A, 2026-02-28 01:00:03) <-- (may instantiate this module)
                        C:\FPGA work\PCBNo.10081\PCBNo.10081\RTL\SP0557\slv_com\slv_com_top.vhd (N/A, 2026-02-28 01:00:03) <-- (may instantiate this module)
30       work.dcfifo_rx_b2.structure may have changed because the following files changed:
                        C:\FPGA work\PCBNo.10081\PCBNo.10081\RTL\IPcore\IPcore.vhd (N/A, 2026-02-28 01:00:03) <-- (may instantiate this module)
                        C:\FPGA work\PCBNo.10081\PCBNo.10081\RTL\IPcore\dcfifo_rx_b2\dcfifo_rx_b2.vhd (N/A, 2026-02-28 01:00:03) <-- (architecture and entity definition)
                        C:\FPGA work\PCBNo.10081\PCBNo.10081\RTL\SP0557.vhd (N/A, 2026-02-28 01:00:03) <-- (may instantiate this module)
                        C:\FPGA work\PCBNo.10081\PCBNo.10081\RTL\SP0557\slv_com\rx_com.vhd (N/A, 2026-02-28 01:00:03) <-- (may instantiate this module)
                        C:\FPGA work\PCBNo.10081\PCBNo.10081\RTL\SP0557\slv_com\rx_com\rx_cont_b2.vhd (N/A, 2026-02-28 01:00:03) <-- (may instantiate this module)
                        C:\FPGA work\PCBNo.10081\PCBNo.10081\RTL\SP0557\slv_com\slv_com_top.vhd (N/A, 2026-02-28 01:00:03) <-- (may instantiate this module)
32       work.dcfifo_tx_b1.structure may have changed because the following files changed:
                        C:\FPGA work\PCBNo.10081\PCBNo.10081\RTL\IPcore\IPcore.vhd (N/A, 2026-02-28 01:00:03) <-- (may instantiate this module)
                        C:\FPGA work\PCBNo.10081\PCBNo.10081\RTL\IPcore\dcfifo_tx_b1\dcfifo_tx_b1.vhd (N/A, 2026-02-28 01:00:03) <-- (architecture and entity definition)
                        C:\FPGA work\PCBNo.10081\PCBNo.10081\RTL\SP0557.vhd (N/A, 2026-02-28 01:00:03) <-- (may instantiate this module)
                        C:\FPGA work\PCBNo.10081\PCBNo.10081\RTL\SP0557\slv_com\slv_com_top.vhd (N/A, 2026-02-28 01:00:03) <-- (may instantiate this module)
                        C:\FPGA work\PCBNo.10081\PCBNo.10081\RTL\SP0557\slv_com\tx_com.vhd (N/A, 2026-02-28 01:00:03) <-- (may instantiate this module)
                        C:\FPGA work\PCBNo.10081\PCBNo.10081\RTL\SP0557\slv_com\tx_com\tx_cont_b1.vhd (N/A, 2026-02-28 01:00:03) <-- (may instantiate this module)
34       work.dcfifo_tx_b2.structure may have changed because the following files changed:
                        C:\FPGA work\PCBNo.10081\PCBNo.10081\RTL\IPcore\IPcore.vhd (N/A, 2026-02-28 01:00:03) <-- (may instantiate this module)
                        C:\FPGA work\PCBNo.10081\PCBNo.10081\RTL\IPcore\dcfifo_tx_b2\dcfifo_tx_b2.vhd (N/A, 2026-02-28 01:00:03) <-- (architecture and entity definition)
                        C:\FPGA work\PCBNo.10081\PCBNo.10081\RTL\SP0557.vhd (N/A, 2026-02-28 01:00:03) <-- (may instantiate this module)
                        C:\FPGA work\PCBNo.10081\PCBNo.10081\RTL\SP0557\slv_com\slv_com_top.vhd (N/A, 2026-02-28 01:00:03) <-- (may instantiate this module)
                        C:\FPGA work\PCBNo.10081\PCBNo.10081\RTL\SP0557\slv_com\tx_com.vhd (N/A, 2026-02-28 01:00:03) <-- (may instantiate this module)
                        C:\FPGA work\PCBNo.10081\PCBNo.10081\RTL\SP0557\slv_com\tx_com\tx_cont_b2.vhd (N/A, 2026-02-28 01:00:03) <-- (may instantiate this module)
36       work.dec4b_3b.rtl may have changed because the following files changed:
                        C:\FPGA work\PCBNo.10081\PCBNo.10081\RTL\SP0557.vhd (N/A, 2026-02-28 01:00:03) <-- (may instantiate this module)
                        C:\FPGA work\PCBNo.10081\PCBNo.10081\RTL\SP0557\slv_com\rx_com.vhd (N/A, 2026-02-28 01:00:03) <-- (may instantiate this module)
                        C:\FPGA work\PCBNo.10081\PCBNo.10081\RTL\SP0557\slv_com\rx_com\dec4b_3b.vhd (N/A, 2026-02-28 01:00:03) <-- (architecture and entity definition)
                        C:\FPGA work\PCBNo.10081\PCBNo.10081\RTL\SP0557\slv_com\rx_com\dec8b10b_new.vhd (N/A, 2026-02-28 01:00:03) <-- (may instantiate this module)
                        C:\FPGA work\PCBNo.10081\PCBNo.10081\RTL\SP0557\slv_com\rx_com\dec8b10b_wrapper.vhd (N/A, 2026-02-28 01:00:03) <-- (may instantiate this module)
                        C:\FPGA work\PCBNo.10081\PCBNo.10081\RTL\SP0557\slv_com\slv_com_top.vhd (N/A, 2026-02-28 01:00:03) <-- (may instantiate this module)
38       work.dec6b_5b.rtl may have changed because the following files changed:
                        C:\FPGA work\PCBNo.10081\PCBNo.10081\RTL\SP0557.vhd (N/A, 2026-02-28 01:00:03) <-- (may instantiate this module)
                        C:\FPGA work\PCBNo.10081\PCBNo.10081\RTL\SP0557\slv_com\rx_com.vhd (N/A, 2026-02-28 01:00:03) <-- (may instantiate this module)
                        C:\FPGA work\PCBNo.10081\PCBNo.10081\RTL\SP0557\slv_com\rx_com\dec6b_5b.vhd (N/A, 2026-02-28 01:00:03) <-- (architecture and entity definition)
                        C:\FPGA work\PCBNo.10081\PCBNo.10081\RTL\SP0557\slv_com\rx_com\dec8b10b_new.vhd (N/A, 2026-02-28 01:00:03) <-- (may instantiate this module)
                        C:\FPGA work\PCBNo.10081\PCBNo.10081\RTL\SP0557\slv_com\rx_com\dec8b10b_wrapper.vhd (N/A, 2026-02-28 01:00:03) <-- (may instantiate this module)
                        C:\FPGA work\PCBNo.10081\PCBNo.10081\RTL\SP0557\slv_com\slv_com_top.vhd (N/A, 2026-02-28 01:00:03) <-- (may instantiate this module)
40       work.dec8b10b_new.rtl may have changed because the following files changed:
                        C:\FPGA work\PCBNo.10081\PCBNo.10081\RTL\SP0557.vhd (N/A, 2026-02-28 01:00:03) <-- (may instantiate this module)
                        C:\FPGA work\PCBNo.10081\PCBNo.10081\RTL\SP0557\slv_com\rx_com.vhd (N/A, 2026-02-28 01:00:03) <-- (may instantiate this module)
                        C:\FPGA work\PCBNo.10081\PCBNo.10081\RTL\SP0557\slv_com\rx_com\dec8b10b_new.vhd (N/A, 2026-02-28 01:00:03) <-- (architecture and entity definition)
                        C:\FPGA work\PCBNo.10081\PCBNo.10081\RTL\SP0557\slv_com\rx_com\dec8b10b_wrapper.vhd (N/A, 2026-02-28 01:00:03) <-- (may instantiate this module)
                        C:\FPGA work\PCBNo.10081\PCBNo.10081\RTL\SP0557\slv_com\slv_com_top.vhd (N/A, 2026-02-28 01:00:03) <-- (may instantiate this module)
43       work.dec8b10b_wrapper.wrapper may have changed because the following files changed:
                        C:\FPGA work\PCBNo.10081\PCBNo.10081\RTL\SP0557.vhd (N/A, 2026-02-28 01:00:03) <-- (may instantiate this module)
                        C:\FPGA work\PCBNo.10081\PCBNo.10081\RTL\SP0557\slv_com\rx_com.vhd (N/A, 2026-02-28 01:00:03) <-- (may instantiate this module)
                        C:\FPGA work\PCBNo.10081\PCBNo.10081\RTL\SP0557\slv_com\rx_com\dec8b10b_wrapper.vhd (N/A, 2026-02-28 01:00:03) <-- (architecture and entity definition)
                        C:\FPGA work\PCBNo.10081\PCBNo.10081\RTL\SP0557\slv_com\slv_com_top.vhd (N/A, 2026-02-28 01:00:03) <-- (may instantiate this module)
44       work.efuse_ctrl.rtl may have changed because the following files changed:
                        C:\FPGA work\PCBNo.10081\PCBNo.10081\RTL\SP0557.vhd (N/A, 2026-02-28 01:00:03) <-- (may instantiate this module)
                        C:\FPGA work\PCBNo.10081\PCBNo.10081\RTL\SP0557\EFUSE_CTRL\EFUSE_CTRL.vhd (N/A, 2026-02-28 01:00:03) <-- (architecture and entity definition)
46       work.enc3b_4b.rtl may have changed because the following files changed:
                        C:\FPGA work\PCBNo.10081\PCBNo.10081\RTL\SP0557.vhd (N/A, 2026-02-28 01:00:03) <-- (may instantiate this module)
                        C:\FPGA work\PCBNo.10081\PCBNo.10081\RTL\SP0557\slv_com\slv_com_top.vhd (N/A, 2026-02-28 01:00:03) <-- (may instantiate this module)
                        C:\FPGA work\PCBNo.10081\PCBNo.10081\RTL\SP0557\slv_com\tx_com.vhd (N/A, 2026-02-28 01:00:03) <-- (may instantiate this module)
                        C:\FPGA work\PCBNo.10081\PCBNo.10081\RTL\SP0557\slv_com\tx_com\enc3b_4b.vhd (N/A, 2026-02-28 01:00:03) <-- (architecture and entity definition)
                        C:\FPGA work\PCBNo.10081\PCBNo.10081\RTL\SP0557\slv_com\tx_com\enc8b10b_new.vhd (N/A, 2026-02-28 01:00:03) <-- (may instantiate this module)
                        C:\FPGA work\PCBNo.10081\PCBNo.10081\RTL\SP0557\slv_com\tx_com\enc8b10b_wrapper.vhd (N/A, 2026-02-28 01:00:03) <-- (may instantiate this module)
                        C:\FPGA work\PCBNo.10081\PCBNo.10081\RTL\SP0557\slv_com\tx_com\enc8b_10b.vhd (N/A, 2026-02-28 01:00:03) <-- (may instantiate this module)
48       work.enc5b_6b.rtl may have changed because the following files changed:
                        C:\FPGA work\PCBNo.10081\PCBNo.10081\RTL\SP0557.vhd (N/A, 2026-02-28 01:00:03) <-- (may instantiate this module)
                        C:\FPGA work\PCBNo.10081\PCBNo.10081\RTL\SP0557\slv_com\slv_com_top.vhd (N/A, 2026-02-28 01:00:03) <-- (may instantiate this module)
                        C:\FPGA work\PCBNo.10081\PCBNo.10081\RTL\SP0557\slv_com\tx_com.vhd (N/A, 2026-02-28 01:00:03) <-- (may instantiate this module)
                        C:\FPGA work\PCBNo.10081\PCBNo.10081\RTL\SP0557\slv_com\tx_com\enc5b_6b.vhd (N/A, 2026-02-28 01:00:03) <-- (architecture and entity definition)
                        C:\FPGA work\PCBNo.10081\PCBNo.10081\RTL\SP0557\slv_com\tx_com\enc8b10b_new.vhd (N/A, 2026-02-28 01:00:03) <-- (may instantiate this module)
                        C:\FPGA work\PCBNo.10081\PCBNo.10081\RTL\SP0557\slv_com\tx_com\enc8b10b_wrapper.vhd (N/A, 2026-02-28 01:00:03) <-- (may instantiate this module)
                        C:\FPGA work\PCBNo.10081\PCBNo.10081\RTL\SP0557\slv_com\tx_com\enc8b_10b.vhd (N/A, 2026-02-28 01:00:03) <-- (may instantiate this module)
50       work.enc8b10b_new.rtl may have changed because the following files changed:
                        C:\FPGA work\PCBNo.10081\PCBNo.10081\RTL\SP0557.vhd (N/A, 2026-02-28 01:00:03) <-- (may instantiate this module)
                        C:\FPGA work\PCBNo.10081\PCBNo.10081\RTL\SP0557\slv_com\slv_com_top.vhd (N/A, 2026-02-28 01:00:03) <-- (may instantiate this module)
                        C:\FPGA work\PCBNo.10081\PCBNo.10081\RTL\SP0557\slv_com\tx_com.vhd (N/A, 2026-02-28 01:00:03) <-- (may instantiate this module)
                        C:\FPGA work\PCBNo.10081\PCBNo.10081\RTL\SP0557\slv_com\tx_com\enc8b10b_new.vhd (N/A, 2026-02-28 01:00:03) <-- (architecture and entity definition)
                        C:\FPGA work\PCBNo.10081\PCBNo.10081\RTL\SP0557\slv_com\tx_com\enc8b10b_wrapper.vhd (N/A, 2026-02-28 01:00:03) <-- (may instantiate this module)
53       work.enc8b10b_wrapper.wrapper may have changed because the following files changed:
                        C:\FPGA work\PCBNo.10081\PCBNo.10081\RTL\SP0557.vhd (N/A, 2026-02-28 01:00:03) <-- (may instantiate this module)
                        C:\FPGA work\PCBNo.10081\PCBNo.10081\RTL\SP0557\slv_com\slv_com_top.vhd (N/A, 2026-02-28 01:00:03) <-- (may instantiate this module)
                        C:\FPGA work\PCBNo.10081\PCBNo.10081\RTL\SP0557\slv_com\tx_com.vhd (N/A, 2026-02-28 01:00:03) <-- (may instantiate this module)
                        C:\FPGA work\PCBNo.10081\PCBNo.10081\RTL\SP0557\slv_com\tx_com\enc8b10b_wrapper.vhd (N/A, 2026-02-28 01:00:03) <-- (architecture and entity definition)
54       work.enc8b_10b.rtl may have changed because the following files changed:
                        C:\FPGA work\PCBNo.10081\PCBNo.10081\RTL\SP0557.vhd (N/A, 2026-02-28 01:00:03) <-- (may instantiate this module)
                        C:\FPGA work\PCBNo.10081\PCBNo.10081\RTL\SP0557\slv_com\slv_com_top.vhd (N/A, 2026-02-28 01:00:03) <-- (may instantiate this module)
                        C:\FPGA work\PCBNo.10081\PCBNo.10081\RTL\SP0557\slv_com\tx_com.vhd (N/A, 2026-02-28 01:00:03) <-- (may instantiate this module)
                        C:\FPGA work\PCBNo.10081\PCBNo.10081\RTL\SP0557\slv_com\tx_com\enc8b10b_new.vhd (N/A, 2026-02-28 01:00:03) <-- (may instantiate this module)
                        C:\FPGA work\PCBNo.10081\PCBNo.10081\RTL\SP0557\slv_com\tx_com\enc8b10b_wrapper.vhd (N/A, 2026-02-28 01:00:03) <-- (may instantiate this module)
                        C:\FPGA work\PCBNo.10081\PCBNo.10081\RTL\SP0557\slv_com\tx_com\enc8b_10b.vhd (N/A, 2026-02-28 01:00:03) <-- (architecture and entity definition)
56       work.enc_func_top.rtl may have changed because the following files changed:
                        C:\FPGA work\PCBNo.10081\PCBNo.10081\RTL\SP0557.vhd (N/A, 2026-02-28 01:00:03) <-- (may instantiate this module)
                        C:\FPGA work\PCBNo.10081\PCBNo.10081\RTL\SP0557\encoder\enc_func_top.vhd (N/A, 2026-02-28 01:00:03) <-- (architecture and entity definition)
58       work.enc_lmt.rtl may have changed because the following files changed:
                        C:\FPGA work\PCBNo.10081\PCBNo.10081\RTL\SP0557.vhd (N/A, 2026-02-28 01:00:03) <-- (may instantiate this module)
                        C:\FPGA work\PCBNo.10081\PCBNo.10081\RTL\SP0557\encoder\enc_func_top.vhd (N/A, 2026-02-28 01:00:03) <-- (may instantiate this module)
                        C:\FPGA work\PCBNo.10081\PCBNo.10081\RTL\SP0557\encoder\enc_lmt.vhd (N/A, 2026-02-28 01:00:03) <-- (architecture and entity definition)
                        C:\FPGA work\PCBNo.10081\PCBNo.10081\RTL\SP0557\encoder\enc_top.vhd (N/A, 2026-02-28 01:00:03) <-- (may instantiate this module)
60       work.enc_top.rtl may have changed because the following files changed:
                        C:\FPGA work\PCBNo.10081\PCBNo.10081\RTL\SP0557.vhd (N/A, 2026-02-28 01:00:03) <-- (may instantiate this module)
                        C:\FPGA work\PCBNo.10081\PCBNo.10081\RTL\SP0557\encoder\enc_func_top.vhd (N/A, 2026-02-28 01:00:03) <-- (may instantiate this module)
                        C:\FPGA work\PCBNo.10081\PCBNo.10081\RTL\SP0557\encoder\enc_top.vhd (N/A, 2026-02-28 01:00:03) <-- (architecture and entity definition)
62       work.encoder_2bit.rtl may have changed because the following files changed:
                        C:\FPGA work\PCBNo.10081\PCBNo.10081\RTL\SP0557.vhd (N/A, 2026-02-28 01:00:03) <-- (may instantiate this module)
                        C:\FPGA work\PCBNo.10081\PCBNo.10081\RTL\SP0557\encoder\enc_func_top.vhd (N/A, 2026-02-28 01:00:03) <-- (may instantiate this module)
                        C:\FPGA work\PCBNo.10081\PCBNo.10081\RTL\SP0557\encoder\enc_top.vhd (N/A, 2026-02-28 01:00:03) <-- (may instantiate this module)
                        C:\FPGA work\PCBNo.10081\PCBNo.10081\RTL\SP0557\encoder\encoder_2bit.vhd (N/A, 2026-02-28 01:00:03) <-- (architecture and entity definition)
64       work.fc_dec.rtl may have changed because the following files changed:
                        C:\FPGA work\PCBNo.10081\PCBNo.10081\RTL\SP0557.vhd (N/A, 2026-02-28 01:00:03) <-- (may instantiate this module)
                        C:\FPGA work\PCBNo.10081\PCBNo.10081\RTL\SP0557\compactppmc\ppmc_top_S118M.vhd (N/A, 2026-02-28 01:00:03) <-- (may instantiate this module)
                        C:\FPGA work\PCBNo.10081\PCBNo.10081\RTL\SP0557\gpio\gpio_top.vhd (N/A, 2026-02-28 01:00:03) <-- (may instantiate this module)
                        C:\FPGA work\PCBNo.10081\PCBNo.10081\RTL\SP0557\slaveid_top\slaveid_top.vhd (N/A, 2026-02-28 01:00:03) <-- (may instantiate this module)
                        C:\FPGA work\PCBNo.10081\PCBNo.10081\RTL\com\fc_dec.vhd (N/A, 2026-02-28 01:00:03) <-- (architecture and entity definition)
66       work.fc_sel.rtl may have changed because the following files changed:
                        C:\FPGA work\PCBNo.10081\PCBNo.10081\RTL\SP0557.vhd (N/A, 2026-02-28 01:00:03) <-- (may instantiate this module)
                        C:\FPGA work\PCBNo.10081\PCBNo.10081\RTL\SP0557\compactppmc\ppmc_top_S118M.vhd (N/A, 2026-02-28 01:00:03) <-- (may instantiate this module)
                        C:\FPGA work\PCBNo.10081\PCBNo.10081\RTL\SP0557\gpio\gpio_top.vhd (N/A, 2026-02-28 01:00:03) <-- (may instantiate this module)
                        C:\FPGA work\PCBNo.10081\PCBNo.10081\RTL\SP0557\slaveid_top\slaveid_top.vhd (N/A, 2026-02-28 01:00:03) <-- (may instantiate this module)
                        C:\FPGA work\PCBNo.10081\PCBNo.10081\RTL\com\fc_sel.vhd (N/A, 2026-02-28 01:00:03) <-- (architecture and entity definition)
68       work.gpio_id.rtl may have changed because the following files changed:
                        C:\FPGA work\PCBNo.10081\PCBNo.10081\RTL\SP0557.vhd (N/A, 2026-02-28 01:00:03) <-- (may instantiate this module)
                        C:\FPGA work\PCBNo.10081\PCBNo.10081\RTL\SP0557\gpio\gpio_id.vhd (N/A, 2026-02-28 01:00:03) <-- (architecture and entity definition)
                        C:\FPGA work\PCBNo.10081\PCBNo.10081\RTL\SP0557\gpio\gpio_top.vhd (N/A, 2026-02-28 01:00:03) <-- (may instantiate this module)
70       work.gpio_ip_reg.rtl may have changed because the following files changed:
                        C:\FPGA work\PCBNo.10081\PCBNo.10081\RTL\SP0557.vhd (N/A, 2026-02-28 01:00:03) <-- (may instantiate this module)
                        C:\FPGA work\PCBNo.10081\PCBNo.10081\RTL\SP0557\gpio\gpio_ip_reg.vhd (N/A, 2026-02-28 01:00:03) <-- (architecture and entity definition)
                        C:\FPGA work\PCBNo.10081\PCBNo.10081\RTL\SP0557\gpio\gpio_reg.vhd (N/A, 2026-02-28 01:00:03) <-- (may instantiate this module)
                        C:\FPGA work\PCBNo.10081\PCBNo.10081\RTL\SP0557\gpio\gpio_top.vhd (N/A, 2026-02-28 01:00:03) <-- (may instantiate this module)
72       work.gpio_op_reg.rtl may have changed because the following files changed:
                        C:\FPGA work\PCBNo.10081\PCBNo.10081\RTL\SP0557.vhd (N/A, 2026-02-28 01:00:03) <-- (may instantiate this module)
                        C:\FPGA work\PCBNo.10081\PCBNo.10081\RTL\SP0557\gpio\gpio_op_reg.vhd (N/A, 2026-02-28 01:00:03) <-- (architecture and entity definition)
                        C:\FPGA work\PCBNo.10081\PCBNo.10081\RTL\SP0557\gpio\gpio_reg.vhd (N/A, 2026-02-28 01:00:03) <-- (may instantiate this module)
                        C:\FPGA work\PCBNo.10081\PCBNo.10081\RTL\SP0557\gpio\gpio_top.vhd (N/A, 2026-02-28 01:00:03) <-- (may instantiate this module)
74       work.gpio_reg.rtl may have changed because the following files changed:
                        C:\FPGA work\PCBNo.10081\PCBNo.10081\RTL\SP0557.vhd (N/A, 2026-02-28 01:00:03) <-- (may instantiate this module)
                        C:\FPGA work\PCBNo.10081\PCBNo.10081\RTL\SP0557\gpio\gpio_reg.vhd (N/A, 2026-02-28 01:00:03) <-- (architecture and entity definition)
                        C:\FPGA work\PCBNo.10081\PCBNo.10081\RTL\SP0557\gpio\gpio_top.vhd (N/A, 2026-02-28 01:00:03) <-- (may instantiate this module)
76       work.gpio_top.rtl may have changed because the following files changed:
                        C:\FPGA work\PCBNo.10081\PCBNo.10081\RTL\SP0557.vhd (N/A, 2026-02-28 01:00:03) <-- (may instantiate this module)
                        C:\FPGA work\PCBNo.10081\PCBNo.10081\RTL\SP0557\gpio\gpio_top.vhd (N/A, 2026-02-28 01:00:03) <-- (architecture and entity definition)
78       work.i2c_master_bit_ctrl.arch may have changed because the following files changed:
                        C:\FPGA work\PCBNo.10081\PCBNo.10081\RTL\SP0557.vhd (N/A, 2026-02-28 01:00:03) <-- (may instantiate this module)
                        C:\FPGA work\PCBNo.10081\PCBNo.10081\RTL\SP0557\DAC43608\DAC43608_top.vhd (N/A, 2026-02-28 01:00:03) <-- (may instantiate this module)
                        C:\FPGA work\PCBNo.10081\PCBNo.10081\RTL\SP0557\DAC43608\i2c_master_bit_ctrl.vhd (N/A, 2026-02-28 01:00:03) <-- (architecture and entity definition)
                        C:\FPGA work\PCBNo.10081\PCBNo.10081\RTL\SP0557\DAC43608\i2c_master_wb_top.vhd (N/A, 2026-02-28 01:00:03) <-- (may instantiate this module)
80       work.i2c_master_byte_ctrl.arch may have changed because the following files changed:
                        C:\FPGA work\PCBNo.10081\PCBNo.10081\RTL\SP0557.vhd (N/A, 2026-02-28 01:00:03) <-- (may instantiate this module)
                        C:\FPGA work\PCBNo.10081\PCBNo.10081\RTL\SP0557\DAC43608\DAC43608_top.vhd (N/A, 2026-02-28 01:00:03) <-- (may instantiate this module)
                        C:\FPGA work\PCBNo.10081\PCBNo.10081\RTL\SP0557\DAC43608\i2c_master_byte_ctrl.vhd (N/A, 2026-02-28 01:00:03) <-- (architecture and entity definition)
                        C:\FPGA work\PCBNo.10081\PCBNo.10081\RTL\SP0557\DAC43608\i2c_master_wb_top.vhd (N/A, 2026-02-28 01:00:03) <-- (may instantiate this module)
82       work.i2c_master_registers.arch may have changed because the following files changed:
                        C:\FPGA work\PCBNo.10081\PCBNo.10081\RTL\SP0557.vhd (N/A, 2026-02-28 01:00:03) <-- (may instantiate this module)
                        C:\FPGA work\PCBNo.10081\PCBNo.10081\RTL\SP0557\DAC43608\DAC43608_top.vhd (N/A, 2026-02-28 01:00:03) <-- (may instantiate this module)
                        C:\FPGA work\PCBNo.10081\PCBNo.10081\RTL\SP0557\DAC43608\i2c_master_registers.vhd (N/A, 2026-02-28 01:00:03) <-- (architecture and entity definition)
                        C:\FPGA work\PCBNo.10081\PCBNo.10081\RTL\SP0557\DAC43608\i2c_master_wb_top.vhd (N/A, 2026-02-28 01:00:03) <-- (may instantiate this module)
84       work.i2c_master_wb_top.arch may have changed because the following files changed:
                        C:\FPGA work\PCBNo.10081\PCBNo.10081\RTL\SP0557.vhd (N/A, 2026-02-28 01:00:03) <-- (may instantiate this module)
                        C:\FPGA work\PCBNo.10081\PCBNo.10081\RTL\SP0557\DAC43608\DAC43608_top.vhd (N/A, 2026-02-28 01:00:03) <-- (may instantiate this module)
                        C:\FPGA work\PCBNo.10081\PCBNo.10081\RTL\SP0557\DAC43608\i2c_master_wb_top.vhd (N/A, 2026-02-28 01:00:03) <-- (architecture and entity definition)
86       work.ipcore.ipcore may have changed because the following files changed:
                        C:\FPGA work\PCBNo.10081\PCBNo.10081\RTL\IPcore\IPcore.vhd (N/A, 2026-02-28 01:00:03) <-- (architecture and entity definition)
88       work.ledlt_top.rtl may have changed because the following files changed:
                        C:\FPGA work\PCBNo.10081\PCBNo.10081\RTL\SP0557.vhd (N/A, 2026-02-28 01:00:03) <-- (may instantiate this module)
                        C:\FPGA work\PCBNo.10081\PCBNo.10081\RTL\SP0557\LEDLT\LEDLT_TOP.vhd (N/A, 2026-02-28 01:00:03) <-- (architecture and entity definition)
90       work.nd_sel.rtl may have changed because the following files changed:
                        C:\FPGA work\PCBNo.10081\PCBNo.10081\RTL\SP0557.vhd (N/A, 2026-02-28 01:00:03) <-- (may instantiate this module)
                        C:\FPGA work\PCBNo.10081\PCBNo.10081\RTL\SP0557\slv_com\slv_com_top.vhd (N/A, 2026-02-28 01:00:03) <-- (may instantiate this module)
                        C:\FPGA work\PCBNo.10081\PCBNo.10081\RTL\SP0557\slv_com\slv_ctrl\nd_sel.vhd (N/A, 2026-02-28 01:00:03) <-- (architecture and entity definition)
                        C:\FPGA work\PCBNo.10081\PCBNo.10081\RTL\SP0557\slv_com\slv_ctrl_top.vhd (N/A, 2026-02-28 01:00:03) <-- (may instantiate this module)
92       work.node_sel.rtl may have changed because the following files changed:
                        C:\FPGA work\PCBNo.10081\PCBNo.10081\RTL\SP0557.vhd (N/A, 2026-02-28 01:00:03) <-- (may instantiate this module)
                        C:\FPGA work\PCBNo.10081\PCBNo.10081\RTL\SP0557\slv_com\slv_com_top.vhd (N/A, 2026-02-28 01:00:03) <-- (may instantiate this module)
                        C:\FPGA work\PCBNo.10081\PCBNo.10081\RTL\SP0557\slv_com\slv_ctrl\node_sel.vhd (N/A, 2026-02-28 01:00:03) <-- (architecture and entity definition)
                        C:\FPGA work\PCBNo.10081\PCBNo.10081\RTL\SP0557\slv_com\slv_ctrl_top.vhd (N/A, 2026-02-28 01:00:03) <-- (may instantiate this module)
94       work.pll_gen.structure may have changed because the following files changed:
                        C:\FPGA work\PCBNo.10081\PCBNo.10081\RTL\IPcore\IPcore.vhd (N/A, 2026-02-28 01:00:03) <-- (may instantiate this module)
                        C:\FPGA work\PCBNo.10081\PCBNo.10081\RTL\IPcore\pll_gen\pll_gen.vhd (N/A, 2026-02-28 01:00:03) <-- (architecture and entity definition)
                        C:\FPGA work\PCBNo.10081\PCBNo.10081\RTL\SP0557.vhd (N/A, 2026-02-28 01:00:03) <-- (may instantiate this module)
                        C:\FPGA work\PCBNo.10081\PCBNo.10081\RTL\SP0557\slv_com\CLK_gen_S124M.vhd (N/A, 2026-02-28 01:00:03) <-- (may instantiate this module)
                        C:\FPGA work\PCBNo.10081\PCBNo.10081\RTL\SP0557\slv_com\slv_com_top.vhd (N/A, 2026-02-28 01:00:03) <-- (may instantiate this module)
96       work.pls_sens.rtl may have changed because the following files changed:
                        C:\FPGA work\PCBNo.10081\PCBNo.10081\RTL\SP0557.vhd (N/A, 2026-02-28 01:00:03) <-- (may instantiate this module)
                        C:\FPGA work\PCBNo.10081\PCBNo.10081\RTL\SP0557\pls_sens\pls_sens.vhd (N/A, 2026-02-28 01:00:03) <-- (architecture and entity definition)
98       work.ppmc_acc_tim_gen.rtl may have changed because the following files changed:
                        C:\FPGA work\PCBNo.10081\PCBNo.10081\RTL\SP0557.vhd (N/A, 2026-02-28 01:00:03) <-- (may instantiate this module)
                        C:\FPGA work\PCBNo.10081\PCBNo.10081\RTL\SP0557\compactppmc\ppmc_acc_tim_gen.vhd (N/A, 2026-02-28 01:00:03) <-- (architecture and entity definition)
                        C:\FPGA work\PCBNo.10081\PCBNo.10081\RTL\SP0557\compactppmc\ppmc_plsgen.vhd (N/A, 2026-02-28 01:00:03) <-- (may instantiate this module)
                        C:\FPGA work\PCBNo.10081\PCBNo.10081\RTL\SP0557\compactppmc\ppmc_reg_S118M.vhd (N/A, 2026-02-28 01:00:03) <-- (may instantiate this module)
                        C:\FPGA work\PCBNo.10081\PCBNo.10081\RTL\SP0557\compactppmc\ppmc_top_S118M.vhd (N/A, 2026-02-28 01:00:03) <-- (may instantiate this module)
100      work.ppmc_cmdchk.rtl may have changed because the following files changed:
                        C:\FPGA work\PCBNo.10081\PCBNo.10081\RTL\SP0557.vhd (N/A, 2026-02-28 01:00:03) <-- (may instantiate this module)
                        C:\FPGA work\PCBNo.10081\PCBNo.10081\RTL\SP0557\compactppmc\ppmc_cmdchk.vhd (N/A, 2026-02-28 01:00:03) <-- (architecture and entity definition)
                        C:\FPGA work\PCBNo.10081\PCBNo.10081\RTL\SP0557\compactppmc\ppmc_reg_S118M.vhd (N/A, 2026-02-28 01:00:03) <-- (may instantiate this module)
                        C:\FPGA work\PCBNo.10081\PCBNo.10081\RTL\SP0557\compactppmc\ppmc_top_S118M.vhd (N/A, 2026-02-28 01:00:03) <-- (may instantiate this module)
102      work.ppmc_ctrl.rtl may have changed because the following files changed:
                        C:\FPGA work\PCBNo.10081\PCBNo.10081\RTL\SP0557.vhd (N/A, 2026-02-28 01:00:03) <-- (may instantiate this module)
                        C:\FPGA work\PCBNo.10081\PCBNo.10081\RTL\SP0557\compactppmc\ppmc_ctrl.vhd (N/A, 2026-02-28 01:00:03) <-- (architecture and entity definition)
                        C:\FPGA work\PCBNo.10081\PCBNo.10081\RTL\SP0557\compactppmc\ppmc_reg_S118M.vhd (N/A, 2026-02-28 01:00:03) <-- (may instantiate this module)
                        C:\FPGA work\PCBNo.10081\PCBNo.10081\RTL\SP0557\compactppmc\ppmc_top_S118M.vhd (N/A, 2026-02-28 01:00:03) <-- (may instantiate this module)
104      work.ppmc_dec.rtl may have changed because the following files changed:
                        C:\FPGA work\PCBNo.10081\PCBNo.10081\RTL\SP0557.vhd (N/A, 2026-02-28 01:00:03) <-- (may instantiate this module)
                        C:\FPGA work\PCBNo.10081\PCBNo.10081\RTL\SP0557\compactppmc\ppmc_dec.vhd (N/A, 2026-02-28 01:00:03) <-- (architecture and entity definition)
                        C:\FPGA work\PCBNo.10081\PCBNo.10081\RTL\SP0557\compactppmc\ppmc_reg_S118M.vhd (N/A, 2026-02-28 01:00:03) <-- (may instantiate this module)
                        C:\FPGA work\PCBNo.10081\PCBNo.10081\RTL\SP0557\compactppmc\ppmc_top_S118M.vhd (N/A, 2026-02-28 01:00:03) <-- (may instantiate this module)
106      work.ppmc_enblr_s118m.rtl may have changed because the following files changed:
                        C:\FPGA work\PCBNo.10081\PCBNo.10081\RTL\SP0557.vhd (N/A, 2026-02-28 01:00:03) <-- (may instantiate this module)
                        C:\FPGA work\PCBNo.10081\PCBNo.10081\RTL\SP0557\compactppmc\ppmc_enblr_S118M.vhd (N/A, 2026-02-28 01:00:03) <-- (architecture and entity definition)
                        C:\FPGA work\PCBNo.10081\PCBNo.10081\RTL\SP0557\compactppmc\ppmc_reg_S118M.vhd (N/A, 2026-02-28 01:00:03) <-- (may instantiate this module)
                        C:\FPGA work\PCBNo.10081\PCBNo.10081\RTL\SP0557\compactppmc\ppmc_top_S118M.vhd (N/A, 2026-02-28 01:00:03) <-- (may instantiate this module)
108      work.ppmc_id.rtl may have changed because the following files changed:
                        C:\FPGA work\PCBNo.10081\PCBNo.10081\RTL\SP0557.vhd (N/A, 2026-02-28 01:00:03) <-- (may instantiate this module)
                        C:\FPGA work\PCBNo.10081\PCBNo.10081\RTL\SP0557\compactppmc\ppmc_id.vhd (N/A, 2026-02-28 01:00:03) <-- (architecture and entity definition)
                        C:\FPGA work\PCBNo.10081\PCBNo.10081\RTL\SP0557\compactppmc\ppmc_top_S118M.vhd (N/A, 2026-02-28 01:00:03) <-- (may instantiate this module)
110      work.ppmc_phgen.rtl may have changed because the following files changed:
                        C:\FPGA work\PCBNo.10081\PCBNo.10081\RTL\SP0557\compactppmc\ppmc_phgen.vhd (N/A, 2026-02-28 01:00:03) <-- (architecture and entity definition)
112      work.ppmc_pls_cnt.rtl may have changed because the following files changed:
                        C:\FPGA work\PCBNo.10081\PCBNo.10081\RTL\SP0557.vhd (N/A, 2026-02-28 01:00:03) <-- (may instantiate this module)
                        C:\FPGA work\PCBNo.10081\PCBNo.10081\RTL\SP0557\compactppmc\ppmc_pls_cnt.vhd (N/A, 2026-02-28 01:00:03) <-- (architecture and entity definition)
                        C:\FPGA work\PCBNo.10081\PCBNo.10081\RTL\SP0557\compactppmc\ppmc_plsgen.vhd (N/A, 2026-02-28 01:00:03) <-- (may instantiate this module)
                        C:\FPGA work\PCBNo.10081\PCBNo.10081\RTL\SP0557\compactppmc\ppmc_reg_S118M.vhd (N/A, 2026-02-28 01:00:03) <-- (may instantiate this module)
                        C:\FPGA work\PCBNo.10081\PCBNo.10081\RTL\SP0557\compactppmc\ppmc_top_S118M.vhd (N/A, 2026-02-28 01:00:03) <-- (may instantiate this module)
114      work.ppmc_plsgen.rtl may have changed because the following files changed:
                        C:\FPGA work\PCBNo.10081\PCBNo.10081\RTL\SP0557.vhd (N/A, 2026-02-28 01:00:03) <-- (may instantiate this module)
                        C:\FPGA work\PCBNo.10081\PCBNo.10081\RTL\SP0557\compactppmc\ppmc_plsgen.vhd (N/A, 2026-02-28 01:00:03) <-- (architecture and entity definition)
                        C:\FPGA work\PCBNo.10081\PCBNo.10081\RTL\SP0557\compactppmc\ppmc_reg_S118M.vhd (N/A, 2026-02-28 01:00:03) <-- (may instantiate this module)
                        C:\FPGA work\PCBNo.10081\PCBNo.10081\RTL\SP0557\compactppmc\ppmc_top_S118M.vhd (N/A, 2026-02-28 01:00:03) <-- (may instantiate this module)
116      work.ppmc_reg_s118m.rtl may have changed because the following files changed:
                        C:\FPGA work\PCBNo.10081\PCBNo.10081\RTL\SP0557.vhd (N/A, 2026-02-28 01:00:03) <-- (may instantiate this module)
                        C:\FPGA work\PCBNo.10081\PCBNo.10081\RTL\SP0557\compactppmc\ppmc_reg_S118M.vhd (N/A, 2026-02-28 01:00:03) <-- (architecture and entity definition)
                        C:\FPGA work\PCBNo.10081\PCBNo.10081\RTL\SP0557\compactppmc\ppmc_top_S118M.vhd (N/A, 2026-02-28 01:00:03) <-- (may instantiate this module)
118      work.ppmc_rgstr.rtl may have changed because the following files changed:
                        C:\FPGA work\PCBNo.10081\PCBNo.10081\RTL\SP0557.vhd (N/A, 2026-02-28 01:00:03) <-- (may instantiate this module)
                        C:\FPGA work\PCBNo.10081\PCBNo.10081\RTL\SP0557\compactppmc\ppmc_reg_S118M.vhd (N/A, 2026-02-28 01:00:03) <-- (may instantiate this module)
                        C:\FPGA work\PCBNo.10081\PCBNo.10081\RTL\SP0557\compactppmc\ppmc_rgstr.vhd (N/A, 2026-02-28 01:00:03) <-- (architecture and entity definition)
                        C:\FPGA work\PCBNo.10081\PCBNo.10081\RTL\SP0557\compactppmc\ppmc_top_S118M.vhd (N/A, 2026-02-28 01:00:03) <-- (may instantiate this module)
120      work.ppmc_speed_cnt.rtl may have changed because the following files changed:
                        C:\FPGA work\PCBNo.10081\PCBNo.10081\RTL\SP0557.vhd (N/A, 2026-02-28 01:00:03) <-- (may instantiate this module)
                        C:\FPGA work\PCBNo.10081\PCBNo.10081\RTL\SP0557\compactppmc\ppmc_plsgen.vhd (N/A, 2026-02-28 01:00:03) <-- (may instantiate this module)
                        C:\FPGA work\PCBNo.10081\PCBNo.10081\RTL\SP0557\compactppmc\ppmc_reg_S118M.vhd (N/A, 2026-02-28 01:00:03) <-- (may instantiate this module)
                        C:\FPGA work\PCBNo.10081\PCBNo.10081\RTL\SP0557\compactppmc\ppmc_speed_cnt.vhd (N/A, 2026-02-28 01:00:03) <-- (architecture and entity definition)
                        C:\FPGA work\PCBNo.10081\PCBNo.10081\RTL\SP0557\compactppmc\ppmc_top_S118M.vhd (N/A, 2026-02-28 01:00:03) <-- (may instantiate this module)
122      work.ppmc_timer_cnt.rtl may have changed because the following files changed:
                        C:\FPGA work\PCBNo.10081\PCBNo.10081\RTL\SP0557.vhd (N/A, 2026-02-28 01:00:03) <-- (may instantiate this module)
                        C:\FPGA work\PCBNo.10081\PCBNo.10081\RTL\SP0557\compactppmc\ppmc_plsgen.vhd (N/A, 2026-02-28 01:00:03) <-- (may instantiate this module)
                        C:\FPGA work\PCBNo.10081\PCBNo.10081\RTL\SP0557\compactppmc\ppmc_reg_S118M.vhd (N/A, 2026-02-28 01:00:03) <-- (may instantiate this module)
                        C:\FPGA work\PCBNo.10081\PCBNo.10081\RTL\SP0557\compactppmc\ppmc_timer_cnt.vhd (N/A, 2026-02-28 01:00:03) <-- (architecture and entity definition)
                        C:\FPGA work\PCBNo.10081\PCBNo.10081\RTL\SP0557\compactppmc\ppmc_top_S118M.vhd (N/A, 2026-02-28 01:00:03) <-- (may instantiate this module)
124      work.ppmc_top_s118m.rtl may have changed because the following files changed:
                        C:\FPGA work\PCBNo.10081\PCBNo.10081\RTL\SP0557.vhd (N/A, 2026-02-28 01:00:03) <-- (may instantiate this module)
                        C:\FPGA work\PCBNo.10081\PCBNo.10081\RTL\SP0557\compactppmc\ppmc_top_S118M.vhd (N/A, 2026-02-28 01:00:03) <-- (architecture and entity definition)
126      work.ppmc_u_step_ext.rtl may have changed because the following files changed:
                        C:\FPGA work\PCBNo.10081\PCBNo.10081\RTL\SP0557.vhd (N/A, 2026-02-28 01:00:03) <-- (may instantiate this module)
                        C:\FPGA work\PCBNo.10081\PCBNo.10081\RTL\SP0557\compactppmc\ppmc_reg_S118M.vhd (N/A, 2026-02-28 01:00:03) <-- (may instantiate this module)
                        C:\FPGA work\PCBNo.10081\PCBNo.10081\RTL\SP0557\compactppmc\ppmc_top_S118M.vhd (N/A, 2026-02-28 01:00:03) <-- (may instantiate this module)
                        C:\FPGA work\PCBNo.10081\PCBNo.10081\RTL\SP0557\compactppmc\ppmc_u_step_ext.vhd (N/A, 2026-02-28 01:00:03) <-- (architecture and entity definition)
128      work.rst_cnt.rtl may have changed because the following files changed:
                        C:\FPGA work\PCBNo.10081\PCBNo.10081\RTL\SP0557.vhd (N/A, 2026-02-28 01:00:03) <-- (may instantiate this module)
                        C:\FPGA work\PCBNo.10081\PCBNo.10081\RTL\SP0557\slv_com\rst_cnt.vhd (N/A, 2026-02-28 01:00:03) <-- (architecture and entity definition)
                        C:\FPGA work\PCBNo.10081\PCBNo.10081\RTL\SP0557\slv_com\slv_com_top.vhd (N/A, 2026-02-28 01:00:03) <-- (may instantiate this module)
130      work.rx_com.rtl may have changed because the following files changed:
                        C:\FPGA work\PCBNo.10081\PCBNo.10081\RTL\SP0557.vhd (N/A, 2026-02-28 01:00:03) <-- (may instantiate this module)
                        C:\FPGA work\PCBNo.10081\PCBNo.10081\RTL\SP0557\slv_com\rx_com.vhd (N/A, 2026-02-28 01:00:03) <-- (architecture and entity definition)
                        C:\FPGA work\PCBNo.10081\PCBNo.10081\RTL\SP0557\slv_com\slv_com_top.vhd (N/A, 2026-02-28 01:00:03) <-- (may instantiate this module)
132      work.rx_cont_b1.rtl may have changed because the following files changed:
                        C:\FPGA work\PCBNo.10081\PCBNo.10081\RTL\SP0557.vhd (N/A, 2026-02-28 01:00:03) <-- (may instantiate this module)
                        C:\FPGA work\PCBNo.10081\PCBNo.10081\RTL\SP0557\slv_com\rx_com.vhd (N/A, 2026-02-28 01:00:03) <-- (may instantiate this module)
                        C:\FPGA work\PCBNo.10081\PCBNo.10081\RTL\SP0557\slv_com\rx_com\rx_cont_b1.vhd (N/A, 2026-02-28 01:00:03) <-- (architecture and entity definition)
                        C:\FPGA work\PCBNo.10081\PCBNo.10081\RTL\SP0557\slv_com\slv_com_top.vhd (N/A, 2026-02-28 01:00:03) <-- (may instantiate this module)
134      work.rx_cont_b2.rtl may have changed because the following files changed:
                        C:\FPGA work\PCBNo.10081\PCBNo.10081\RTL\SP0557.vhd (N/A, 2026-02-28 01:00:03) <-- (may instantiate this module)
                        C:\FPGA work\PCBNo.10081\PCBNo.10081\RTL\SP0557\slv_com\rx_com.vhd (N/A, 2026-02-28 01:00:03) <-- (may instantiate this module)
                        C:\FPGA work\PCBNo.10081\PCBNo.10081\RTL\SP0557\slv_com\rx_com\rx_cont_b2.vhd (N/A, 2026-02-28 01:00:03) <-- (architecture and entity definition)
                        C:\FPGA work\PCBNo.10081\PCBNo.10081\RTL\SP0557\slv_com\slv_com_top.vhd (N/A, 2026-02-28 01:00:03) <-- (may instantiate this module)
136      work.rx_ctl_1st.rtl may have changed because the following files changed:
                        C:\FPGA work\PCBNo.10081\PCBNo.10081\RTL\SP0557.vhd (N/A, 2026-02-28 01:00:03) <-- (may instantiate this module)
                        C:\FPGA work\PCBNo.10081\PCBNo.10081\RTL\SP0557\slv_com\rx_com.vhd (N/A, 2026-02-28 01:00:03) <-- (may instantiate this module)
                        C:\FPGA work\PCBNo.10081\PCBNo.10081\RTL\SP0557\slv_com\rx_com\rx_cont_b1.vhd (N/A, 2026-02-28 01:00:03) <-- (may instantiate this module)
                        C:\FPGA work\PCBNo.10081\PCBNo.10081\RTL\SP0557\slv_com\rx_com\rx_ctl_1st.vhd (N/A, 2026-02-28 01:00:03) <-- (architecture and entity definition)
                        C:\FPGA work\PCBNo.10081\PCBNo.10081\RTL\SP0557\slv_com\slv_com_top.vhd (N/A, 2026-02-28 01:00:03) <-- (may instantiate this module)
138      work.rx_ctl_3rd.rtl may have changed because the following files changed:
                        C:\FPGA work\PCBNo.10081\PCBNo.10081\RTL\SP0557.vhd (N/A, 2026-02-28 01:00:03) <-- (may instantiate this module)
                        C:\FPGA work\PCBNo.10081\PCBNo.10081\RTL\SP0557\slv_com\rx_com.vhd (N/A, 2026-02-28 01:00:03) <-- (may instantiate this module)
                        C:\FPGA work\PCBNo.10081\PCBNo.10081\RTL\SP0557\slv_com\rx_com\rx_cont_b2.vhd (N/A, 2026-02-28 01:00:03) <-- (may instantiate this module)
                        C:\FPGA work\PCBNo.10081\PCBNo.10081\RTL\SP0557\slv_com\rx_com\rx_ctl_3rd.vhd (N/A, 2026-02-28 01:00:03) <-- (architecture and entity definition)
                        C:\FPGA work\PCBNo.10081\PCBNo.10081\RTL\SP0557\slv_com\slv_com_top.vhd (N/A, 2026-02-28 01:00:03) <-- (may instantiate this module)
140      work.shiftreg12bit.rtl may have changed because the following files changed:
                        C:\FPGA work\PCBNo.10081\PCBNo.10081\RTL\SP0557.vhd (N/A, 2026-02-28 01:00:03) <-- (may instantiate this module)
                        C:\FPGA work\PCBNo.10081\PCBNo.10081\RTL\SP0557\ad_ctrl\ad_ctrl.vhd (N/A, 2026-02-28 01:00:03) <-- (may instantiate this module)
                        C:\FPGA work\PCBNo.10081\PCBNo.10081\RTL\SP0557\ad_ctrl\shiftreg12bit.vhd (N/A, 2026-02-28 01:00:03) <-- (architecture and entity definition)
142      work.sio_ctrl2.rtl may have changed because the following files changed:
                        C:\FPGA work\PCBNo.10081\PCBNo.10081\RTL\SP0557.vhd (N/A, 2026-02-28 01:00:03) <-- (may instantiate this module)
                        C:\FPGA work\PCBNo.10081\PCBNo.10081\RTL\SP0557\sp_conv\SIO_ctrl2.vhd (N/A, 2026-02-28 01:00:03) <-- (architecture and entity definition)
                        C:\FPGA work\PCBNo.10081\PCBNo.10081\RTL\SP0557\sp_conv\sp_conv.vhd (N/A, 2026-02-28 01:00:03) <-- (may instantiate this module)
144      work.slaveid_id.rtl may have changed because the following files changed:
                        C:\FPGA work\PCBNo.10081\PCBNo.10081\RTL\SP0557\slaveid_top\slaveid_id.vhd (N/A, 2026-02-28 01:00:03) <-- (architecture and entity definition)
                        C:\FPGA work\PCBNo.10081\PCBNo.10081\RTL\SP0557\slaveid_top\slaveid_top.vhd (N/A, 2026-02-28 01:00:03) <-- (may instantiate this module)
146      work.slaveid_top.rtl may have changed because the following files changed:
                        C:\FPGA work\PCBNo.10081\PCBNo.10081\RTL\SP0557\slaveid_top\slaveid_top.vhd (N/A, 2026-02-28 01:00:03) <-- (architecture and entity definition)
148      work.slv_clk_gen.rtl may have changed because the following files changed:
                        C:\FPGA work\PCBNo.10081\PCBNo.10081\RTL\SP0557.vhd (N/A, 2026-02-28 01:00:03) <-- (may instantiate this module)
                        C:\FPGA work\PCBNo.10081\PCBNo.10081\RTL\SP0557\slv_clk_gen.vhd (N/A, 2026-02-28 01:00:03) <-- (architecture and entity definition)
150      work.slv_com_top.rtl may have changed because the following files changed:
                        C:\FPGA work\PCBNo.10081\PCBNo.10081\RTL\SP0557.vhd (N/A, 2026-02-28 01:00:03) <-- (may instantiate this module)
                        C:\FPGA work\PCBNo.10081\PCBNo.10081\RTL\SP0557\slv_com\slv_com_top.vhd (N/A, 2026-02-28 01:00:03) <-- (architecture and entity definition)
152      work.slv_ctrl_top.rtl may have changed because the following files changed:
                        C:\FPGA work\PCBNo.10081\PCBNo.10081\RTL\SP0557.vhd (N/A, 2026-02-28 01:00:03) <-- (may instantiate this module)
                        C:\FPGA work\PCBNo.10081\PCBNo.10081\RTL\SP0557\slv_com\slv_com_top.vhd (N/A, 2026-02-28 01:00:03) <-- (may instantiate this module)
                        C:\FPGA work\PCBNo.10081\PCBNo.10081\RTL\SP0557\slv_com\slv_ctrl_top.vhd (N/A, 2026-02-28 01:00:03) <-- (architecture and entity definition)
154      work.slv_rx_ctrl.rtl may have changed because the following files changed:
                        C:\FPGA work\PCBNo.10081\PCBNo.10081\RTL\SP0557.vhd (N/A, 2026-02-28 01:00:03) <-- (may instantiate this module)
                        C:\FPGA work\PCBNo.10081\PCBNo.10081\RTL\SP0557\slv_com\slv_com_top.vhd (N/A, 2026-02-28 01:00:03) <-- (may instantiate this module)
                        C:\FPGA work\PCBNo.10081\PCBNo.10081\RTL\SP0557\slv_com\slv_ctrl\slv_rx_ctrl.vhd (N/A, 2026-02-28 01:00:03) <-- (architecture and entity definition)
                        C:\FPGA work\PCBNo.10081\PCBNo.10081\RTL\SP0557\slv_com\slv_ctrl_top.vhd (N/A, 2026-02-28 01:00:03) <-- (may instantiate this module)
156      work.slv_tx_ctrl.rtl may have changed because the following files changed:
                        C:\FPGA work\PCBNo.10081\PCBNo.10081\RTL\SP0557.vhd (N/A, 2026-02-28 01:00:03) <-- (may instantiate this module)
                        C:\FPGA work\PCBNo.10081\PCBNo.10081\RTL\SP0557\slv_com\slv_com_top.vhd (N/A, 2026-02-28 01:00:03) <-- (may instantiate this module)
                        C:\FPGA work\PCBNo.10081\PCBNo.10081\RTL\SP0557\slv_com\slv_ctrl\slv_tx_ctrl.vhd (N/A, 2026-02-28 01:00:03) <-- (architecture and entity definition)
                        C:\FPGA work\PCBNo.10081\PCBNo.10081\RTL\SP0557\slv_com\slv_ctrl_top.vhd (N/A, 2026-02-28 01:00:03) <-- (may instantiate this module)
158      work.slvadr_cnv.rtl may have changed because the following files changed:
                        C:\FPGA work\PCBNo.10081\PCBNo.10081\RTL\SP0557.vhd (N/A, 2026-02-28 01:00:03) <-- (may instantiate this module)
                        C:\FPGA work\PCBNo.10081\PCBNo.10081\RTL\SP0557\slv_com\slv_com_top.vhd (N/A, 2026-02-28 01:00:03) <-- (may instantiate this module)
                        C:\FPGA work\PCBNo.10081\PCBNo.10081\RTL\SP0557\slv_com\slvadr_cnv.vhd (N/A, 2026-02-28 01:00:03) <-- (architecture and entity definition)
160      work.sp0557.rtl may have changed because the following files changed:
                        C:\FPGA work\PCBNo.10081\PCBNo.10081\RTL\SP0557.vhd (N/A, 2026-02-28 01:00:03) <-- (architecture and entity definition)
162      work.sp_conv.rtl may have changed because the following files changed:
                        C:\FPGA work\PCBNo.10081\PCBNo.10081\RTL\SP0557.vhd (N/A, 2026-02-28 01:00:03) <-- (may instantiate this module)
                        C:\FPGA work\PCBNo.10081\PCBNo.10081\RTL\SP0557\sp_conv\sp_conv.vhd (N/A, 2026-02-28 01:00:03) <-- (architecture and entity definition)
164      work.spi_master2.rtl may have changed because the following files changed:
                        C:\FPGA work\PCBNo.10081\PCBNo.10081\RTL\SP0557.vhd (N/A, 2026-02-28 01:00:03) <-- (may instantiate this module)
                        C:\FPGA work\PCBNo.10081\PCBNo.10081\RTL\SP0557\sp_conv\SIO_ctrl2.vhd (N/A, 2026-02-28 01:00:03) <-- (may instantiate this module)
                        C:\FPGA work\PCBNo.10081\PCBNo.10081\RTL\SP0557\sp_conv\SPI_master2.vhd (N/A, 2026-02-28 01:00:03) <-- (architecture and entity definition)
                        C:\FPGA work\PCBNo.10081\PCBNo.10081\RTL\SP0557\sp_conv\sp_conv.vhd (N/A, 2026-02-28 01:00:03) <-- (may instantiate this module)
166      work.tlc5916_ctrl.rtl may have changed because the following files changed:
                        C:\FPGA work\PCBNo.10081\PCBNo.10081\RTL\SP0557.vhd (N/A, 2026-02-28 01:00:03) <-- (may instantiate this module)
                        C:\FPGA work\PCBNo.10081\PCBNo.10081\RTL\SP0557\LEDLT\LEDLT_TOP.vhd (N/A, 2026-02-28 01:00:03) <-- (may instantiate this module)
                        C:\FPGA work\PCBNo.10081\PCBNo.10081\RTL\SP0557\LEDLT\TLC5916_CTRL.vhd (N/A, 2026-02-28 01:00:03) <-- (architecture and entity definition)
168      work.tx_com.rtl may have changed because the following files changed:
                        C:\FPGA work\PCBNo.10081\PCBNo.10081\RTL\SP0557.vhd (N/A, 2026-02-28 01:00:03) <-- (may instantiate this module)
                        C:\FPGA work\PCBNo.10081\PCBNo.10081\RTL\SP0557\slv_com\slv_com_top.vhd (N/A, 2026-02-28 01:00:03) <-- (may instantiate this module)
                        C:\FPGA work\PCBNo.10081\PCBNo.10081\RTL\SP0557\slv_com\tx_com.vhd (N/A, 2026-02-28 01:00:03) <-- (architecture and entity definition)
170      work.tx_cont_b1.rtl may have changed because the following files changed:
                        C:\FPGA work\PCBNo.10081\PCBNo.10081\RTL\SP0557.vhd (N/A, 2026-02-28 01:00:03) <-- (may instantiate this module)
                        C:\FPGA work\PCBNo.10081\PCBNo.10081\RTL\SP0557\slv_com\slv_com_top.vhd (N/A, 2026-02-28 01:00:03) <-- (may instantiate this module)
                        C:\FPGA work\PCBNo.10081\PCBNo.10081\RTL\SP0557\slv_com\tx_com.vhd (N/A, 2026-02-28 01:00:03) <-- (may instantiate this module)
                        C:\FPGA work\PCBNo.10081\PCBNo.10081\RTL\SP0557\slv_com\tx_com\tx_cont_b1.vhd (N/A, 2026-02-28 01:00:03) <-- (architecture and entity definition)
172      work.tx_cont_b2.rtl may have changed because the following files changed:
                        C:\FPGA work\PCBNo.10081\PCBNo.10081\RTL\SP0557.vhd (N/A, 2026-02-28 01:00:03) <-- (may instantiate this module)
                        C:\FPGA work\PCBNo.10081\PCBNo.10081\RTL\SP0557\slv_com\slv_com_top.vhd (N/A, 2026-02-28 01:00:03) <-- (may instantiate this module)
                        C:\FPGA work\PCBNo.10081\PCBNo.10081\RTL\SP0557\slv_com\tx_com.vhd (N/A, 2026-02-28 01:00:03) <-- (may instantiate this module)
                        C:\FPGA work\PCBNo.10081\PCBNo.10081\RTL\SP0557\slv_com\tx_com\tx_cont_b2.vhd (N/A, 2026-02-28 01:00:03) <-- (architecture and entity definition)
174      work.tx_ctl_1st.rtl may have changed because the following files changed:
                        C:\FPGA work\PCBNo.10081\PCBNo.10081\RTL\SP0557.vhd (N/A, 2026-02-28 01:00:03) <-- (may instantiate this module)
                        C:\FPGA work\PCBNo.10081\PCBNo.10081\RTL\SP0557\slv_com\slv_com_top.vhd (N/A, 2026-02-28 01:00:03) <-- (may instantiate this module)
                        C:\FPGA work\PCBNo.10081\PCBNo.10081\RTL\SP0557\slv_com\tx_com.vhd (N/A, 2026-02-28 01:00:03) <-- (may instantiate this module)
                        C:\FPGA work\PCBNo.10081\PCBNo.10081\RTL\SP0557\slv_com\tx_com\tx_cont_b1.vhd (N/A, 2026-02-28 01:00:03) <-- (may instantiate this module)
                        C:\FPGA work\PCBNo.10081\PCBNo.10081\RTL\SP0557\slv_com\tx_com\tx_ctl_1st.vhd (N/A, 2026-02-28 01:00:03) <-- (architecture and entity definition)
176      work.tx_ctl_3rd.rtl may have changed because the following files changed:
                        C:\FPGA work\PCBNo.10081\PCBNo.10081\RTL\SP0557.vhd (N/A, 2026-02-28 01:00:03) <-- (may instantiate this module)
                        C:\FPGA work\PCBNo.10081\PCBNo.10081\RTL\SP0557\slv_com\slv_com_top.vhd (N/A, 2026-02-28 01:00:03) <-- (may instantiate this module)
                        C:\FPGA work\PCBNo.10081\PCBNo.10081\RTL\SP0557\slv_com\tx_com.vhd (N/A, 2026-02-28 01:00:03) <-- (may instantiate this module)
                        C:\FPGA work\PCBNo.10081\PCBNo.10081\RTL\SP0557\slv_com\tx_com\tx_cont_b2.vhd (N/A, 2026-02-28 01:00:03) <-- (may instantiate this module)
                        C:\FPGA work\PCBNo.10081\PCBNo.10081\RTL\SP0557\slv_com\tx_com\tx_ctl_3rd.vhd (N/A, 2026-02-28 01:00:03) <-- (architecture and entity definition)

*******************************************************************
Unmodified files: 0
FID:  path (timestamp)

*******************************************************************
Unchanged modules: 0
MID:  lib.cell.view
