
Copyright (C) 1994-2023 Synopsys, Inc.
This Synopsys software and all associated documentation are proprietary to Synopsys, Inc.
and may only be used pursuant to the terms and conditions of a written license agreement
with Synopsys, Inc. All other use, reproduction, modification, or distribution of the
Synopsys software or the associated documentation is strictly prohibited.
Tool: Synplify Pro (R)
Build: V-2023.09L-2
Install: C:\lscc\diamond\3.14\synpbase
OS: Windows 10 or later
Hostname: TSURUMI

Implementation : SP0557
Synopsys HDL compiler and linker, Version comp202309synp1, Build 349R, Built Sep 17 2024 08:16:26, @

Modified Files: 180
FID:  path (prevtimestamp, timestamp)
283      C:\FPGA work\PCBNo.10081\FPGA\RTL\IPcore\IPcore.vhd (2026-02-28 01:49:13, N/A)
284      C:\FPGA work\PCBNo.10081\FPGA\RTL\IPcore\dcfifo_rx_b1\dcfifo_rx_b1.vhd (2026-02-28 01:49:13, N/A)
285      C:\FPGA work\PCBNo.10081\FPGA\RTL\IPcore\dcfifo_rx_b2\dcfifo_rx_b2.vhd (2026-02-28 01:49:13, N/A)
286      C:\FPGA work\PCBNo.10081\FPGA\RTL\IPcore\dcfifo_tx_b1\dcfifo_tx_b1.vhd (2026-02-28 01:49:13, N/A)
287      C:\FPGA work\PCBNo.10081\FPGA\RTL\IPcore\dcfifo_tx_b2\dcfifo_tx_b2.vhd (2026-02-28 01:49:13, N/A)
288      C:\FPGA work\PCBNo.10081\FPGA\RTL\IPcore\pll_gen\pll_gen.vhd (2026-02-28 01:49:13, N/A)
289      C:\FPGA work\PCBNo.10081\FPGA\RTL\SP0557.vhd (2026-02-28 01:49:13, N/A)
290      C:\FPGA work\PCBNo.10081\FPGA\RTL\SP0557\DAC43608\CTRL_32CH.vhd (2026-02-28 01:49:13, N/A)
291      C:\FPGA work\PCBNo.10081\FPGA\RTL\SP0557\DAC43608\DAC43608_top.vhd (2026-02-28 01:49:13, N/A)
292      C:\FPGA work\PCBNo.10081\FPGA\RTL\SP0557\DAC43608\DAC_CTRL_1CH.vhd (2026-02-28 01:49:13, N/A)
293      C:\FPGA work\PCBNo.10081\FPGA\RTL\SP0557\DAC43608\i2c_master_bit_ctrl.vhd (2026-02-28 01:49:13, N/A)
294      C:\FPGA work\PCBNo.10081\FPGA\RTL\SP0557\DAC43608\i2c_master_byte_ctrl.vhd (2026-02-28 01:49:13, N/A)
295      C:\FPGA work\PCBNo.10081\FPGA\RTL\SP0557\DAC43608\i2c_master_registers.vhd (2026-02-28 01:49:13, N/A)
296      C:\FPGA work\PCBNo.10081\FPGA\RTL\SP0557\DAC43608\i2c_master_wb_top.vhd (2026-02-28 01:49:13, N/A)
297      C:\FPGA work\PCBNo.10081\FPGA\RTL\SP0557\EFUSE_CTRL\EFUSE_CTRL.vhd (2026-02-28 01:49:13, N/A)
298      C:\FPGA work\PCBNo.10081\FPGA\RTL\SP0557\LEDLT\AD8402_CTRL\AD8402_CTRL.vhd (2026-02-28 01:49:13, N/A)
299      C:\FPGA work\PCBNo.10081\FPGA\RTL\SP0557\LEDLT\AD8402_CTRL\ad8402.vhd (2026-02-28 01:49:13, N/A)
300      C:\FPGA work\PCBNo.10081\FPGA\RTL\SP0557\LEDLT\LEDLT_TOP.vhd (2026-02-28 01:49:13, N/A)
301      C:\FPGA work\PCBNo.10081\FPGA\RTL\SP0557\LEDLT\TLC5916_CTRL.vhd (2026-02-28 01:49:13, N/A)
302      C:\FPGA work\PCBNo.10081\FPGA\RTL\SP0557\ad_ctrl\ad_ctrl.vhd (2026-02-28 01:49:13, N/A)
303      C:\FPGA work\PCBNo.10081\FPGA\RTL\SP0557\ad_ctrl\adc_reg.vhd (2026-02-28 01:49:13, N/A)
304      C:\FPGA work\PCBNo.10081\FPGA\RTL\SP0557\ad_ctrl\adclk_gen.vhd (2026-02-28 01:49:13, N/A)
305      C:\FPGA work\PCBNo.10081\FPGA\RTL\SP0557\ad_ctrl\adif_seq.vhd (2026-02-28 01:49:13, N/A)
306      C:\FPGA work\PCBNo.10081\FPGA\RTL\SP0557\ad_ctrl\shiftreg12bit.vhd (2026-02-28 01:49:13, N/A)
307      C:\FPGA work\PCBNo.10081\FPGA\RTL\SP0557\compactppmc\ppmc_acc_tim_gen.vhd (2026-02-28 01:49:13, N/A)
308      C:\FPGA work\PCBNo.10081\FPGA\RTL\SP0557\compactppmc\ppmc_cmdchk.vhd (2026-02-28 01:49:13, N/A)
309      C:\FPGA work\PCBNo.10081\FPGA\RTL\SP0557\compactppmc\ppmc_ctrl.vhd (2026-02-28 01:49:13, N/A)
310      C:\FPGA work\PCBNo.10081\FPGA\RTL\SP0557\compactppmc\ppmc_dec.vhd (2026-02-28 01:49:13, N/A)
311      C:\FPGA work\PCBNo.10081\FPGA\RTL\SP0557\compactppmc\ppmc_enblr_S118M.vhd (2026-02-28 01:49:13, N/A)
312      C:\FPGA work\PCBNo.10081\FPGA\RTL\SP0557\compactppmc\ppmc_id.vhd (2026-02-28 01:49:13, N/A)
313      C:\FPGA work\PCBNo.10081\FPGA\RTL\SP0557\compactppmc\ppmc_phgen.vhd (2026-02-28 01:49:13, N/A)
314      C:\FPGA work\PCBNo.10081\FPGA\RTL\SP0557\compactppmc\ppmc_pls_cnt.vhd (2026-02-28 01:49:13, N/A)
315      C:\FPGA work\PCBNo.10081\FPGA\RTL\SP0557\compactppmc\ppmc_plsgen.vhd (2026-02-28 01:49:13, N/A)
316      C:\FPGA work\PCBNo.10081\FPGA\RTL\SP0557\compactppmc\ppmc_reg_S118M.vhd (2026-02-28 01:49:13, N/A)
317      C:\FPGA work\PCBNo.10081\FPGA\RTL\SP0557\compactppmc\ppmc_rgstr.vhd (2026-02-28 01:49:13, N/A)
318      C:\FPGA work\PCBNo.10081\FPGA\RTL\SP0557\compactppmc\ppmc_speed_cnt.vhd (2026-02-28 01:49:13, N/A)
319      C:\FPGA work\PCBNo.10081\FPGA\RTL\SP0557\compactppmc\ppmc_timer_cnt.vhd (2026-02-28 01:49:13, N/A)
320      C:\FPGA work\PCBNo.10081\FPGA\RTL\SP0557\compactppmc\ppmc_top_S118M.vhd (2026-02-28 01:49:13, N/A)
321      C:\FPGA work\PCBNo.10081\FPGA\RTL\SP0557\compactppmc\ppmc_u_step_ext.vhd (2026-02-28 01:49:13, N/A)
322      C:\FPGA work\PCBNo.10081\FPGA\RTL\SP0557\encoder\enc_func_top.vhd (2026-02-28 01:49:13, N/A)
323      C:\FPGA work\PCBNo.10081\FPGA\RTL\SP0557\encoder\enc_lmt.vhd (2026-02-28 01:49:13, N/A)
324      C:\FPGA work\PCBNo.10081\FPGA\RTL\SP0557\encoder\enc_top.vhd (2026-02-28 01:49:13, N/A)
325      C:\FPGA work\PCBNo.10081\FPGA\RTL\SP0557\encoder\encoder_2bit.vhd (2026-02-28 01:49:13, N/A)
326      C:\FPGA work\PCBNo.10081\FPGA\RTL\SP0557\gpio\gpio_id.vhd (2026-02-28 01:49:13, N/A)
327      C:\FPGA work\PCBNo.10081\FPGA\RTL\SP0557\gpio\gpio_ip_reg.vhd (2026-02-28 01:49:13, N/A)
328      C:\FPGA work\PCBNo.10081\FPGA\RTL\SP0557\gpio\gpio_op_reg.vhd (2026-02-28 01:49:13, N/A)
329      C:\FPGA work\PCBNo.10081\FPGA\RTL\SP0557\gpio\gpio_reg.vhd (2026-02-28 01:49:13, N/A)
330      C:\FPGA work\PCBNo.10081\FPGA\RTL\SP0557\gpio\gpio_top.vhd (2026-02-28 01:49:13, N/A)
331      C:\FPGA work\PCBNo.10081\FPGA\RTL\SP0557\pls_sens\pls_sens.vhd (2026-02-28 01:49:13, N/A)
332      C:\FPGA work\PCBNo.10081\FPGA\RTL\SP0557\slaveid_top\slaveid_id.vhd (2026-02-28 01:49:13, N/A)
333      C:\FPGA work\PCBNo.10081\FPGA\RTL\SP0557\slaveid_top\slaveid_top.vhd (2026-02-28 01:49:13, N/A)
334      C:\FPGA work\PCBNo.10081\FPGA\RTL\SP0557\slv_clk_gen.vhd (2026-02-28 01:49:13, N/A)
335      C:\FPGA work\PCBNo.10081\FPGA\RTL\SP0557\slv_com\CLK_gen_S124M.vhd (2026-02-28 01:49:13, N/A)
336      C:\FPGA work\PCBNo.10081\FPGA\RTL\SP0557\slv_com\cds.vhd (2026-02-28 01:49:13, N/A)
337      C:\FPGA work\PCBNo.10081\FPGA\RTL\SP0557\slv_com\rst_cnt.vhd (2026-02-28 01:49:13, N/A)
338      C:\FPGA work\PCBNo.10081\FPGA\RTL\SP0557\slv_com\rx_com.vhd (2026-02-28 01:49:13, N/A)
339      C:\FPGA work\PCBNo.10081\FPGA\RTL\SP0557\slv_com\rx_com\crc_check.vhd (2026-02-28 01:49:13, N/A)
340      C:\FPGA work\PCBNo.10081\FPGA\RTL\SP0557\slv_com\rx_com\dec4b_3b.vhd (2026-02-28 01:49:13, N/A)
341      C:\FPGA work\PCBNo.10081\FPGA\RTL\SP0557\slv_com\rx_com\dec6b_5b.vhd (2026-02-28 01:49:13, N/A)
342      C:\FPGA work\PCBNo.10081\FPGA\RTL\SP0557\slv_com\rx_com\dec8b10b_new.vhd (2026-02-28 01:49:13, N/A)
343      C:\FPGA work\PCBNo.10081\FPGA\RTL\SP0557\slv_com\rx_com\dec8b10b_wrapper.vhd (2026-02-28 01:49:13, N/A)
344      C:\FPGA work\PCBNo.10081\FPGA\RTL\SP0557\slv_com\rx_com\rx_cont_b1.vhd (2026-02-28 01:49:13, N/A)
345      C:\FPGA work\PCBNo.10081\FPGA\RTL\SP0557\slv_com\rx_com\rx_cont_b2.vhd (2026-02-28 01:49:13, N/A)
346      C:\FPGA work\PCBNo.10081\FPGA\RTL\SP0557\slv_com\rx_com\rx_ctl_1st.vhd (2026-02-28 01:49:13, N/A)
347      C:\FPGA work\PCBNo.10081\FPGA\RTL\SP0557\slv_com\rx_com\rx_ctl_3rd.vhd (2026-02-28 01:49:13, N/A)
348      C:\FPGA work\PCBNo.10081\FPGA\RTL\SP0557\slv_com\slv_com_top.vhd (2026-02-28 01:49:13, N/A)
349      C:\FPGA work\PCBNo.10081\FPGA\RTL\SP0557\slv_com\slv_ctrl\adr_sel.vhd (2026-02-28 01:49:13, N/A)
350      C:\FPGA work\PCBNo.10081\FPGA\RTL\SP0557\slv_com\slv_ctrl\nd_sel.vhd (2026-02-28 01:49:13, N/A)
351      C:\FPGA work\PCBNo.10081\FPGA\RTL\SP0557\slv_com\slv_ctrl\node_sel.vhd (2026-02-28 01:49:13, N/A)
352      C:\FPGA work\PCBNo.10081\FPGA\RTL\SP0557\slv_com\slv_ctrl\slv_rx_ctrl.vhd (2026-02-28 01:49:13, N/A)
353      C:\FPGA work\PCBNo.10081\FPGA\RTL\SP0557\slv_com\slv_ctrl\slv_tx_ctrl.vhd (2026-02-28 01:49:13, N/A)
354      C:\FPGA work\PCBNo.10081\FPGA\RTL\SP0557\slv_com\slv_ctrl_top.vhd (2026-02-28 01:49:13, N/A)
355      C:\FPGA work\PCBNo.10081\FPGA\RTL\SP0557\slv_com\slvadr_cnv.vhd (2026-02-28 01:49:13, N/A)
356      C:\FPGA work\PCBNo.10081\FPGA\RTL\SP0557\slv_com\tx_com.vhd (2026-02-28 01:49:13, N/A)
357      C:\FPGA work\PCBNo.10081\FPGA\RTL\SP0557\slv_com\tx_com\crc_gen.vhd (2026-02-28 01:49:13, N/A)
358      C:\FPGA work\PCBNo.10081\FPGA\RTL\SP0557\slv_com\tx_com\enc3b_4b.vhd (2026-02-28 01:49:13, N/A)
359      C:\FPGA work\PCBNo.10081\FPGA\RTL\SP0557\slv_com\tx_com\enc5b_6b.vhd (2026-02-28 01:49:13, N/A)
360      C:\FPGA work\PCBNo.10081\FPGA\RTL\SP0557\slv_com\tx_com\enc8b10b_new.vhd (2026-02-28 01:49:13, N/A)
361      C:\FPGA work\PCBNo.10081\FPGA\RTL\SP0557\slv_com\tx_com\enc8b10b_wrapper.vhd (2026-02-28 01:49:13, N/A)
362      C:\FPGA work\PCBNo.10081\FPGA\RTL\SP0557\slv_com\tx_com\enc8b_10b.vhd (2026-02-28 01:49:13, N/A)
363      C:\FPGA work\PCBNo.10081\FPGA\RTL\SP0557\slv_com\tx_com\tx_cont_b1.vhd (2026-02-28 01:49:13, N/A)
364      C:\FPGA work\PCBNo.10081\FPGA\RTL\SP0557\slv_com\tx_com\tx_cont_b2.vhd (2026-02-28 01:49:13, N/A)
365      C:\FPGA work\PCBNo.10081\FPGA\RTL\SP0557\slv_com\tx_com\tx_ctl_1st.vhd (2026-02-28 01:49:13, N/A)
366      C:\FPGA work\PCBNo.10081\FPGA\RTL\SP0557\slv_com\tx_com\tx_ctl_3rd.vhd (2026-02-28 01:49:13, N/A)
367      C:\FPGA work\PCBNo.10081\FPGA\RTL\SP0557\sp_conv\SIO_ctrl2.vhd (2026-02-28 01:49:13, N/A)
368      C:\FPGA work\PCBNo.10081\FPGA\RTL\SP0557\sp_conv\SPI_master2.vhd (2026-02-28 01:49:13, N/A)
369      C:\FPGA work\PCBNo.10081\FPGA\RTL\SP0557\sp_conv\sp_conv.vhd (2026-02-28 01:49:13, N/A)
370      C:\FPGA work\PCBNo.10081\FPGA\RTL\com\fc_dec.vhd (2026-02-28 01:49:13, N/A)
371      C:\FPGA work\PCBNo.10081\FPGA\RTL\com\fc_sel.vhd (2026-02-28 01:49:13, N/A)
372      C:\FPGA work\PCBNo.10081\FPGA\RTL\com\w_pack.vhd (2026-02-28 01:49:13, N/A)
386      C:\FPGAwork\PCBNo.10081\FPGA\RTL\IPcore\IPcore.vhd (N/A, 2026-02-28 01:49:13)
387      C:\FPGAwork\PCBNo.10081\FPGA\RTL\IPcore\dcfifo_rx_b1\dcfifo_rx_b1.vhd (N/A, 2026-02-28 01:49:13)
388      C:\FPGAwork\PCBNo.10081\FPGA\RTL\IPcore\dcfifo_rx_b2\dcfifo_rx_b2.vhd (N/A, 2026-02-28 01:49:13)
389      C:\FPGAwork\PCBNo.10081\FPGA\RTL\IPcore\dcfifo_tx_b1\dcfifo_tx_b1.vhd (N/A, 2026-02-28 01:49:13)
390      C:\FPGAwork\PCBNo.10081\FPGA\RTL\IPcore\dcfifo_tx_b2\dcfifo_tx_b2.vhd (N/A, 2026-02-28 01:49:13)
391      C:\FPGAwork\PCBNo.10081\FPGA\RTL\IPcore\pll_gen\pll_gen.vhd (N/A, 2026-02-28 01:49:13)
392      C:\FPGAwork\PCBNo.10081\FPGA\RTL\SP0557.vhd (N/A, 2026-02-28 01:49:13)
393      C:\FPGAwork\PCBNo.10081\FPGA\RTL\SP0557\DAC43608\CTRL_32CH.vhd (N/A, 2026-03-01 00:39:52)
394      C:\FPGAwork\PCBNo.10081\FPGA\RTL\SP0557\DAC43608\DAC43608_top.vhd (N/A, 2026-02-28 01:49:13)
395      C:\FPGAwork\PCBNo.10081\FPGA\RTL\SP0557\DAC43608\DAC_CTRL_1CH.vhd (N/A, 2026-03-01 00:39:52)
396      C:\FPGAwork\PCBNo.10081\FPGA\RTL\SP0557\DAC43608\i2c_master_bit_ctrl.vhd (N/A, 2026-02-28 01:49:13)
397      C:\FPGAwork\PCBNo.10081\FPGA\RTL\SP0557\DAC43608\i2c_master_byte_ctrl.vhd (N/A, 2026-02-28 01:49:13)
398      C:\FPGAwork\PCBNo.10081\FPGA\RTL\SP0557\DAC43608\i2c_master_registers.vhd (N/A, 2026-02-28 01:49:13)
399      C:\FPGAwork\PCBNo.10081\FPGA\RTL\SP0557\DAC43608\i2c_master_wb_top.vhd (N/A, 2026-02-28 01:49:13)
400      C:\FPGAwork\PCBNo.10081\FPGA\RTL\SP0557\EFUSE_CTRL\EFUSE_CTRL.vhd (N/A, 2026-03-01 00:39:52)
401      C:\FPGAwork\PCBNo.10081\FPGA\RTL\SP0557\LEDLT\AD8402_CTRL\AD8402_CTRL.vhd (N/A, 2026-02-28 01:49:13)
402      C:\FPGAwork\PCBNo.10081\FPGA\RTL\SP0557\LEDLT\AD8402_CTRL\ad8402.vhd (N/A, 2026-02-28 01:49:13)
403      C:\FPGAwork\PCBNo.10081\FPGA\RTL\SP0557\LEDLT\LEDLT_TOP.vhd (N/A, 2026-03-01 00:39:52)
404      C:\FPGAwork\PCBNo.10081\FPGA\RTL\SP0557\LEDLT\TLC5916_CTRL.vhd (N/A, 2026-02-28 01:49:13)
405      C:\FPGAwork\PCBNo.10081\FPGA\RTL\SP0557\ad_ctrl\ad_ctrl.vhd (N/A, 2026-02-28 01:49:13)
406      C:\FPGAwork\PCBNo.10081\FPGA\RTL\SP0557\ad_ctrl\adc_reg.vhd (N/A, 2026-02-28 01:49:13)
407      C:\FPGAwork\PCBNo.10081\FPGA\RTL\SP0557\ad_ctrl\adclk_gen.vhd (N/A, 2026-02-28 01:49:13)
408      C:\FPGAwork\PCBNo.10081\FPGA\RTL\SP0557\ad_ctrl\adif_seq.vhd (N/A, 2026-02-28 01:49:13)
409      C:\FPGAwork\PCBNo.10081\FPGA\RTL\SP0557\ad_ctrl\shiftreg12bit.vhd (N/A, 2026-02-28 01:49:13)
410      C:\FPGAwork\PCBNo.10081\FPGA\RTL\SP0557\compactppmc\ppmc_acc_tim_gen.vhd (N/A, 2026-02-28 01:49:13)
411      C:\FPGAwork\PCBNo.10081\FPGA\RTL\SP0557\compactppmc\ppmc_cmdchk.vhd (N/A, 2026-02-28 01:49:13)
412      C:\FPGAwork\PCBNo.10081\FPGA\RTL\SP0557\compactppmc\ppmc_ctrl.vhd (N/A, 2026-03-01 00:39:52)
413      C:\FPGAwork\PCBNo.10081\FPGA\RTL\SP0557\compactppmc\ppmc_dec.vhd (N/A, 2026-02-28 01:49:13)
414      C:\FPGAwork\PCBNo.10081\FPGA\RTL\SP0557\compactppmc\ppmc_enblr_S118M.vhd (N/A, 2026-02-28 01:49:13)
415      C:\FPGAwork\PCBNo.10081\FPGA\RTL\SP0557\compactppmc\ppmc_id.vhd (N/A, 2026-02-28 01:49:13)
416      C:\FPGAwork\PCBNo.10081\FPGA\RTL\SP0557\compactppmc\ppmc_phgen.vhd (N/A, 2026-02-28 01:49:13)
417      C:\FPGAwork\PCBNo.10081\FPGA\RTL\SP0557\compactppmc\ppmc_pls_cnt.vhd (N/A, 2026-02-28 01:49:13)
418      C:\FPGAwork\PCBNo.10081\FPGA\RTL\SP0557\compactppmc\ppmc_plsgen.vhd (N/A, 2026-02-28 01:49:13)
419      C:\FPGAwork\PCBNo.10081\FPGA\RTL\SP0557\compactppmc\ppmc_reg_S118M.vhd (N/A, 2026-02-28 01:49:13)
420      C:\FPGAwork\PCBNo.10081\FPGA\RTL\SP0557\compactppmc\ppmc_rgstr.vhd (N/A, 2026-03-01 00:39:52)
421      C:\FPGAwork\PCBNo.10081\FPGA\RTL\SP0557\compactppmc\ppmc_speed_cnt.vhd (N/A, 2026-02-28 01:49:13)
422      C:\FPGAwork\PCBNo.10081\FPGA\RTL\SP0557\compactppmc\ppmc_timer_cnt.vhd (N/A, 2026-02-28 01:49:13)
423      C:\FPGAwork\PCBNo.10081\FPGA\RTL\SP0557\compactppmc\ppmc_top_S118M.vhd (N/A, 2026-02-28 01:49:13)
424      C:\FPGAwork\PCBNo.10081\FPGA\RTL\SP0557\compactppmc\ppmc_u_step_ext.vhd (N/A, 2026-03-01 00:39:52)
425      C:\FPGAwork\PCBNo.10081\FPGA\RTL\SP0557\encoder\enc_func_top.vhd (N/A, 2026-02-28 01:49:13)
426      C:\FPGAwork\PCBNo.10081\FPGA\RTL\SP0557\encoder\enc_lmt.vhd (N/A, 2026-02-28 18:06:13)
427      C:\FPGAwork\PCBNo.10081\FPGA\RTL\SP0557\encoder\enc_top.vhd (N/A, 2026-02-28 01:49:13)
428      C:\FPGAwork\PCBNo.10081\FPGA\RTL\SP0557\encoder\encoder_2bit.vhd (N/A, 2026-03-01 00:39:52)
429      C:\FPGAwork\PCBNo.10081\FPGA\RTL\SP0557\gpio\gpio_id.vhd (N/A, 2026-02-28 01:49:13)
430      C:\FPGAwork\PCBNo.10081\FPGA\RTL\SP0557\gpio\gpio_ip_reg.vhd (N/A, 2026-02-28 01:49:13)
431      C:\FPGAwork\PCBNo.10081\FPGA\RTL\SP0557\gpio\gpio_op_reg.vhd (N/A, 2026-02-28 01:49:13)
432      C:\FPGAwork\PCBNo.10081\FPGA\RTL\SP0557\gpio\gpio_reg.vhd (N/A, 2026-02-28 01:49:13)
433      C:\FPGAwork\PCBNo.10081\FPGA\RTL\SP0557\gpio\gpio_top.vhd (N/A, 2026-02-28 01:49:13)
434      C:\FPGAwork\PCBNo.10081\FPGA\RTL\SP0557\pls_sens\pls_sens.vhd (N/A, 2026-02-28 01:49:13)
435      C:\FPGAwork\PCBNo.10081\FPGA\RTL\SP0557\slaveid_top\slaveid_id.vhd (N/A, 2026-02-28 01:49:13)
436      C:\FPGAwork\PCBNo.10081\FPGA\RTL\SP0557\slaveid_top\slaveid_top.vhd (N/A, 2026-02-28 01:49:13)
437      C:\FPGAwork\PCBNo.10081\FPGA\RTL\SP0557\slv_clk_gen.vhd (N/A, 2026-02-28 01:49:13)
438      C:\FPGAwork\PCBNo.10081\FPGA\RTL\SP0557\slv_com\CLK_gen_S124M.vhd (N/A, 2026-02-28 01:49:13)
439      C:\FPGAwork\PCBNo.10081\FPGA\RTL\SP0557\slv_com\cds.vhd (N/A, 2026-02-28 01:49:13)
440      C:\FPGAwork\PCBNo.10081\FPGA\RTL\SP0557\slv_com\rst_cnt.vhd (N/A, 2026-02-28 01:49:13)
441      C:\FPGAwork\PCBNo.10081\FPGA\RTL\SP0557\slv_com\rx_com.vhd (N/A, 2026-02-28 01:49:13)
442      C:\FPGAwork\PCBNo.10081\FPGA\RTL\SP0557\slv_com\rx_com\crc_check.vhd (N/A, 2026-02-28 01:49:13)
443      C:\FPGAwork\PCBNo.10081\FPGA\RTL\SP0557\slv_com\rx_com\dec4b_3b.vhd (N/A, 2026-03-01 00:39:52)
444      C:\FPGAwork\PCBNo.10081\FPGA\RTL\SP0557\slv_com\rx_com\dec6b_5b.vhd (N/A, 2026-03-01 00:39:52)
445      C:\FPGAwork\PCBNo.10081\FPGA\RTL\SP0557\slv_com\rx_com\dec8b10b_new.vhd (N/A, 2026-02-28 01:49:13)
446      C:\FPGAwork\PCBNo.10081\FPGA\RTL\SP0557\slv_com\rx_com\dec8b10b_wrapper.vhd (N/A, 2026-02-28 01:49:13)
447      C:\FPGAwork\PCBNo.10081\FPGA\RTL\SP0557\slv_com\rx_com\rx_cont_b1.vhd (N/A, 2026-02-28 01:49:13)
448      C:\FPGAwork\PCBNo.10081\FPGA\RTL\SP0557\slv_com\rx_com\rx_cont_b2.vhd (N/A, 2026-02-28 01:49:13)
449      C:\FPGAwork\PCBNo.10081\FPGA\RTL\SP0557\slv_com\rx_com\rx_ctl_1st.vhd (N/A, 2026-02-28 01:49:13)
450      C:\FPGAwork\PCBNo.10081\FPGA\RTL\SP0557\slv_com\rx_com\rx_ctl_3rd.vhd (N/A, 2026-02-28 01:49:13)
451      C:\FPGAwork\PCBNo.10081\FPGA\RTL\SP0557\slv_com\slv_com_top.vhd (N/A, 2026-02-28 01:49:13)
452      C:\FPGAwork\PCBNo.10081\FPGA\RTL\SP0557\slv_com\slv_ctrl\adr_sel.vhd (N/A, 2026-02-28 01:49:13)
453      C:\FPGAwork\PCBNo.10081\FPGA\RTL\SP0557\slv_com\slv_ctrl\nd_sel.vhd (N/A, 2026-02-28 01:49:13)
454      C:\FPGAwork\PCBNo.10081\FPGA\RTL\SP0557\slv_com\slv_ctrl\node_sel.vhd (N/A, 2026-02-28 01:49:13)
455      C:\FPGAwork\PCBNo.10081\FPGA\RTL\SP0557\slv_com\slv_ctrl\slv_rx_ctrl.vhd (N/A, 2026-03-01 00:39:52)
456      C:\FPGAwork\PCBNo.10081\FPGA\RTL\SP0557\slv_com\slv_ctrl\slv_tx_ctrl.vhd (N/A, 2026-02-28 01:49:13)
457      C:\FPGAwork\PCBNo.10081\FPGA\RTL\SP0557\slv_com\slv_ctrl_top.vhd (N/A, 2026-03-01 00:39:53)
458      C:\FPGAwork\PCBNo.10081\FPGA\RTL\SP0557\slv_com\slvadr_cnv.vhd (N/A, 2026-03-01 00:39:53)
459      C:\FPGAwork\PCBNo.10081\FPGA\RTL\SP0557\slv_com\tx_com.vhd (N/A, 2026-02-28 01:49:13)
460      C:\FPGAwork\PCBNo.10081\FPGA\RTL\SP0557\slv_com\tx_com\crc_gen.vhd (N/A, 2026-02-28 01:49:13)
461      C:\FPGAwork\PCBNo.10081\FPGA\RTL\SP0557\slv_com\tx_com\enc3b_4b.vhd (N/A, 2026-02-28 01:49:13)
462      C:\FPGAwork\PCBNo.10081\FPGA\RTL\SP0557\slv_com\tx_com\enc5b_6b.vhd (N/A, 2026-02-28 01:49:13)
463      C:\FPGAwork\PCBNo.10081\FPGA\RTL\SP0557\slv_com\tx_com\enc8b10b_new.vhd (N/A, 2026-02-28 01:49:13)
464      C:\FPGAwork\PCBNo.10081\FPGA\RTL\SP0557\slv_com\tx_com\enc8b10b_wrapper.vhd (N/A, 2026-02-28 01:49:13)
465      C:\FPGAwork\PCBNo.10081\FPGA\RTL\SP0557\slv_com\tx_com\enc8b_10b.vhd (N/A, 2026-02-28 01:49:13)
466      C:\FPGAwork\PCBNo.10081\FPGA\RTL\SP0557\slv_com\tx_com\tx_cont_b1.vhd (N/A, 2026-02-28 01:49:13)
467      C:\FPGAwork\PCBNo.10081\FPGA\RTL\SP0557\slv_com\tx_com\tx_cont_b2.vhd (N/A, 2026-02-28 01:49:13)
468      C:\FPGAwork\PCBNo.10081\FPGA\RTL\SP0557\slv_com\tx_com\tx_ctl_1st.vhd (N/A, 2026-02-28 01:49:13)
469      C:\FPGAwork\PCBNo.10081\FPGA\RTL\SP0557\slv_com\tx_com\tx_ctl_3rd.vhd (N/A, 2026-02-28 01:49:13)
470      C:\FPGAwork\PCBNo.10081\FPGA\RTL\SP0557\sp_conv\SIO_ctrl2.vhd (N/A, 2026-02-28 01:49:13)
471      C:\FPGAwork\PCBNo.10081\FPGA\RTL\SP0557\sp_conv\SPI_master2.vhd (N/A, 2026-02-28 01:49:13)
472      C:\FPGAwork\PCBNo.10081\FPGA\RTL\SP0557\sp_conv\sp_conv.vhd (N/A, 2026-02-28 01:49:13)
473      C:\FPGAwork\PCBNo.10081\FPGA\RTL\com\fc_dec.vhd (N/A, 2026-02-28 01:49:13)
474      C:\FPGAwork\PCBNo.10081\FPGA\RTL\com\fc_sel.vhd (N/A, 2026-02-28 01:49:13)
475      C:\FPGAwork\PCBNo.10081\FPGA\RTL\com\w_pack.vhd (N/A, 2026-02-28 01:49:13)

*******************************************************************
Modules that may have changed as a result of file changes: 89
MID:  lib.cell.view
0        work.ad8402.rtl may have changed because the following files changed:
                        C:\FPGAwork\PCBNo.10081\FPGA\RTL\SP0557.vhd (N/A, 2026-02-28 01:49:13) <-- (may instantiate this module)
                        C:\FPGAwork\PCBNo.10081\FPGA\RTL\SP0557\LEDLT\AD8402_CTRL\AD8402_CTRL.vhd (N/A, 2026-02-28 01:49:13) <-- (may instantiate this module)
                        C:\FPGAwork\PCBNo.10081\FPGA\RTL\SP0557\LEDLT\AD8402_CTRL\ad8402.vhd (N/A, 2026-02-28 01:49:13) <-- (architecture and entity definition)
                        C:\FPGAwork\PCBNo.10081\FPGA\RTL\SP0557\LEDLT\LEDLT_TOP.vhd (N/A, 2026-03-01 00:39:52) <-- (may instantiate this module)
2        work.ad8402_ctrl.rtl may have changed because the following files changed:
                        C:\FPGAwork\PCBNo.10081\FPGA\RTL\SP0557.vhd (N/A, 2026-02-28 01:49:13) <-- (may instantiate this module)
                        C:\FPGAwork\PCBNo.10081\FPGA\RTL\SP0557\LEDLT\AD8402_CTRL\AD8402_CTRL.vhd (N/A, 2026-02-28 01:49:13) <-- (architecture and entity definition)
                        C:\FPGAwork\PCBNo.10081\FPGA\RTL\SP0557\LEDLT\LEDLT_TOP.vhd (N/A, 2026-03-01 00:39:52) <-- (may instantiate this module)
4        work.ad_ctrl.rtl may have changed because the following files changed:
                        C:\FPGAwork\PCBNo.10081\FPGA\RTL\SP0557.vhd (N/A, 2026-02-28 01:49:13) <-- (may instantiate this module)
                        C:\FPGAwork\PCBNo.10081\FPGA\RTL\SP0557\ad_ctrl\ad_ctrl.vhd (N/A, 2026-02-28 01:49:13) <-- (architecture and entity definition)
6        work.adc_reg.rtl may have changed because the following files changed:
                        C:\FPGAwork\PCBNo.10081\FPGA\RTL\SP0557.vhd (N/A, 2026-02-28 01:49:13) <-- (may instantiate this module)
                        C:\FPGAwork\PCBNo.10081\FPGA\RTL\SP0557\ad_ctrl\ad_ctrl.vhd (N/A, 2026-02-28 01:49:13) <-- (may instantiate this module)
                        C:\FPGAwork\PCBNo.10081\FPGA\RTL\SP0557\ad_ctrl\adc_reg.vhd (N/A, 2026-02-28 01:49:13) <-- (architecture and entity definition)
8        work.adclk_gen.rtl may have changed because the following files changed:
                        C:\FPGAwork\PCBNo.10081\FPGA\RTL\SP0557.vhd (N/A, 2026-02-28 01:49:13) <-- (may instantiate this module)
                        C:\FPGAwork\PCBNo.10081\FPGA\RTL\SP0557\ad_ctrl\ad_ctrl.vhd (N/A, 2026-02-28 01:49:13) <-- (may instantiate this module)
                        C:\FPGAwork\PCBNo.10081\FPGA\RTL\SP0557\ad_ctrl\adclk_gen.vhd (N/A, 2026-02-28 01:49:13) <-- (architecture and entity definition)
10       work.adif_seq.rtl may have changed because the following files changed:
                        C:\FPGAwork\PCBNo.10081\FPGA\RTL\SP0557.vhd (N/A, 2026-02-28 01:49:13) <-- (may instantiate this module)
                        C:\FPGAwork\PCBNo.10081\FPGA\RTL\SP0557\ad_ctrl\ad_ctrl.vhd (N/A, 2026-02-28 01:49:13) <-- (may instantiate this module)
                        C:\FPGAwork\PCBNo.10081\FPGA\RTL\SP0557\ad_ctrl\adif_seq.vhd (N/A, 2026-02-28 01:49:13) <-- (architecture and entity definition)
12       work.adr_sel.rtl may have changed because the following files changed:
                        C:\FPGAwork\PCBNo.10081\FPGA\RTL\SP0557.vhd (N/A, 2026-02-28 01:49:13) <-- (may instantiate this module)
                        C:\FPGAwork\PCBNo.10081\FPGA\RTL\SP0557\slv_com\slv_com_top.vhd (N/A, 2026-02-28 01:49:13) <-- (may instantiate this module)
                        C:\FPGAwork\PCBNo.10081\FPGA\RTL\SP0557\slv_com\slv_ctrl\adr_sel.vhd (N/A, 2026-02-28 01:49:13) <-- (architecture and entity definition)
                        C:\FPGAwork\PCBNo.10081\FPGA\RTL\SP0557\slv_com\slv_ctrl_top.vhd (N/A, 2026-03-01 00:39:53) <-- (may instantiate this module)
14       work.cds.rtl may have changed because the following files changed:
                        C:\FPGAwork\PCBNo.10081\FPGA\RTL\SP0557.vhd (N/A, 2026-02-28 01:49:13) <-- (may instantiate this module)
                        C:\FPGAwork\PCBNo.10081\FPGA\RTL\SP0557\slv_com\cds.vhd (N/A, 2026-02-28 01:49:13) <-- (architecture and entity definition)
                        C:\FPGAwork\PCBNo.10081\FPGA\RTL\SP0557\slv_com\slv_com_top.vhd (N/A, 2026-02-28 01:49:13) <-- (may instantiate this module)
16       work.clk_gen_s124m.rtl may have changed because the following files changed:
                        C:\FPGAwork\PCBNo.10081\FPGA\RTL\SP0557.vhd (N/A, 2026-02-28 01:49:13) <-- (may instantiate this module)
                        C:\FPGAwork\PCBNo.10081\FPGA\RTL\SP0557\slv_com\CLK_gen_S124M.vhd (N/A, 2026-02-28 01:49:13) <-- (architecture and entity definition)
                        C:\FPGAwork\PCBNo.10081\FPGA\RTL\SP0557\slv_com\slv_com_top.vhd (N/A, 2026-02-28 01:49:13) <-- (may instantiate this module)
18       work.crc_check.rtl may have changed because the following files changed:
                        C:\FPGAwork\PCBNo.10081\FPGA\RTL\SP0557.vhd (N/A, 2026-02-28 01:49:13) <-- (may instantiate this module)
                        C:\FPGAwork\PCBNo.10081\FPGA\RTL\SP0557\slv_com\rx_com.vhd (N/A, 2026-02-28 01:49:13) <-- (may instantiate this module)
                        C:\FPGAwork\PCBNo.10081\FPGA\RTL\SP0557\slv_com\rx_com\crc_check.vhd (N/A, 2026-02-28 01:49:13) <-- (architecture and entity definition)
                        C:\FPGAwork\PCBNo.10081\FPGA\RTL\SP0557\slv_com\rx_com\rx_cont_b2.vhd (N/A, 2026-02-28 01:49:13) <-- (may instantiate this module)
                        C:\FPGAwork\PCBNo.10081\FPGA\RTL\SP0557\slv_com\slv_com_top.vhd (N/A, 2026-02-28 01:49:13) <-- (may instantiate this module)
20       work.crc_gen.rtl may have changed because the following files changed:
                        C:\FPGAwork\PCBNo.10081\FPGA\RTL\SP0557.vhd (N/A, 2026-02-28 01:49:13) <-- (may instantiate this module)
                        C:\FPGAwork\PCBNo.10081\FPGA\RTL\SP0557\slv_com\slv_com_top.vhd (N/A, 2026-02-28 01:49:13) <-- (may instantiate this module)
                        C:\FPGAwork\PCBNo.10081\FPGA\RTL\SP0557\slv_com\tx_com.vhd (N/A, 2026-02-28 01:49:13) <-- (may instantiate this module)
                        C:\FPGAwork\PCBNo.10081\FPGA\RTL\SP0557\slv_com\tx_com\crc_gen.vhd (N/A, 2026-02-28 01:49:13) <-- (architecture and entity definition)
                        C:\FPGAwork\PCBNo.10081\FPGA\RTL\SP0557\slv_com\tx_com\tx_cont_b1.vhd (N/A, 2026-02-28 01:49:13) <-- (may instantiate this module)
22       work.ctrl_32ch.rtl may have changed because the following files changed:
                        C:\FPGAwork\PCBNo.10081\FPGA\RTL\SP0557.vhd (N/A, 2026-02-28 01:49:13) <-- (may instantiate this module)
                        C:\FPGAwork\PCBNo.10081\FPGA\RTL\SP0557\DAC43608\CTRL_32CH.vhd (N/A, 2026-03-01 00:39:52) <-- (architecture and entity definition)
                        C:\FPGAwork\PCBNo.10081\FPGA\RTL\SP0557\DAC43608\DAC43608_top.vhd (N/A, 2026-02-28 01:49:13) <-- (may instantiate this module)
24       work.dac43608_top.rtl may have changed because the following files changed:
                        C:\FPGAwork\PCBNo.10081\FPGA\RTL\SP0557.vhd (N/A, 2026-02-28 01:49:13) <-- (may instantiate this module)
                        C:\FPGAwork\PCBNo.10081\FPGA\RTL\SP0557\DAC43608\DAC43608_top.vhd (N/A, 2026-02-28 01:49:13) <-- (architecture and entity definition)
26       work.dac_ctrl_1ch.rtl may have changed because the following files changed:
                        C:\FPGAwork\PCBNo.10081\FPGA\RTL\SP0557.vhd (N/A, 2026-02-28 01:49:13) <-- (may instantiate this module)
                        C:\FPGAwork\PCBNo.10081\FPGA\RTL\SP0557\DAC43608\DAC43608_top.vhd (N/A, 2026-02-28 01:49:13) <-- (may instantiate this module)
                        C:\FPGAwork\PCBNo.10081\FPGA\RTL\SP0557\DAC43608\DAC_CTRL_1CH.vhd (N/A, 2026-03-01 00:39:52) <-- (architecture and entity definition)
28       work.dcfifo_rx_b1.structure may have changed because the following files changed:
                        C:\FPGAwork\PCBNo.10081\FPGA\RTL\IPcore\IPcore.vhd (N/A, 2026-02-28 01:49:13) <-- (may instantiate this module)
                        C:\FPGAwork\PCBNo.10081\FPGA\RTL\IPcore\dcfifo_rx_b1\dcfifo_rx_b1.vhd (N/A, 2026-02-28 01:49:13) <-- (architecture and entity definition)
                        C:\FPGAwork\PCBNo.10081\FPGA\RTL\SP0557.vhd (N/A, 2026-02-28 01:49:13) <-- (may instantiate this module)
                        C:\FPGAwork\PCBNo.10081\FPGA\RTL\SP0557\slv_com\rx_com.vhd (N/A, 2026-02-28 01:49:13) <-- (may instantiate this module)
                        C:\FPGAwork\PCBNo.10081\FPGA\RTL\SP0557\slv_com\rx_com\rx_cont_b1.vhd (N/A, 2026-02-28 01:49:13) <-- (may instantiate this module)
                        C:\FPGAwork\PCBNo.10081\FPGA\RTL\SP0557\slv_com\slv_com_top.vhd (N/A, 2026-02-28 01:49:13) <-- (may instantiate this module)
30       work.dcfifo_rx_b2.structure may have changed because the following files changed:
                        C:\FPGAwork\PCBNo.10081\FPGA\RTL\IPcore\IPcore.vhd (N/A, 2026-02-28 01:49:13) <-- (may instantiate this module)
                        C:\FPGAwork\PCBNo.10081\FPGA\RTL\IPcore\dcfifo_rx_b2\dcfifo_rx_b2.vhd (N/A, 2026-02-28 01:49:13) <-- (architecture and entity definition)
                        C:\FPGAwork\PCBNo.10081\FPGA\RTL\SP0557.vhd (N/A, 2026-02-28 01:49:13) <-- (may instantiate this module)
                        C:\FPGAwork\PCBNo.10081\FPGA\RTL\SP0557\slv_com\rx_com.vhd (N/A, 2026-02-28 01:49:13) <-- (may instantiate this module)
                        C:\FPGAwork\PCBNo.10081\FPGA\RTL\SP0557\slv_com\rx_com\rx_cont_b2.vhd (N/A, 2026-02-28 01:49:13) <-- (may instantiate this module)
                        C:\FPGAwork\PCBNo.10081\FPGA\RTL\SP0557\slv_com\slv_com_top.vhd (N/A, 2026-02-28 01:49:13) <-- (may instantiate this module)
32       work.dcfifo_tx_b1.structure may have changed because the following files changed:
                        C:\FPGAwork\PCBNo.10081\FPGA\RTL\IPcore\IPcore.vhd (N/A, 2026-02-28 01:49:13) <-- (may instantiate this module)
                        C:\FPGAwork\PCBNo.10081\FPGA\RTL\IPcore\dcfifo_tx_b1\dcfifo_tx_b1.vhd (N/A, 2026-02-28 01:49:13) <-- (architecture and entity definition)
                        C:\FPGAwork\PCBNo.10081\FPGA\RTL\SP0557.vhd (N/A, 2026-02-28 01:49:13) <-- (may instantiate this module)
                        C:\FPGAwork\PCBNo.10081\FPGA\RTL\SP0557\slv_com\slv_com_top.vhd (N/A, 2026-02-28 01:49:13) <-- (may instantiate this module)
                        C:\FPGAwork\PCBNo.10081\FPGA\RTL\SP0557\slv_com\tx_com.vhd (N/A, 2026-02-28 01:49:13) <-- (may instantiate this module)
                        C:\FPGAwork\PCBNo.10081\FPGA\RTL\SP0557\slv_com\tx_com\tx_cont_b1.vhd (N/A, 2026-02-28 01:49:13) <-- (may instantiate this module)
34       work.dcfifo_tx_b2.structure may have changed because the following files changed:
                        C:\FPGAwork\PCBNo.10081\FPGA\RTL\IPcore\IPcore.vhd (N/A, 2026-02-28 01:49:13) <-- (may instantiate this module)
                        C:\FPGAwork\PCBNo.10081\FPGA\RTL\IPcore\dcfifo_tx_b2\dcfifo_tx_b2.vhd (N/A, 2026-02-28 01:49:13) <-- (architecture and entity definition)
                        C:\FPGAwork\PCBNo.10081\FPGA\RTL\SP0557.vhd (N/A, 2026-02-28 01:49:13) <-- (may instantiate this module)
                        C:\FPGAwork\PCBNo.10081\FPGA\RTL\SP0557\slv_com\slv_com_top.vhd (N/A, 2026-02-28 01:49:13) <-- (may instantiate this module)
                        C:\FPGAwork\PCBNo.10081\FPGA\RTL\SP0557\slv_com\tx_com.vhd (N/A, 2026-02-28 01:49:13) <-- (may instantiate this module)
                        C:\FPGAwork\PCBNo.10081\FPGA\RTL\SP0557\slv_com\tx_com\tx_cont_b2.vhd (N/A, 2026-02-28 01:49:13) <-- (may instantiate this module)
36       work.dec4b_3b.rtl may have changed because the following files changed:
                        C:\FPGAwork\PCBNo.10081\FPGA\RTL\SP0557.vhd (N/A, 2026-02-28 01:49:13) <-- (may instantiate this module)
                        C:\FPGAwork\PCBNo.10081\FPGA\RTL\SP0557\slv_com\rx_com.vhd (N/A, 2026-02-28 01:49:13) <-- (may instantiate this module)
                        C:\FPGAwork\PCBNo.10081\FPGA\RTL\SP0557\slv_com\rx_com\dec4b_3b.vhd (N/A, 2026-03-01 00:39:52) <-- (architecture and entity definition)
                        C:\FPGAwork\PCBNo.10081\FPGA\RTL\SP0557\slv_com\rx_com\dec8b10b_new.vhd (N/A, 2026-02-28 01:49:13) <-- (may instantiate this module)
                        C:\FPGAwork\PCBNo.10081\FPGA\RTL\SP0557\slv_com\rx_com\dec8b10b_wrapper.vhd (N/A, 2026-02-28 01:49:13) <-- (may instantiate this module)
                        C:\FPGAwork\PCBNo.10081\FPGA\RTL\SP0557\slv_com\slv_com_top.vhd (N/A, 2026-02-28 01:49:13) <-- (may instantiate this module)
38       work.dec6b_5b.rtl may have changed because the following files changed:
                        C:\FPGAwork\PCBNo.10081\FPGA\RTL\SP0557.vhd (N/A, 2026-02-28 01:49:13) <-- (may instantiate this module)
                        C:\FPGAwork\PCBNo.10081\FPGA\RTL\SP0557\slv_com\rx_com.vhd (N/A, 2026-02-28 01:49:13) <-- (may instantiate this module)
                        C:\FPGAwork\PCBNo.10081\FPGA\RTL\SP0557\slv_com\rx_com\dec6b_5b.vhd (N/A, 2026-03-01 00:39:52) <-- (architecture and entity definition)
                        C:\FPGAwork\PCBNo.10081\FPGA\RTL\SP0557\slv_com\rx_com\dec8b10b_new.vhd (N/A, 2026-02-28 01:49:13) <-- (may instantiate this module)
                        C:\FPGAwork\PCBNo.10081\FPGA\RTL\SP0557\slv_com\rx_com\dec8b10b_wrapper.vhd (N/A, 2026-02-28 01:49:13) <-- (may instantiate this module)
                        C:\FPGAwork\PCBNo.10081\FPGA\RTL\SP0557\slv_com\slv_com_top.vhd (N/A, 2026-02-28 01:49:13) <-- (may instantiate this module)
40       work.dec8b10b_new.rtl may have changed because the following files changed:
                        C:\FPGAwork\PCBNo.10081\FPGA\RTL\SP0557.vhd (N/A, 2026-02-28 01:49:13) <-- (may instantiate this module)
                        C:\FPGAwork\PCBNo.10081\FPGA\RTL\SP0557\slv_com\rx_com.vhd (N/A, 2026-02-28 01:49:13) <-- (may instantiate this module)
                        C:\FPGAwork\PCBNo.10081\FPGA\RTL\SP0557\slv_com\rx_com\dec8b10b_new.vhd (N/A, 2026-02-28 01:49:13) <-- (architecture and entity definition)
                        C:\FPGAwork\PCBNo.10081\FPGA\RTL\SP0557\slv_com\rx_com\dec8b10b_wrapper.vhd (N/A, 2026-02-28 01:49:13) <-- (may instantiate this module)
                        C:\FPGAwork\PCBNo.10081\FPGA\RTL\SP0557\slv_com\slv_com_top.vhd (N/A, 2026-02-28 01:49:13) <-- (may instantiate this module)
43       work.dec8b10b_wrapper.wrapper may have changed because the following files changed:
                        C:\FPGAwork\PCBNo.10081\FPGA\RTL\SP0557.vhd (N/A, 2026-02-28 01:49:13) <-- (may instantiate this module)
                        C:\FPGAwork\PCBNo.10081\FPGA\RTL\SP0557\slv_com\rx_com.vhd (N/A, 2026-02-28 01:49:13) <-- (may instantiate this module)
                        C:\FPGAwork\PCBNo.10081\FPGA\RTL\SP0557\slv_com\rx_com\dec8b10b_wrapper.vhd (N/A, 2026-02-28 01:49:13) <-- (architecture and entity definition)
                        C:\FPGAwork\PCBNo.10081\FPGA\RTL\SP0557\slv_com\slv_com_top.vhd (N/A, 2026-02-28 01:49:13) <-- (may instantiate this module)
44       work.efuse_ctrl.rtl may have changed because the following files changed:
                        C:\FPGAwork\PCBNo.10081\FPGA\RTL\SP0557.vhd (N/A, 2026-02-28 01:49:13) <-- (may instantiate this module)
                        C:\FPGAwork\PCBNo.10081\FPGA\RTL\SP0557\EFUSE_CTRL\EFUSE_CTRL.vhd (N/A, 2026-03-01 00:39:52) <-- (architecture and entity definition)
46       work.enc3b_4b.rtl may have changed because the following files changed:
                        C:\FPGAwork\PCBNo.10081\FPGA\RTL\SP0557.vhd (N/A, 2026-02-28 01:49:13) <-- (may instantiate this module)
                        C:\FPGAwork\PCBNo.10081\FPGA\RTL\SP0557\slv_com\slv_com_top.vhd (N/A, 2026-02-28 01:49:13) <-- (may instantiate this module)
                        C:\FPGAwork\PCBNo.10081\FPGA\RTL\SP0557\slv_com\tx_com.vhd (N/A, 2026-02-28 01:49:13) <-- (may instantiate this module)
                        C:\FPGAwork\PCBNo.10081\FPGA\RTL\SP0557\slv_com\tx_com\enc3b_4b.vhd (N/A, 2026-02-28 01:49:13) <-- (architecture and entity definition)
                        C:\FPGAwork\PCBNo.10081\FPGA\RTL\SP0557\slv_com\tx_com\enc8b10b_new.vhd (N/A, 2026-02-28 01:49:13) <-- (may instantiate this module)
                        C:\FPGAwork\PCBNo.10081\FPGA\RTL\SP0557\slv_com\tx_com\enc8b10b_wrapper.vhd (N/A, 2026-02-28 01:49:13) <-- (may instantiate this module)
                        C:\FPGAwork\PCBNo.10081\FPGA\RTL\SP0557\slv_com\tx_com\enc8b_10b.vhd (N/A, 2026-02-28 01:49:13) <-- (may instantiate this module)
48       work.enc5b_6b.rtl may have changed because the following files changed:
                        C:\FPGAwork\PCBNo.10081\FPGA\RTL\SP0557.vhd (N/A, 2026-02-28 01:49:13) <-- (may instantiate this module)
                        C:\FPGAwork\PCBNo.10081\FPGA\RTL\SP0557\slv_com\slv_com_top.vhd (N/A, 2026-02-28 01:49:13) <-- (may instantiate this module)
                        C:\FPGAwork\PCBNo.10081\FPGA\RTL\SP0557\slv_com\tx_com.vhd (N/A, 2026-02-28 01:49:13) <-- (may instantiate this module)
                        C:\FPGAwork\PCBNo.10081\FPGA\RTL\SP0557\slv_com\tx_com\enc5b_6b.vhd (N/A, 2026-02-28 01:49:13) <-- (architecture and entity definition)
                        C:\FPGAwork\PCBNo.10081\FPGA\RTL\SP0557\slv_com\tx_com\enc8b10b_new.vhd (N/A, 2026-02-28 01:49:13) <-- (may instantiate this module)
                        C:\FPGAwork\PCBNo.10081\FPGA\RTL\SP0557\slv_com\tx_com\enc8b10b_wrapper.vhd (N/A, 2026-02-28 01:49:13) <-- (may instantiate this module)
                        C:\FPGAwork\PCBNo.10081\FPGA\RTL\SP0557\slv_com\tx_com\enc8b_10b.vhd (N/A, 2026-02-28 01:49:13) <-- (may instantiate this module)
50       work.enc8b10b_new.rtl may have changed because the following files changed:
                        C:\FPGAwork\PCBNo.10081\FPGA\RTL\SP0557.vhd (N/A, 2026-02-28 01:49:13) <-- (may instantiate this module)
                        C:\FPGAwork\PCBNo.10081\FPGA\RTL\SP0557\slv_com\slv_com_top.vhd (N/A, 2026-02-28 01:49:13) <-- (may instantiate this module)
                        C:\FPGAwork\PCBNo.10081\FPGA\RTL\SP0557\slv_com\tx_com.vhd (N/A, 2026-02-28 01:49:13) <-- (may instantiate this module)
                        C:\FPGAwork\PCBNo.10081\FPGA\RTL\SP0557\slv_com\tx_com\enc8b10b_new.vhd (N/A, 2026-02-28 01:49:13) <-- (architecture and entity definition)
                        C:\FPGAwork\PCBNo.10081\FPGA\RTL\SP0557\slv_com\tx_com\enc8b10b_wrapper.vhd (N/A, 2026-02-28 01:49:13) <-- (may instantiate this module)
53       work.enc8b10b_wrapper.wrapper may have changed because the following files changed:
                        C:\FPGAwork\PCBNo.10081\FPGA\RTL\SP0557.vhd (N/A, 2026-02-28 01:49:13) <-- (may instantiate this module)
                        C:\FPGAwork\PCBNo.10081\FPGA\RTL\SP0557\slv_com\slv_com_top.vhd (N/A, 2026-02-28 01:49:13) <-- (may instantiate this module)
                        C:\FPGAwork\PCBNo.10081\FPGA\RTL\SP0557\slv_com\tx_com.vhd (N/A, 2026-02-28 01:49:13) <-- (may instantiate this module)
                        C:\FPGAwork\PCBNo.10081\FPGA\RTL\SP0557\slv_com\tx_com\enc8b10b_wrapper.vhd (N/A, 2026-02-28 01:49:13) <-- (architecture and entity definition)
54       work.enc8b_10b.rtl may have changed because the following files changed:
                        C:\FPGAwork\PCBNo.10081\FPGA\RTL\SP0557.vhd (N/A, 2026-02-28 01:49:13) <-- (may instantiate this module)
                        C:\FPGAwork\PCBNo.10081\FPGA\RTL\SP0557\slv_com\slv_com_top.vhd (N/A, 2026-02-28 01:49:13) <-- (may instantiate this module)
                        C:\FPGAwork\PCBNo.10081\FPGA\RTL\SP0557\slv_com\tx_com.vhd (N/A, 2026-02-28 01:49:13) <-- (may instantiate this module)
                        C:\FPGAwork\PCBNo.10081\FPGA\RTL\SP0557\slv_com\tx_com\enc8b10b_new.vhd (N/A, 2026-02-28 01:49:13) <-- (may instantiate this module)
                        C:\FPGAwork\PCBNo.10081\FPGA\RTL\SP0557\slv_com\tx_com\enc8b10b_wrapper.vhd (N/A, 2026-02-28 01:49:13) <-- (may instantiate this module)
                        C:\FPGAwork\PCBNo.10081\FPGA\RTL\SP0557\slv_com\tx_com\enc8b_10b.vhd (N/A, 2026-02-28 01:49:13) <-- (architecture and entity definition)
56       work.enc_func_top.rtl may have changed because the following files changed:
                        C:\FPGAwork\PCBNo.10081\FPGA\RTL\SP0557.vhd (N/A, 2026-02-28 01:49:13) <-- (may instantiate this module)
                        C:\FPGAwork\PCBNo.10081\FPGA\RTL\SP0557\encoder\enc_func_top.vhd (N/A, 2026-02-28 01:49:13) <-- (architecture and entity definition)
58       work.enc_lmt.rtl may have changed because the following files changed:
                        C:\FPGAwork\PCBNo.10081\FPGA\RTL\SP0557.vhd (N/A, 2026-02-28 01:49:13) <-- (may instantiate this module)
                        C:\FPGAwork\PCBNo.10081\FPGA\RTL\SP0557\encoder\enc_func_top.vhd (N/A, 2026-02-28 01:49:13) <-- (may instantiate this module)
                        C:\FPGAwork\PCBNo.10081\FPGA\RTL\SP0557\encoder\enc_lmt.vhd (N/A, 2026-02-28 18:06:13) <-- (architecture and entity definition)
                        C:\FPGAwork\PCBNo.10081\FPGA\RTL\SP0557\encoder\enc_top.vhd (N/A, 2026-02-28 01:49:13) <-- (may instantiate this module)
60       work.enc_top.rtl may have changed because the following files changed:
                        C:\FPGAwork\PCBNo.10081\FPGA\RTL\SP0557.vhd (N/A, 2026-02-28 01:49:13) <-- (may instantiate this module)
                        C:\FPGAwork\PCBNo.10081\FPGA\RTL\SP0557\encoder\enc_func_top.vhd (N/A, 2026-02-28 01:49:13) <-- (may instantiate this module)
                        C:\FPGAwork\PCBNo.10081\FPGA\RTL\SP0557\encoder\enc_top.vhd (N/A, 2026-02-28 01:49:13) <-- (architecture and entity definition)
62       work.encoder_2bit.rtl may have changed because the following files changed:
                        C:\FPGAwork\PCBNo.10081\FPGA\RTL\SP0557.vhd (N/A, 2026-02-28 01:49:13) <-- (may instantiate this module)
                        C:\FPGAwork\PCBNo.10081\FPGA\RTL\SP0557\encoder\enc_func_top.vhd (N/A, 2026-02-28 01:49:13) <-- (may instantiate this module)
                        C:\FPGAwork\PCBNo.10081\FPGA\RTL\SP0557\encoder\enc_top.vhd (N/A, 2026-02-28 01:49:13) <-- (may instantiate this module)
                        C:\FPGAwork\PCBNo.10081\FPGA\RTL\SP0557\encoder\encoder_2bit.vhd (N/A, 2026-03-01 00:39:52) <-- (architecture and entity definition)
64       work.fc_dec.rtl may have changed because the following files changed:
                        C:\FPGAwork\PCBNo.10081\FPGA\RTL\SP0557.vhd (N/A, 2026-02-28 01:49:13) <-- (may instantiate this module)
                        C:\FPGAwork\PCBNo.10081\FPGA\RTL\SP0557\compactppmc\ppmc_top_S118M.vhd (N/A, 2026-02-28 01:49:13) <-- (may instantiate this module)
                        C:\FPGAwork\PCBNo.10081\FPGA\RTL\SP0557\gpio\gpio_top.vhd (N/A, 2026-02-28 01:49:13) <-- (may instantiate this module)
                        C:\FPGAwork\PCBNo.10081\FPGA\RTL\SP0557\slaveid_top\slaveid_top.vhd (N/A, 2026-02-28 01:49:13) <-- (may instantiate this module)
                        C:\FPGAwork\PCBNo.10081\FPGA\RTL\com\fc_dec.vhd (N/A, 2026-02-28 01:49:13) <-- (architecture and entity definition)
66       work.fc_sel.rtl may have changed because the following files changed:
                        C:\FPGAwork\PCBNo.10081\FPGA\RTL\SP0557.vhd (N/A, 2026-02-28 01:49:13) <-- (may instantiate this module)
                        C:\FPGAwork\PCBNo.10081\FPGA\RTL\SP0557\compactppmc\ppmc_top_S118M.vhd (N/A, 2026-02-28 01:49:13) <-- (may instantiate this module)
                        C:\FPGAwork\PCBNo.10081\FPGA\RTL\SP0557\gpio\gpio_top.vhd (N/A, 2026-02-28 01:49:13) <-- (may instantiate this module)
                        C:\FPGAwork\PCBNo.10081\FPGA\RTL\SP0557\slaveid_top\slaveid_top.vhd (N/A, 2026-02-28 01:49:13) <-- (may instantiate this module)
                        C:\FPGAwork\PCBNo.10081\FPGA\RTL\com\fc_sel.vhd (N/A, 2026-02-28 01:49:13) <-- (architecture and entity definition)
68       work.gpio_id.rtl may have changed because the following files changed:
                        C:\FPGAwork\PCBNo.10081\FPGA\RTL\SP0557.vhd (N/A, 2026-02-28 01:49:13) <-- (may instantiate this module)
                        C:\FPGAwork\PCBNo.10081\FPGA\RTL\SP0557\gpio\gpio_id.vhd (N/A, 2026-02-28 01:49:13) <-- (architecture and entity definition)
                        C:\FPGAwork\PCBNo.10081\FPGA\RTL\SP0557\gpio\gpio_top.vhd (N/A, 2026-02-28 01:49:13) <-- (may instantiate this module)
70       work.gpio_ip_reg.rtl may have changed because the following files changed:
                        C:\FPGAwork\PCBNo.10081\FPGA\RTL\SP0557.vhd (N/A, 2026-02-28 01:49:13) <-- (may instantiate this module)
                        C:\FPGAwork\PCBNo.10081\FPGA\RTL\SP0557\gpio\gpio_ip_reg.vhd (N/A, 2026-02-28 01:49:13) <-- (architecture and entity definition)
                        C:\FPGAwork\PCBNo.10081\FPGA\RTL\SP0557\gpio\gpio_reg.vhd (N/A, 2026-02-28 01:49:13) <-- (may instantiate this module)
                        C:\FPGAwork\PCBNo.10081\FPGA\RTL\SP0557\gpio\gpio_top.vhd (N/A, 2026-02-28 01:49:13) <-- (may instantiate this module)
72       work.gpio_op_reg.rtl may have changed because the following files changed:
                        C:\FPGAwork\PCBNo.10081\FPGA\RTL\SP0557.vhd (N/A, 2026-02-28 01:49:13) <-- (may instantiate this module)
                        C:\FPGAwork\PCBNo.10081\FPGA\RTL\SP0557\gpio\gpio_op_reg.vhd (N/A, 2026-02-28 01:49:13) <-- (architecture and entity definition)
                        C:\FPGAwork\PCBNo.10081\FPGA\RTL\SP0557\gpio\gpio_reg.vhd (N/A, 2026-02-28 01:49:13) <-- (may instantiate this module)
                        C:\FPGAwork\PCBNo.10081\FPGA\RTL\SP0557\gpio\gpio_top.vhd (N/A, 2026-02-28 01:49:13) <-- (may instantiate this module)
74       work.gpio_reg.rtl may have changed because the following files changed:
                        C:\FPGAwork\PCBNo.10081\FPGA\RTL\SP0557.vhd (N/A, 2026-02-28 01:49:13) <-- (may instantiate this module)
                        C:\FPGAwork\PCBNo.10081\FPGA\RTL\SP0557\gpio\gpio_reg.vhd (N/A, 2026-02-28 01:49:13) <-- (architecture and entity definition)
                        C:\FPGAwork\PCBNo.10081\FPGA\RTL\SP0557\gpio\gpio_top.vhd (N/A, 2026-02-28 01:49:13) <-- (may instantiate this module)
76       work.gpio_top.rtl may have changed because the following files changed:
                        C:\FPGAwork\PCBNo.10081\FPGA\RTL\SP0557.vhd (N/A, 2026-02-28 01:49:13) <-- (may instantiate this module)
                        C:\FPGAwork\PCBNo.10081\FPGA\RTL\SP0557\gpio\gpio_top.vhd (N/A, 2026-02-28 01:49:13) <-- (architecture and entity definition)
78       work.i2c_master_bit_ctrl.arch may have changed because the following files changed:
                        C:\FPGAwork\PCBNo.10081\FPGA\RTL\SP0557.vhd (N/A, 2026-02-28 01:49:13) <-- (may instantiate this module)
                        C:\FPGAwork\PCBNo.10081\FPGA\RTL\SP0557\DAC43608\DAC43608_top.vhd (N/A, 2026-02-28 01:49:13) <-- (may instantiate this module)
                        C:\FPGAwork\PCBNo.10081\FPGA\RTL\SP0557\DAC43608\i2c_master_bit_ctrl.vhd (N/A, 2026-02-28 01:49:13) <-- (architecture and entity definition)
                        C:\FPGAwork\PCBNo.10081\FPGA\RTL\SP0557\DAC43608\i2c_master_wb_top.vhd (N/A, 2026-02-28 01:49:13) <-- (may instantiate this module)
80       work.i2c_master_byte_ctrl.arch may have changed because the following files changed:
                        C:\FPGAwork\PCBNo.10081\FPGA\RTL\SP0557.vhd (N/A, 2026-02-28 01:49:13) <-- (may instantiate this module)
                        C:\FPGAwork\PCBNo.10081\FPGA\RTL\SP0557\DAC43608\DAC43608_top.vhd (N/A, 2026-02-28 01:49:13) <-- (may instantiate this module)
                        C:\FPGAwork\PCBNo.10081\FPGA\RTL\SP0557\DAC43608\i2c_master_byte_ctrl.vhd (N/A, 2026-02-28 01:49:13) <-- (architecture and entity definition)
                        C:\FPGAwork\PCBNo.10081\FPGA\RTL\SP0557\DAC43608\i2c_master_wb_top.vhd (N/A, 2026-02-28 01:49:13) <-- (may instantiate this module)
82       work.i2c_master_registers.arch may have changed because the following files changed:
                        C:\FPGAwork\PCBNo.10081\FPGA\RTL\SP0557.vhd (N/A, 2026-02-28 01:49:13) <-- (may instantiate this module)
                        C:\FPGAwork\PCBNo.10081\FPGA\RTL\SP0557\DAC43608\DAC43608_top.vhd (N/A, 2026-02-28 01:49:13) <-- (may instantiate this module)
                        C:\FPGAwork\PCBNo.10081\FPGA\RTL\SP0557\DAC43608\i2c_master_registers.vhd (N/A, 2026-02-28 01:49:13) <-- (architecture and entity definition)
                        C:\FPGAwork\PCBNo.10081\FPGA\RTL\SP0557\DAC43608\i2c_master_wb_top.vhd (N/A, 2026-02-28 01:49:13) <-- (may instantiate this module)
84       work.i2c_master_wb_top.arch may have changed because the following files changed:
                        C:\FPGAwork\PCBNo.10081\FPGA\RTL\SP0557.vhd (N/A, 2026-02-28 01:49:13) <-- (may instantiate this module)
                        C:\FPGAwork\PCBNo.10081\FPGA\RTL\SP0557\DAC43608\DAC43608_top.vhd (N/A, 2026-02-28 01:49:13) <-- (may instantiate this module)
                        C:\FPGAwork\PCBNo.10081\FPGA\RTL\SP0557\DAC43608\i2c_master_wb_top.vhd (N/A, 2026-02-28 01:49:13) <-- (architecture and entity definition)
86       work.ipcore.ipcore may have changed because the following files changed:
                        C:\FPGAwork\PCBNo.10081\FPGA\RTL\IPcore\IPcore.vhd (N/A, 2026-02-28 01:49:13) <-- (architecture and entity definition)
88       work.ledlt_top.rtl may have changed because the following files changed:
                        C:\FPGAwork\PCBNo.10081\FPGA\RTL\SP0557.vhd (N/A, 2026-02-28 01:49:13) <-- (may instantiate this module)
                        C:\FPGAwork\PCBNo.10081\FPGA\RTL\SP0557\LEDLT\LEDLT_TOP.vhd (N/A, 2026-03-01 00:39:52) <-- (architecture and entity definition)
90       work.nd_sel.rtl may have changed because the following files changed:
                        C:\FPGAwork\PCBNo.10081\FPGA\RTL\SP0557.vhd (N/A, 2026-02-28 01:49:13) <-- (may instantiate this module)
                        C:\FPGAwork\PCBNo.10081\FPGA\RTL\SP0557\slv_com\slv_com_top.vhd (N/A, 2026-02-28 01:49:13) <-- (may instantiate this module)
                        C:\FPGAwork\PCBNo.10081\FPGA\RTL\SP0557\slv_com\slv_ctrl\nd_sel.vhd (N/A, 2026-02-28 01:49:13) <-- (architecture and entity definition)
                        C:\FPGAwork\PCBNo.10081\FPGA\RTL\SP0557\slv_com\slv_ctrl_top.vhd (N/A, 2026-03-01 00:39:53) <-- (may instantiate this module)
92       work.node_sel.rtl may have changed because the following files changed:
                        C:\FPGAwork\PCBNo.10081\FPGA\RTL\SP0557.vhd (N/A, 2026-02-28 01:49:13) <-- (may instantiate this module)
                        C:\FPGAwork\PCBNo.10081\FPGA\RTL\SP0557\slv_com\slv_com_top.vhd (N/A, 2026-02-28 01:49:13) <-- (may instantiate this module)
                        C:\FPGAwork\PCBNo.10081\FPGA\RTL\SP0557\slv_com\slv_ctrl\node_sel.vhd (N/A, 2026-02-28 01:49:13) <-- (architecture and entity definition)
                        C:\FPGAwork\PCBNo.10081\FPGA\RTL\SP0557\slv_com\slv_ctrl_top.vhd (N/A, 2026-03-01 00:39:53) <-- (may instantiate this module)
94       work.pll_gen.structure may have changed because the following files changed:
                        C:\FPGAwork\PCBNo.10081\FPGA\RTL\IPcore\IPcore.vhd (N/A, 2026-02-28 01:49:13) <-- (may instantiate this module)
                        C:\FPGAwork\PCBNo.10081\FPGA\RTL\IPcore\pll_gen\pll_gen.vhd (N/A, 2026-02-28 01:49:13) <-- (architecture and entity definition)
                        C:\FPGAwork\PCBNo.10081\FPGA\RTL\SP0557.vhd (N/A, 2026-02-28 01:49:13) <-- (may instantiate this module)
                        C:\FPGAwork\PCBNo.10081\FPGA\RTL\SP0557\slv_com\CLK_gen_S124M.vhd (N/A, 2026-02-28 01:49:13) <-- (may instantiate this module)
                        C:\FPGAwork\PCBNo.10081\FPGA\RTL\SP0557\slv_com\slv_com_top.vhd (N/A, 2026-02-28 01:49:13) <-- (may instantiate this module)
96       work.pls_sens.rtl may have changed because the following files changed:
                        C:\FPGAwork\PCBNo.10081\FPGA\RTL\SP0557.vhd (N/A, 2026-02-28 01:49:13) <-- (may instantiate this module)
                        C:\FPGAwork\PCBNo.10081\FPGA\RTL\SP0557\pls_sens\pls_sens.vhd (N/A, 2026-02-28 01:49:13) <-- (architecture and entity definition)
98       work.ppmc_acc_tim_gen.rtl may have changed because the following files changed:
                        C:\FPGAwork\PCBNo.10081\FPGA\RTL\SP0557.vhd (N/A, 2026-02-28 01:49:13) <-- (may instantiate this module)
                        C:\FPGAwork\PCBNo.10081\FPGA\RTL\SP0557\compactppmc\ppmc_acc_tim_gen.vhd (N/A, 2026-02-28 01:49:13) <-- (architecture and entity definition)
                        C:\FPGAwork\PCBNo.10081\FPGA\RTL\SP0557\compactppmc\ppmc_plsgen.vhd (N/A, 2026-02-28 01:49:13) <-- (may instantiate this module)
                        C:\FPGAwork\PCBNo.10081\FPGA\RTL\SP0557\compactppmc\ppmc_reg_S118M.vhd (N/A, 2026-02-28 01:49:13) <-- (may instantiate this module)
                        C:\FPGAwork\PCBNo.10081\FPGA\RTL\SP0557\compactppmc\ppmc_top_S118M.vhd (N/A, 2026-02-28 01:49:13) <-- (may instantiate this module)
100      work.ppmc_cmdchk.rtl may have changed because the following files changed:
                        C:\FPGAwork\PCBNo.10081\FPGA\RTL\SP0557.vhd (N/A, 2026-02-28 01:49:13) <-- (may instantiate this module)
                        C:\FPGAwork\PCBNo.10081\FPGA\RTL\SP0557\compactppmc\ppmc_cmdchk.vhd (N/A, 2026-02-28 01:49:13) <-- (architecture and entity definition)
                        C:\FPGAwork\PCBNo.10081\FPGA\RTL\SP0557\compactppmc\ppmc_reg_S118M.vhd (N/A, 2026-02-28 01:49:13) <-- (may instantiate this module)
                        C:\FPGAwork\PCBNo.10081\FPGA\RTL\SP0557\compactppmc\ppmc_top_S118M.vhd (N/A, 2026-02-28 01:49:13) <-- (may instantiate this module)
102      work.ppmc_ctrl.rtl may have changed because the following files changed:
                        C:\FPGAwork\PCBNo.10081\FPGA\RTL\SP0557.vhd (N/A, 2026-02-28 01:49:13) <-- (may instantiate this module)
                        C:\FPGAwork\PCBNo.10081\FPGA\RTL\SP0557\compactppmc\ppmc_ctrl.vhd (N/A, 2026-03-01 00:39:52) <-- (architecture and entity definition)
                        C:\FPGAwork\PCBNo.10081\FPGA\RTL\SP0557\compactppmc\ppmc_reg_S118M.vhd (N/A, 2026-02-28 01:49:13) <-- (may instantiate this module)
                        C:\FPGAwork\PCBNo.10081\FPGA\RTL\SP0557\compactppmc\ppmc_top_S118M.vhd (N/A, 2026-02-28 01:49:13) <-- (may instantiate this module)
104      work.ppmc_dec.rtl may have changed because the following files changed:
                        C:\FPGAwork\PCBNo.10081\FPGA\RTL\SP0557.vhd (N/A, 2026-02-28 01:49:13) <-- (may instantiate this module)
                        C:\FPGAwork\PCBNo.10081\FPGA\RTL\SP0557\compactppmc\ppmc_dec.vhd (N/A, 2026-02-28 01:49:13) <-- (architecture and entity definition)
                        C:\FPGAwork\PCBNo.10081\FPGA\RTL\SP0557\compactppmc\ppmc_reg_S118M.vhd (N/A, 2026-02-28 01:49:13) <-- (may instantiate this module)
                        C:\FPGAwork\PCBNo.10081\FPGA\RTL\SP0557\compactppmc\ppmc_top_S118M.vhd (N/A, 2026-02-28 01:49:13) <-- (may instantiate this module)
106      work.ppmc_enblr_s118m.rtl may have changed because the following files changed:
                        C:\FPGAwork\PCBNo.10081\FPGA\RTL\SP0557.vhd (N/A, 2026-02-28 01:49:13) <-- (may instantiate this module)
                        C:\FPGAwork\PCBNo.10081\FPGA\RTL\SP0557\compactppmc\ppmc_enblr_S118M.vhd (N/A, 2026-02-28 01:49:13) <-- (architecture and entity definition)
                        C:\FPGAwork\PCBNo.10081\FPGA\RTL\SP0557\compactppmc\ppmc_reg_S118M.vhd (N/A, 2026-02-28 01:49:13) <-- (may instantiate this module)
                        C:\FPGAwork\PCBNo.10081\FPGA\RTL\SP0557\compactppmc\ppmc_top_S118M.vhd (N/A, 2026-02-28 01:49:13) <-- (may instantiate this module)
108      work.ppmc_id.rtl may have changed because the following files changed:
                        C:\FPGAwork\PCBNo.10081\FPGA\RTL\SP0557.vhd (N/A, 2026-02-28 01:49:13) <-- (may instantiate this module)
                        C:\FPGAwork\PCBNo.10081\FPGA\RTL\SP0557\compactppmc\ppmc_id.vhd (N/A, 2026-02-28 01:49:13) <-- (architecture and entity definition)
                        C:\FPGAwork\PCBNo.10081\FPGA\RTL\SP0557\compactppmc\ppmc_top_S118M.vhd (N/A, 2026-02-28 01:49:13) <-- (may instantiate this module)
110      work.ppmc_phgen.rtl may have changed because the following files changed:
                        C:\FPGAwork\PCBNo.10081\FPGA\RTL\SP0557\compactppmc\ppmc_phgen.vhd (N/A, 2026-02-28 01:49:13) <-- (architecture and entity definition)
112      work.ppmc_pls_cnt.rtl may have changed because the following files changed:
                        C:\FPGAwork\PCBNo.10081\FPGA\RTL\SP0557.vhd (N/A, 2026-02-28 01:49:13) <-- (may instantiate this module)
                        C:\FPGAwork\PCBNo.10081\FPGA\RTL\SP0557\compactppmc\ppmc_pls_cnt.vhd (N/A, 2026-02-28 01:49:13) <-- (architecture and entity definition)
                        C:\FPGAwork\PCBNo.10081\FPGA\RTL\SP0557\compactppmc\ppmc_plsgen.vhd (N/A, 2026-02-28 01:49:13) <-- (may instantiate this module)
                        C:\FPGAwork\PCBNo.10081\FPGA\RTL\SP0557\compactppmc\ppmc_reg_S118M.vhd (N/A, 2026-02-28 01:49:13) <-- (may instantiate this module)
                        C:\FPGAwork\PCBNo.10081\FPGA\RTL\SP0557\compactppmc\ppmc_top_S118M.vhd (N/A, 2026-02-28 01:49:13) <-- (may instantiate this module)
114      work.ppmc_plsgen.rtl may have changed because the following files changed:
                        C:\FPGAwork\PCBNo.10081\FPGA\RTL\SP0557.vhd (N/A, 2026-02-28 01:49:13) <-- (may instantiate this module)
                        C:\FPGAwork\PCBNo.10081\FPGA\RTL\SP0557\compactppmc\ppmc_plsgen.vhd (N/A, 2026-02-28 01:49:13) <-- (architecture and entity definition)
                        C:\FPGAwork\PCBNo.10081\FPGA\RTL\SP0557\compactppmc\ppmc_reg_S118M.vhd (N/A, 2026-02-28 01:49:13) <-- (may instantiate this module)
                        C:\FPGAwork\PCBNo.10081\FPGA\RTL\SP0557\compactppmc\ppmc_top_S118M.vhd (N/A, 2026-02-28 01:49:13) <-- (may instantiate this module)
116      work.ppmc_reg_s118m.rtl may have changed because the following files changed:
                        C:\FPGAwork\PCBNo.10081\FPGA\RTL\SP0557.vhd (N/A, 2026-02-28 01:49:13) <-- (may instantiate this module)
                        C:\FPGAwork\PCBNo.10081\FPGA\RTL\SP0557\compactppmc\ppmc_reg_S118M.vhd (N/A, 2026-02-28 01:49:13) <-- (architecture and entity definition)
                        C:\FPGAwork\PCBNo.10081\FPGA\RTL\SP0557\compactppmc\ppmc_top_S118M.vhd (N/A, 2026-02-28 01:49:13) <-- (may instantiate this module)
118      work.ppmc_rgstr.rtl may have changed because the following files changed:
                        C:\FPGAwork\PCBNo.10081\FPGA\RTL\SP0557.vhd (N/A, 2026-02-28 01:49:13) <-- (may instantiate this module)
                        C:\FPGAwork\PCBNo.10081\FPGA\RTL\SP0557\compactppmc\ppmc_reg_S118M.vhd (N/A, 2026-02-28 01:49:13) <-- (may instantiate this module)
                        C:\FPGAwork\PCBNo.10081\FPGA\RTL\SP0557\compactppmc\ppmc_rgstr.vhd (N/A, 2026-03-01 00:39:52) <-- (architecture and entity definition)
                        C:\FPGAwork\PCBNo.10081\FPGA\RTL\SP0557\compactppmc\ppmc_top_S118M.vhd (N/A, 2026-02-28 01:49:13) <-- (may instantiate this module)
120      work.ppmc_speed_cnt.rtl may have changed because the following files changed:
                        C:\FPGAwork\PCBNo.10081\FPGA\RTL\SP0557.vhd (N/A, 2026-02-28 01:49:13) <-- (may instantiate this module)
                        C:\FPGAwork\PCBNo.10081\FPGA\RTL\SP0557\compactppmc\ppmc_plsgen.vhd (N/A, 2026-02-28 01:49:13) <-- (may instantiate this module)
                        C:\FPGAwork\PCBNo.10081\FPGA\RTL\SP0557\compactppmc\ppmc_reg_S118M.vhd (N/A, 2026-02-28 01:49:13) <-- (may instantiate this module)
                        C:\FPGAwork\PCBNo.10081\FPGA\RTL\SP0557\compactppmc\ppmc_speed_cnt.vhd (N/A, 2026-02-28 01:49:13) <-- (architecture and entity definition)
                        C:\FPGAwork\PCBNo.10081\FPGA\RTL\SP0557\compactppmc\ppmc_top_S118M.vhd (N/A, 2026-02-28 01:49:13) <-- (may instantiate this module)
122      work.ppmc_timer_cnt.rtl may have changed because the following files changed:
                        C:\FPGAwork\PCBNo.10081\FPGA\RTL\SP0557.vhd (N/A, 2026-02-28 01:49:13) <-- (may instantiate this module)
                        C:\FPGAwork\PCBNo.10081\FPGA\RTL\SP0557\compactppmc\ppmc_plsgen.vhd (N/A, 2026-02-28 01:49:13) <-- (may instantiate this module)
                        C:\FPGAwork\PCBNo.10081\FPGA\RTL\SP0557\compactppmc\ppmc_reg_S118M.vhd (N/A, 2026-02-28 01:49:13) <-- (may instantiate this module)
                        C:\FPGAwork\PCBNo.10081\FPGA\RTL\SP0557\compactppmc\ppmc_timer_cnt.vhd (N/A, 2026-02-28 01:49:13) <-- (architecture and entity definition)
                        C:\FPGAwork\PCBNo.10081\FPGA\RTL\SP0557\compactppmc\ppmc_top_S118M.vhd (N/A, 2026-02-28 01:49:13) <-- (may instantiate this module)
124      work.ppmc_top_s118m.rtl may have changed because the following files changed:
                        C:\FPGAwork\PCBNo.10081\FPGA\RTL\SP0557.vhd (N/A, 2026-02-28 01:49:13) <-- (may instantiate this module)
                        C:\FPGAwork\PCBNo.10081\FPGA\RTL\SP0557\compactppmc\ppmc_top_S118M.vhd (N/A, 2026-02-28 01:49:13) <-- (architecture and entity definition)
126      work.ppmc_u_step_ext.rtl may have changed because the following files changed:
                        C:\FPGAwork\PCBNo.10081\FPGA\RTL\SP0557.vhd (N/A, 2026-02-28 01:49:13) <-- (may instantiate this module)
                        C:\FPGAwork\PCBNo.10081\FPGA\RTL\SP0557\compactppmc\ppmc_reg_S118M.vhd (N/A, 2026-02-28 01:49:13) <-- (may instantiate this module)
                        C:\FPGAwork\PCBNo.10081\FPGA\RTL\SP0557\compactppmc\ppmc_top_S118M.vhd (N/A, 2026-02-28 01:49:13) <-- (may instantiate this module)
                        C:\FPGAwork\PCBNo.10081\FPGA\RTL\SP0557\compactppmc\ppmc_u_step_ext.vhd (N/A, 2026-03-01 00:39:52) <-- (architecture and entity definition)
128      work.rst_cnt.rtl may have changed because the following files changed:
                        C:\FPGAwork\PCBNo.10081\FPGA\RTL\SP0557.vhd (N/A, 2026-02-28 01:49:13) <-- (may instantiate this module)
                        C:\FPGAwork\PCBNo.10081\FPGA\RTL\SP0557\slv_com\rst_cnt.vhd (N/A, 2026-02-28 01:49:13) <-- (architecture and entity definition)
                        C:\FPGAwork\PCBNo.10081\FPGA\RTL\SP0557\slv_com\slv_com_top.vhd (N/A, 2026-02-28 01:49:13) <-- (may instantiate this module)
130      work.rx_com.rtl may have changed because the following files changed:
                        C:\FPGAwork\PCBNo.10081\FPGA\RTL\SP0557.vhd (N/A, 2026-02-28 01:49:13) <-- (may instantiate this module)
                        C:\FPGAwork\PCBNo.10081\FPGA\RTL\SP0557\slv_com\rx_com.vhd (N/A, 2026-02-28 01:49:13) <-- (architecture and entity definition)
                        C:\FPGAwork\PCBNo.10081\FPGA\RTL\SP0557\slv_com\slv_com_top.vhd (N/A, 2026-02-28 01:49:13) <-- (may instantiate this module)
132      work.rx_cont_b1.rtl may have changed because the following files changed:
                        C:\FPGAwork\PCBNo.10081\FPGA\RTL\SP0557.vhd (N/A, 2026-02-28 01:49:13) <-- (may instantiate this module)
                        C:\FPGAwork\PCBNo.10081\FPGA\RTL\SP0557\slv_com\rx_com.vhd (N/A, 2026-02-28 01:49:13) <-- (may instantiate this module)
                        C:\FPGAwork\PCBNo.10081\FPGA\RTL\SP0557\slv_com\rx_com\rx_cont_b1.vhd (N/A, 2026-02-28 01:49:13) <-- (architecture and entity definition)
                        C:\FPGAwork\PCBNo.10081\FPGA\RTL\SP0557\slv_com\slv_com_top.vhd (N/A, 2026-02-28 01:49:13) <-- (may instantiate this module)
134      work.rx_cont_b2.rtl may have changed because the following files changed:
                        C:\FPGAwork\PCBNo.10081\FPGA\RTL\SP0557.vhd (N/A, 2026-02-28 01:49:13) <-- (may instantiate this module)
                        C:\FPGAwork\PCBNo.10081\FPGA\RTL\SP0557\slv_com\rx_com.vhd (N/A, 2026-02-28 01:49:13) <-- (may instantiate this module)
                        C:\FPGAwork\PCBNo.10081\FPGA\RTL\SP0557\slv_com\rx_com\rx_cont_b2.vhd (N/A, 2026-02-28 01:49:13) <-- (architecture and entity definition)
                        C:\FPGAwork\PCBNo.10081\FPGA\RTL\SP0557\slv_com\slv_com_top.vhd (N/A, 2026-02-28 01:49:13) <-- (may instantiate this module)
136      work.rx_ctl_1st.rtl may have changed because the following files changed:
                        C:\FPGAwork\PCBNo.10081\FPGA\RTL\SP0557.vhd (N/A, 2026-02-28 01:49:13) <-- (may instantiate this module)
                        C:\FPGAwork\PCBNo.10081\FPGA\RTL\SP0557\slv_com\rx_com.vhd (N/A, 2026-02-28 01:49:13) <-- (may instantiate this module)
                        C:\FPGAwork\PCBNo.10081\FPGA\RTL\SP0557\slv_com\rx_com\rx_cont_b1.vhd (N/A, 2026-02-28 01:49:13) <-- (may instantiate this module)
                        C:\FPGAwork\PCBNo.10081\FPGA\RTL\SP0557\slv_com\rx_com\rx_ctl_1st.vhd (N/A, 2026-02-28 01:49:13) <-- (architecture and entity definition)
                        C:\FPGAwork\PCBNo.10081\FPGA\RTL\SP0557\slv_com\slv_com_top.vhd (N/A, 2026-02-28 01:49:13) <-- (may instantiate this module)
138      work.rx_ctl_3rd.rtl may have changed because the following files changed:
                        C:\FPGAwork\PCBNo.10081\FPGA\RTL\SP0557.vhd (N/A, 2026-02-28 01:49:13) <-- (may instantiate this module)
                        C:\FPGAwork\PCBNo.10081\FPGA\RTL\SP0557\slv_com\rx_com.vhd (N/A, 2026-02-28 01:49:13) <-- (may instantiate this module)
                        C:\FPGAwork\PCBNo.10081\FPGA\RTL\SP0557\slv_com\rx_com\rx_cont_b2.vhd (N/A, 2026-02-28 01:49:13) <-- (may instantiate this module)
                        C:\FPGAwork\PCBNo.10081\FPGA\RTL\SP0557\slv_com\rx_com\rx_ctl_3rd.vhd (N/A, 2026-02-28 01:49:13) <-- (architecture and entity definition)
                        C:\FPGAwork\PCBNo.10081\FPGA\RTL\SP0557\slv_com\slv_com_top.vhd (N/A, 2026-02-28 01:49:13) <-- (may instantiate this module)
140      work.shiftreg12bit.rtl may have changed because the following files changed:
                        C:\FPGAwork\PCBNo.10081\FPGA\RTL\SP0557.vhd (N/A, 2026-02-28 01:49:13) <-- (may instantiate this module)
                        C:\FPGAwork\PCBNo.10081\FPGA\RTL\SP0557\ad_ctrl\ad_ctrl.vhd (N/A, 2026-02-28 01:49:13) <-- (may instantiate this module)
                        C:\FPGAwork\PCBNo.10081\FPGA\RTL\SP0557\ad_ctrl\shiftreg12bit.vhd (N/A, 2026-02-28 01:49:13) <-- (architecture and entity definition)
142      work.sio_ctrl2.rtl may have changed because the following files changed:
                        C:\FPGAwork\PCBNo.10081\FPGA\RTL\SP0557.vhd (N/A, 2026-02-28 01:49:13) <-- (may instantiate this module)
                        C:\FPGAwork\PCBNo.10081\FPGA\RTL\SP0557\sp_conv\SIO_ctrl2.vhd (N/A, 2026-02-28 01:49:13) <-- (architecture and entity definition)
                        C:\FPGAwork\PCBNo.10081\FPGA\RTL\SP0557\sp_conv\sp_conv.vhd (N/A, 2026-02-28 01:49:13) <-- (may instantiate this module)
144      work.slaveid_id.rtl may have changed because the following files changed:
                        C:\FPGAwork\PCBNo.10081\FPGA\RTL\SP0557\slaveid_top\slaveid_id.vhd (N/A, 2026-02-28 01:49:13) <-- (architecture and entity definition)
                        C:\FPGAwork\PCBNo.10081\FPGA\RTL\SP0557\slaveid_top\slaveid_top.vhd (N/A, 2026-02-28 01:49:13) <-- (may instantiate this module)
146      work.slaveid_top.rtl may have changed because the following files changed:
                        C:\FPGAwork\PCBNo.10081\FPGA\RTL\SP0557\slaveid_top\slaveid_top.vhd (N/A, 2026-02-28 01:49:13) <-- (architecture and entity definition)
148      work.slv_clk_gen.rtl may have changed because the following files changed:
                        C:\FPGAwork\PCBNo.10081\FPGA\RTL\SP0557.vhd (N/A, 2026-02-28 01:49:13) <-- (may instantiate this module)
                        C:\FPGAwork\PCBNo.10081\FPGA\RTL\SP0557\slv_clk_gen.vhd (N/A, 2026-02-28 01:49:13) <-- (architecture and entity definition)
150      work.slv_com_top.rtl may have changed because the following files changed:
                        C:\FPGAwork\PCBNo.10081\FPGA\RTL\SP0557.vhd (N/A, 2026-02-28 01:49:13) <-- (may instantiate this module)
                        C:\FPGAwork\PCBNo.10081\FPGA\RTL\SP0557\slv_com\slv_com_top.vhd (N/A, 2026-02-28 01:49:13) <-- (architecture and entity definition)
152      work.slv_ctrl_top.rtl may have changed because the following files changed:
                        C:\FPGAwork\PCBNo.10081\FPGA\RTL\SP0557.vhd (N/A, 2026-02-28 01:49:13) <-- (may instantiate this module)
                        C:\FPGAwork\PCBNo.10081\FPGA\RTL\SP0557\slv_com\slv_com_top.vhd (N/A, 2026-02-28 01:49:13) <-- (may instantiate this module)
                        C:\FPGAwork\PCBNo.10081\FPGA\RTL\SP0557\slv_com\slv_ctrl_top.vhd (N/A, 2026-03-01 00:39:53) <-- (architecture and entity definition)
154      work.slv_rx_ctrl.rtl may have changed because the following files changed:
                        C:\FPGAwork\PCBNo.10081\FPGA\RTL\SP0557.vhd (N/A, 2026-02-28 01:49:13) <-- (may instantiate this module)
                        C:\FPGAwork\PCBNo.10081\FPGA\RTL\SP0557\slv_com\slv_com_top.vhd (N/A, 2026-02-28 01:49:13) <-- (may instantiate this module)
                        C:\FPGAwork\PCBNo.10081\FPGA\RTL\SP0557\slv_com\slv_ctrl\slv_rx_ctrl.vhd (N/A, 2026-03-01 00:39:52) <-- (architecture and entity definition)
                        C:\FPGAwork\PCBNo.10081\FPGA\RTL\SP0557\slv_com\slv_ctrl_top.vhd (N/A, 2026-03-01 00:39:53) <-- (may instantiate this module)
156      work.slv_tx_ctrl.rtl may have changed because the following files changed:
                        C:\FPGAwork\PCBNo.10081\FPGA\RTL\SP0557.vhd (N/A, 2026-02-28 01:49:13) <-- (may instantiate this module)
                        C:\FPGAwork\PCBNo.10081\FPGA\RTL\SP0557\slv_com\slv_com_top.vhd (N/A, 2026-02-28 01:49:13) <-- (may instantiate this module)
                        C:\FPGAwork\PCBNo.10081\FPGA\RTL\SP0557\slv_com\slv_ctrl\slv_tx_ctrl.vhd (N/A, 2026-02-28 01:49:13) <-- (architecture and entity definition)
                        C:\FPGAwork\PCBNo.10081\FPGA\RTL\SP0557\slv_com\slv_ctrl_top.vhd (N/A, 2026-03-01 00:39:53) <-- (may instantiate this module)
158      work.slvadr_cnv.rtl may have changed because the following files changed:
                        C:\FPGAwork\PCBNo.10081\FPGA\RTL\SP0557.vhd (N/A, 2026-02-28 01:49:13) <-- (may instantiate this module)
                        C:\FPGAwork\PCBNo.10081\FPGA\RTL\SP0557\slv_com\slv_com_top.vhd (N/A, 2026-02-28 01:49:13) <-- (may instantiate this module)
                        C:\FPGAwork\PCBNo.10081\FPGA\RTL\SP0557\slv_com\slvadr_cnv.vhd (N/A, 2026-03-01 00:39:53) <-- (architecture and entity definition)
160      work.sp0557.rtl may have changed because the following files changed:
                        C:\FPGAwork\PCBNo.10081\FPGA\RTL\SP0557.vhd (N/A, 2026-02-28 01:49:13) <-- (architecture and entity definition)
162      work.sp_conv.rtl may have changed because the following files changed:
                        C:\FPGAwork\PCBNo.10081\FPGA\RTL\SP0557.vhd (N/A, 2026-02-28 01:49:13) <-- (may instantiate this module)
                        C:\FPGAwork\PCBNo.10081\FPGA\RTL\SP0557\sp_conv\sp_conv.vhd (N/A, 2026-02-28 01:49:13) <-- (architecture and entity definition)
164      work.spi_master2.rtl may have changed because the following files changed:
                        C:\FPGAwork\PCBNo.10081\FPGA\RTL\SP0557.vhd (N/A, 2026-02-28 01:49:13) <-- (may instantiate this module)
                        C:\FPGAwork\PCBNo.10081\FPGA\RTL\SP0557\sp_conv\SIO_ctrl2.vhd (N/A, 2026-02-28 01:49:13) <-- (may instantiate this module)
                        C:\FPGAwork\PCBNo.10081\FPGA\RTL\SP0557\sp_conv\SPI_master2.vhd (N/A, 2026-02-28 01:49:13) <-- (architecture and entity definition)
                        C:\FPGAwork\PCBNo.10081\FPGA\RTL\SP0557\sp_conv\sp_conv.vhd (N/A, 2026-02-28 01:49:13) <-- (may instantiate this module)
166      work.tlc5916_ctrl.rtl may have changed because the following files changed:
                        C:\FPGAwork\PCBNo.10081\FPGA\RTL\SP0557.vhd (N/A, 2026-02-28 01:49:13) <-- (may instantiate this module)
                        C:\FPGAwork\PCBNo.10081\FPGA\RTL\SP0557\LEDLT\LEDLT_TOP.vhd (N/A, 2026-03-01 00:39:52) <-- (may instantiate this module)
                        C:\FPGAwork\PCBNo.10081\FPGA\RTL\SP0557\LEDLT\TLC5916_CTRL.vhd (N/A, 2026-02-28 01:49:13) <-- (architecture and entity definition)
168      work.tx_com.rtl may have changed because the following files changed:
                        C:\FPGAwork\PCBNo.10081\FPGA\RTL\SP0557.vhd (N/A, 2026-02-28 01:49:13) <-- (may instantiate this module)
                        C:\FPGAwork\PCBNo.10081\FPGA\RTL\SP0557\slv_com\slv_com_top.vhd (N/A, 2026-02-28 01:49:13) <-- (may instantiate this module)
                        C:\FPGAwork\PCBNo.10081\FPGA\RTL\SP0557\slv_com\tx_com.vhd (N/A, 2026-02-28 01:49:13) <-- (architecture and entity definition)
170      work.tx_cont_b1.rtl may have changed because the following files changed:
                        C:\FPGAwork\PCBNo.10081\FPGA\RTL\SP0557.vhd (N/A, 2026-02-28 01:49:13) <-- (may instantiate this module)
                        C:\FPGAwork\PCBNo.10081\FPGA\RTL\SP0557\slv_com\slv_com_top.vhd (N/A, 2026-02-28 01:49:13) <-- (may instantiate this module)
                        C:\FPGAwork\PCBNo.10081\FPGA\RTL\SP0557\slv_com\tx_com.vhd (N/A, 2026-02-28 01:49:13) <-- (may instantiate this module)
                        C:\FPGAwork\PCBNo.10081\FPGA\RTL\SP0557\slv_com\tx_com\tx_cont_b1.vhd (N/A, 2026-02-28 01:49:13) <-- (architecture and entity definition)
172      work.tx_cont_b2.rtl may have changed because the following files changed:
                        C:\FPGAwork\PCBNo.10081\FPGA\RTL\SP0557.vhd (N/A, 2026-02-28 01:49:13) <-- (may instantiate this module)
                        C:\FPGAwork\PCBNo.10081\FPGA\RTL\SP0557\slv_com\slv_com_top.vhd (N/A, 2026-02-28 01:49:13) <-- (may instantiate this module)
                        C:\FPGAwork\PCBNo.10081\FPGA\RTL\SP0557\slv_com\tx_com.vhd (N/A, 2026-02-28 01:49:13) <-- (may instantiate this module)
                        C:\FPGAwork\PCBNo.10081\FPGA\RTL\SP0557\slv_com\tx_com\tx_cont_b2.vhd (N/A, 2026-02-28 01:49:13) <-- (architecture and entity definition)
174      work.tx_ctl_1st.rtl may have changed because the following files changed:
                        C:\FPGAwork\PCBNo.10081\FPGA\RTL\SP0557.vhd (N/A, 2026-02-28 01:49:13) <-- (may instantiate this module)
                        C:\FPGAwork\PCBNo.10081\FPGA\RTL\SP0557\slv_com\slv_com_top.vhd (N/A, 2026-02-28 01:49:13) <-- (may instantiate this module)
                        C:\FPGAwork\PCBNo.10081\FPGA\RTL\SP0557\slv_com\tx_com.vhd (N/A, 2026-02-28 01:49:13) <-- (may instantiate this module)
                        C:\FPGAwork\PCBNo.10081\FPGA\RTL\SP0557\slv_com\tx_com\tx_cont_b1.vhd (N/A, 2026-02-28 01:49:13) <-- (may instantiate this module)
                        C:\FPGAwork\PCBNo.10081\FPGA\RTL\SP0557\slv_com\tx_com\tx_ctl_1st.vhd (N/A, 2026-02-28 01:49:13) <-- (architecture and entity definition)
176      work.tx_ctl_3rd.rtl may have changed because the following files changed:
                        C:\FPGAwork\PCBNo.10081\FPGA\RTL\SP0557.vhd (N/A, 2026-02-28 01:49:13) <-- (may instantiate this module)
                        C:\FPGAwork\PCBNo.10081\FPGA\RTL\SP0557\slv_com\slv_com_top.vhd (N/A, 2026-02-28 01:49:13) <-- (may instantiate this module)
                        C:\FPGAwork\PCBNo.10081\FPGA\RTL\SP0557\slv_com\tx_com.vhd (N/A, 2026-02-28 01:49:13) <-- (may instantiate this module)
                        C:\FPGAwork\PCBNo.10081\FPGA\RTL\SP0557\slv_com\tx_com\tx_cont_b2.vhd (N/A, 2026-02-28 01:49:13) <-- (may instantiate this module)
                        C:\FPGAwork\PCBNo.10081\FPGA\RTL\SP0557\slv_com\tx_com\tx_ctl_3rd.vhd (N/A, 2026-02-28 01:49:13) <-- (architecture and entity definition)

*******************************************************************
Unmodified files: 13
FID:  path (timestamp)
373      C:\lscc\diamond\3.14\cae_library\synthesis\vhdl\ecp5u.vhd (2021-02-25 16:38:14)
374      C:\lscc\diamond\3.14\synpbase\lib\lucent\ecp5u.vhd (2024-08-23 05:48:19)
375      C:\lscc\diamond\3.14\synpbase\lib\vhd2008\arith.vhd (2024-09-24 08:33:34)
376      C:\lscc\diamond\3.14\synpbase\lib\vhd2008\location.map (2024-09-24 08:33:34)
377      C:\lscc\diamond\3.14\synpbase\lib\vhd2008\misc.vhd (2024-09-24 08:33:34)
378      C:\lscc\diamond\3.14\synpbase\lib\vhd2008\numeric.vhd (2024-09-24 08:33:34)
379      C:\lscc\diamond\3.14\synpbase\lib\vhd2008\std.vhd (2024-09-24 08:33:34)
380      C:\lscc\diamond\3.14\synpbase\lib\vhd2008\std1164.vhd (2024-09-24 08:33:34)
381      C:\lscc\diamond\3.14\synpbase\lib\vhd2008\std_textio.vhd (2024-09-24 08:33:34)
382      C:\lscc\diamond\3.14\synpbase\lib\vhd2008\unsigned.vhd (2024-09-24 08:33:34)
383      C:\lscc\diamond\3.14\synpbase\lib\vhd\hyperents.vhd (2024-09-24 08:33:34)
384      C:\lscc\diamond\3.14\synpbase\lib\vhd\snps_haps_pkg.vhd (2024-09-24 08:33:34)
385      C:\lscc\diamond\3.14\synpbase\lib\vhd\umr_capim.vhd (2024-09-24 08:33:34)

*******************************************************************
Unchanged modules: 0
MID:  lib.cell.view
